<!doctype html public "-//w3c//dtd html 4.0 transitional//en">
<html><head>
<title>Static Call Graph - [.\Objects\SIM\cs_timer_irq.axf]</title></head>
<body><HR>
<H1>Static Call Graph for image .\Objects\SIM\cs_timer_irq.axf</H1><HR>
<BR><P>#&#060CALLGRAPH&#062# ARM Linker, 5060750: Last Updated: Thu Mar 11 16:20:44 2021
<BR><P>
<H3>Maximum Stack Usage =        136 bytes + Unknown(Functions without stacksize, Cycles, Untraceable Function Pointers)</H3><H3>
Call chain for Maximum Stack Depth:</H3>
__rt_entry_main &rArr; main &rArr; ae_init &rArr; ae_set_proc_info
<P>
<H3>
Functions with no stack information
</H3><UL>
 <LI><a href="#[55]">__user_initial_stackheap</a>
</UL>
</UL>
<P>
<H3>
Mutually Recursive functions
</H3> <LI><a href="#[5]">NMI_Handler</a>&nbsp;&nbsp;&nbsp;&rArr;&nbsp;&nbsp;&nbsp;<a href="#[5]">NMI_Handler</a><BR>
 <LI><a href="#[6]">HardFault_Handler</a>&nbsp;&nbsp;&nbsp;&rArr;&nbsp;&nbsp;&nbsp;<a href="#[6]">HardFault_Handler</a><BR>
 <LI><a href="#[7]">MemManage_Handler</a>&nbsp;&nbsp;&nbsp;&rArr;&nbsp;&nbsp;&nbsp;<a href="#[7]">MemManage_Handler</a><BR>
 <LI><a href="#[8]">BusFault_Handler</a>&nbsp;&nbsp;&nbsp;&rArr;&nbsp;&nbsp;&nbsp;<a href="#[8]">BusFault_Handler</a><BR>
 <LI><a href="#[9]">UsageFault_Handler</a>&nbsp;&nbsp;&nbsp;&rArr;&nbsp;&nbsp;&nbsp;<a href="#[9]">UsageFault_Handler</a><BR>
 <LI><a href="#[b]">DebugMon_Handler</a>&nbsp;&nbsp;&nbsp;&rArr;&nbsp;&nbsp;&nbsp;<a href="#[b]">DebugMon_Handler</a><BR>
 <LI><a href="#[c]">PendSV_Handler</a>&nbsp;&nbsp;&nbsp;&rArr;&nbsp;&nbsp;&nbsp;<a href="#[c]">PendSV_Handler</a><BR>
 <LI><a href="#[d]">SysTick_Handler</a>&nbsp;&nbsp;&nbsp;&rArr;&nbsp;&nbsp;&nbsp;<a href="#[d]">SysTick_Handler</a><BR>
 <LI><a href="#[24]">ADC_IRQHandler</a>&nbsp;&nbsp;&nbsp;&rArr;&nbsp;&nbsp;&nbsp;<a href="#[24]">ADC_IRQHandler</a><BR>
</UL>
<P>
<H3>
Function Pointers
</H3><UL>
 <LI><a href="#[24]">ADC_IRQHandler</a> from startup_lpc17xx.o(.text) referenced from startup_lpc17xx.o(RESET)
 <LI><a href="#[25]">BOD_IRQHandler</a> from startup_lpc17xx.o(.text) referenced from startup_lpc17xx.o(RESET)
 <LI><a href="#[8]">BusFault_Handler</a> from startup_lpc17xx.o(.text) referenced from startup_lpc17xx.o(RESET)
 <LI><a href="#[30]">CANActivity_IRQHandler</a> from startup_lpc17xx.o(.text) referenced from startup_lpc17xx.o(RESET)
 <LI><a href="#[27]">CAN_IRQHandler</a> from startup_lpc17xx.o(.text) referenced from startup_lpc17xx.o(RESET)
 <LI><a href="#[28]">DMA_IRQHandler</a> from startup_lpc17xx.o(.text) referenced from startup_lpc17xx.o(RESET)
 <LI><a href="#[b]">DebugMon_Handler</a> from startup_lpc17xx.o(.text) referenced from startup_lpc17xx.o(RESET)
 <LI><a href="#[20]">EINT0_IRQHandler</a> from startup_lpc17xx.o(.text) referenced from startup_lpc17xx.o(RESET)
 <LI><a href="#[21]">EINT1_IRQHandler</a> from startup_lpc17xx.o(.text) referenced from startup_lpc17xx.o(RESET)
 <LI><a href="#[22]">EINT2_IRQHandler</a> from startup_lpc17xx.o(.text) referenced from startup_lpc17xx.o(RESET)
 <LI><a href="#[23]">EINT3_IRQHandler</a> from startup_lpc17xx.o(.text) referenced from startup_lpc17xx.o(RESET)
 <LI><a href="#[2a]">ENET_IRQHandler</a> from startup_lpc17xx.o(.text) referenced from startup_lpc17xx.o(RESET)
 <LI><a href="#[6]">HardFault_Handler</a> from startup_lpc17xx.o(.text) referenced from startup_lpc17xx.o(RESET)
 <LI><a href="#[18]">I2C0_IRQHandler</a> from startup_lpc17xx.o(.text) referenced from startup_lpc17xx.o(RESET)
 <LI><a href="#[19]">I2C1_IRQHandler</a> from startup_lpc17xx.o(.text) referenced from startup_lpc17xx.o(RESET)
 <LI><a href="#[1a]">I2C2_IRQHandler</a> from startup_lpc17xx.o(.text) referenced from startup_lpc17xx.o(RESET)
 <LI><a href="#[29]">I2S_IRQHandler</a> from startup_lpc17xx.o(.text) referenced from startup_lpc17xx.o(RESET)
 <LI><a href="#[2c]">MCPWM_IRQHandler</a> from startup_lpc17xx.o(.text) referenced from startup_lpc17xx.o(RESET)
 <LI><a href="#[7]">MemManage_Handler</a> from startup_lpc17xx.o(.text) referenced from startup_lpc17xx.o(RESET)
 <LI><a href="#[5]">NMI_Handler</a> from startup_lpc17xx.o(.text) referenced from startup_lpc17xx.o(RESET)
 <LI><a href="#[1e]">PLL0_IRQHandler</a> from startup_lpc17xx.o(.text) referenced from startup_lpc17xx.o(RESET)
 <LI><a href="#[2e]">PLL1_IRQHandler</a> from startup_lpc17xx.o(.text) referenced from startup_lpc17xx.o(RESET)
 <LI><a href="#[17]">PWM1_IRQHandler</a> from startup_lpc17xx.o(.text) referenced from startup_lpc17xx.o(RESET)
 <LI><a href="#[c]">PendSV_Handler</a> from startup_lpc17xx.o(.text) referenced from startup_lpc17xx.o(RESET)
 <LI><a href="#[2d]">QEI_IRQHandler</a> from startup_lpc17xx.o(.text) referenced from startup_lpc17xx.o(RESET)
 <LI><a href="#[2b]">RIT_IRQHandler</a> from startup_lpc17xx.o(.text) referenced from startup_lpc17xx.o(RESET)
 <LI><a href="#[1f]">RTC_IRQHandler</a> from startup_lpc17xx.o(.text) referenced from startup_lpc17xx.o(RESET)
 <LI><a href="#[4]">Reset_Handler</a> from startup_lpc17xx.o(.text) referenced from startup_lpc17xx.o(RESET)
 <LI><a href="#[1b]">SPI_IRQHandler</a> from startup_lpc17xx.o(.text) referenced from startup_lpc17xx.o(RESET)
 <LI><a href="#[1c]">SSP0_IRQHandler</a> from startup_lpc17xx.o(.text) referenced from startup_lpc17xx.o(RESET)
 <LI><a href="#[1d]">SSP1_IRQHandler</a> from startup_lpc17xx.o(.text) referenced from startup_lpc17xx.o(RESET)
 <LI><a href="#[a]">SVC_Handler</a> from hal.o(.emb_text) referenced from startup_lpc17xx.o(RESET)
 <LI><a href="#[d]">SysTick_Handler</a> from startup_lpc17xx.o(.text) referenced from startup_lpc17xx.o(RESET)
 <LI><a href="#[31]">SystemInit</a> from system_lpc17xx.o(i.SystemInit) referenced from startup_lpc17xx.o(.text)
 <LI><a href="#[f]">TIMER0_IRQHandler</a> from timer.o(.emb_text) referenced from startup_lpc17xx.o(RESET)
 <LI><a href="#[10]">TIMER1_IRQHandler</a> from startup_lpc17xx.o(.text) referenced from startup_lpc17xx.o(RESET)
 <LI><a href="#[11]">TIMER2_IRQHandler</a> from startup_lpc17xx.o(.text) referenced from startup_lpc17xx.o(RESET)
 <LI><a href="#[12]">TIMER3_IRQHandler</a> from startup_lpc17xx.o(.text) referenced from startup_lpc17xx.o(RESET)
 <LI><a href="#[13]">UART0_IRQHandler</a> from startup_lpc17xx.o(.text) referenced from startup_lpc17xx.o(RESET)
 <LI><a href="#[14]">UART1_IRQHandler</a> from startup_lpc17xx.o(.text) referenced from startup_lpc17xx.o(RESET)
 <LI><a href="#[15]">UART2_IRQHandler</a> from startup_lpc17xx.o(.text) referenced from startup_lpc17xx.o(RESET)
 <LI><a href="#[16]">UART3_IRQHandler</a> from startup_lpc17xx.o(.text) referenced from startup_lpc17xx.o(RESET)
 <LI><a href="#[2f]">USBActivity_IRQHandler</a> from startup_lpc17xx.o(.text) referenced from startup_lpc17xx.o(RESET)
 <LI><a href="#[26]">USB_IRQHandler</a> from startup_lpc17xx.o(.text) referenced from startup_lpc17xx.o(RESET)
 <LI><a href="#[9]">UsageFault_Handler</a> from startup_lpc17xx.o(.text) referenced from startup_lpc17xx.o(RESET)
 <LI><a href="#[e]">WDT_IRQHandler</a> from startup_lpc17xx.o(.text) referenced from startup_lpc17xx.o(RESET)
 <LI><a href="#[42]">__main</a> from __main.o(!!!main) referenced from startup_lpc17xx.o(.text)
 <LI><a href="#[3e]">k_delayed_send</a> from k_msg.o(i.k_delayed_send) referenced from ae_proc_08.o(i.proc2)
 <LI><a href="#[3e]">k_delayed_send</a> from k_msg.o(i.k_delayed_send) referenced from ae_proc_08.o(i.proc3)
 <LI><a href="#[3c]">k_receive_message</a> from k_msg.o(i.k_receive_message) referenced from ae_proc_08.o(i.proc1)
 <LI><a href="#[3c]">k_receive_message</a> from k_msg.o(i.k_receive_message) referenced from ae_proc_08.o(i.proc2)
 <LI><a href="#[40]">k_release_processor</a> from k_process.o(i.k_release_processor) referenced from ae_proc_08.o(i.proc5)
 <LI><a href="#[40]">k_release_processor</a> from k_process.o(i.k_release_processor) referenced from ae_proc_08.o(i.proc6)
 <LI><a href="#[3f]">k_request_memory_block</a> from k_memory.o(i.k_request_memory_block) referenced from ae_proc_08.o(i.proc3)
 <LI><a href="#[3b]">k_rtx_init</a> from k_rtx_init.o(i.k_rtx_init) referenced from main_svc.o(i.main)
 <LI><a href="#[3d]">k_set_process_priority</a> from k_process.o(i.k_set_process_priority) referenced from ae_proc_08.o(i.proc1)
 <LI><a href="#[41]">nullProc</a> from k_sys_procs.o(i.nullProc) referenced from k_process.o(i.process_init)
 <LI><a href="#[3a]">pre_rtx_init</a> from main_svc.o(i.pre_rtx_init) referenced from main_svc.o(i.main)
 <LI><a href="#[33]">proc1</a> from ae_proc_08.o(i.proc1) referenced from ae08.o(i.ae_set_proc_info)
 <LI><a href="#[34]">proc2</a> from ae_proc_08.o(i.proc2) referenced from ae08.o(i.ae_set_proc_info)
 <LI><a href="#[35]">proc3</a> from ae_proc_08.o(i.proc3) referenced from ae08.o(i.ae_set_proc_info)
 <LI><a href="#[36]">proc4</a> from ae_proc_08.o(i.proc4) referenced from ae08.o(i.ae_set_proc_info)
 <LI><a href="#[37]">proc5</a> from ae_proc_08.o(i.proc5) referenced from ae08.o(i.ae_set_proc_info)
 <LI><a href="#[38]">proc6</a> from ae_proc_08.o(i.proc6) referenced from ae08.o(i.ae_set_proc_info)
 <LI><a href="#[39]">putc</a> from uart_polling.o(i.putc) referenced from main_svc.o(i.main)
</UL>
<P>
<H3>
Global Symbols
</H3>
<P><STRONG><a name="[42]"></a>__main</STRONG> (Thumb, 8 bytes, Stack size 0 bytes, __main.o(!!!main))
<BR><BR>[Calls]<UL><LI><a href="#[43]">&gt;&gt;</a>&nbsp;&nbsp;&nbsp;__scatterload
<LI><a href="#[44]">&gt;&gt;</a>&nbsp;&nbsp;&nbsp;__rt_entry
</UL>

<P><STRONG><a name="[43]"></a>__scatterload</STRONG> (Thumb, 0 bytes, Stack size unknown bytes, __scatter.o(!!!scatter))
<BR><BR>[Called By]<UL><LI><a href="#[42]">&gt;&gt;</a>&nbsp;&nbsp;&nbsp;__main
</UL>

<P><STRONG><a name="[45]"></a>__scatterload_rt2</STRONG> (Thumb, 44 bytes, Stack size unknown bytes, __scatter.o(!!!scatter), UNUSED)
<BR><BR>[Calls]<UL><LI><a href="#[44]">&gt;&gt;</a>&nbsp;&nbsp;&nbsp;__rt_entry
</UL>

<P><STRONG><a name="[7d]"></a>__scatterload_rt2_thumb_only</STRONG> (Thumb, 0 bytes, Stack size unknown bytes, __scatter.o(!!!scatter), UNUSED)

<P><STRONG><a name="[7e]"></a>__scatterload_null</STRONG> (Thumb, 0 bytes, Stack size unknown bytes, __scatter.o(!!!scatter), UNUSED)

<P><STRONG><a name="[46]"></a>__scatterload_copy</STRONG> (Thumb, 26 bytes, Stack size unknown bytes, __scatter_copy.o(!!handler_copy), UNUSED)
<BR><BR>[Calls]<UL><LI><a href="#[46]">&gt;&gt;</a>&nbsp;&nbsp;&nbsp;__scatterload_copy
</UL>
<BR>[Called By]<UL><LI><a href="#[46]">&gt;&gt;</a>&nbsp;&nbsp;&nbsp;__scatterload_copy
</UL>

<P><STRONG><a name="[7f]"></a>__scatterload_zeroinit</STRONG> (Thumb, 28 bytes, Stack size unknown bytes, __scatter_zi.o(!!handler_zi), UNUSED)

<P><STRONG><a name="[4a]"></a>__rt_lib_init</STRONG> (Thumb, 0 bytes, Stack size unknown bytes, libinit.o(.ARM.Collect$$libinit$$00000000))
<BR><BR>[Called By]<UL><LI><a href="#[49]">&gt;&gt;</a>&nbsp;&nbsp;&nbsp;__rt_entry_li
</UL>

<P><STRONG><a name="[80]"></a>__rt_lib_init_alloca_1</STRONG> (Thumb, 0 bytes, Stack size unknown bytes, libinit2.o(.ARM.Collect$$libinit$$0000002E))

<P><STRONG><a name="[81]"></a>__rt_lib_init_argv_1</STRONG> (Thumb, 0 bytes, Stack size unknown bytes, libinit2.o(.ARM.Collect$$libinit$$0000002C))

<P><STRONG><a name="[82]"></a>__rt_lib_init_atexit_1</STRONG> (Thumb, 0 bytes, Stack size unknown bytes, libinit2.o(.ARM.Collect$$libinit$$0000001B))

<P><STRONG><a name="[83]"></a>__rt_lib_init_clock_1</STRONG> (Thumb, 0 bytes, Stack size unknown bytes, libinit2.o(.ARM.Collect$$libinit$$00000021))

<P><STRONG><a name="[84]"></a>__rt_lib_init_cpp_1</STRONG> (Thumb, 0 bytes, Stack size unknown bytes, libinit2.o(.ARM.Collect$$libinit$$00000032))

<P><STRONG><a name="[85]"></a>__rt_lib_init_exceptions_1</STRONG> (Thumb, 0 bytes, Stack size unknown bytes, libinit2.o(.ARM.Collect$$libinit$$00000030))

<P><STRONG><a name="[86]"></a>__rt_lib_init_fp_1</STRONG> (Thumb, 0 bytes, Stack size unknown bytes, libinit2.o(.ARM.Collect$$libinit$$00000002))

<P><STRONG><a name="[87]"></a>__rt_lib_init_fp_trap_1</STRONG> (Thumb, 0 bytes, Stack size unknown bytes, libinit2.o(.ARM.Collect$$libinit$$0000001F))

<P><STRONG><a name="[88]"></a>__rt_lib_init_getenv_1</STRONG> (Thumb, 0 bytes, Stack size unknown bytes, libinit2.o(.ARM.Collect$$libinit$$00000023))

<P><STRONG><a name="[89]"></a>__rt_lib_init_heap_1</STRONG> (Thumb, 0 bytes, Stack size unknown bytes, libinit2.o(.ARM.Collect$$libinit$$0000000A))

<P><STRONG><a name="[8a]"></a>__rt_lib_init_lc_collate_1</STRONG> (Thumb, 0 bytes, Stack size unknown bytes, libinit2.o(.ARM.Collect$$libinit$$00000011))

<P><STRONG><a name="[8b]"></a>__rt_lib_init_lc_ctype_1</STRONG> (Thumb, 0 bytes, Stack size unknown bytes, libinit2.o(.ARM.Collect$$libinit$$00000013))

<P><STRONG><a name="[8c]"></a>__rt_lib_init_lc_monetary_1</STRONG> (Thumb, 0 bytes, Stack size unknown bytes, libinit2.o(.ARM.Collect$$libinit$$00000015))

<P><STRONG><a name="[8d]"></a>__rt_lib_init_lc_numeric_1</STRONG> (Thumb, 0 bytes, Stack size unknown bytes, libinit2.o(.ARM.Collect$$libinit$$00000017))

<P><STRONG><a name="[8e]"></a>__rt_lib_init_lc_time_1</STRONG> (Thumb, 0 bytes, Stack size unknown bytes, libinit2.o(.ARM.Collect$$libinit$$00000019))

<P><STRONG><a name="[8f]"></a>__rt_lib_init_preinit_1</STRONG> (Thumb, 0 bytes, Stack size unknown bytes, libinit2.o(.ARM.Collect$$libinit$$00000004))

<P><STRONG><a name="[90]"></a>__rt_lib_init_rand_1</STRONG> (Thumb, 0 bytes, Stack size unknown bytes, libinit2.o(.ARM.Collect$$libinit$$0000000E))

<P><STRONG><a name="[91]"></a>__rt_lib_init_return</STRONG> (Thumb, 0 bytes, Stack size unknown bytes, libinit2.o(.ARM.Collect$$libinit$$00000033))

<P><STRONG><a name="[92]"></a>__rt_lib_init_signal_1</STRONG> (Thumb, 0 bytes, Stack size unknown bytes, libinit2.o(.ARM.Collect$$libinit$$0000001D))

<P><STRONG><a name="[93]"></a>__rt_lib_init_stdio_1</STRONG> (Thumb, 0 bytes, Stack size unknown bytes, libinit2.o(.ARM.Collect$$libinit$$00000025))

<P><STRONG><a name="[94]"></a>__rt_lib_init_user_alloc_1</STRONG> (Thumb, 0 bytes, Stack size unknown bytes, libinit2.o(.ARM.Collect$$libinit$$0000000C))

<P><STRONG><a name="[4f]"></a>__rt_lib_shutdown</STRONG> (Thumb, 0 bytes, Stack size unknown bytes, libshutdown.o(.ARM.Collect$$libshutdown$$00000000))
<BR><BR>[Called By]<UL><LI><a href="#[4e]">&gt;&gt;</a>&nbsp;&nbsp;&nbsp;__rt_exit_ls
</UL>

<P><STRONG><a name="[95]"></a>__rt_lib_shutdown_cpp_1</STRONG> (Thumb, 0 bytes, Stack size unknown bytes, libshutdown2.o(.ARM.Collect$$libshutdown$$00000002))

<P><STRONG><a name="[96]"></a>__rt_lib_shutdown_fp_trap_1</STRONG> (Thumb, 0 bytes, Stack size unknown bytes, libshutdown2.o(.ARM.Collect$$libshutdown$$00000007))

<P><STRONG><a name="[97]"></a>__rt_lib_shutdown_heap_1</STRONG> (Thumb, 0 bytes, Stack size unknown bytes, libshutdown2.o(.ARM.Collect$$libshutdown$$0000000F))

<P><STRONG><a name="[98]"></a>__rt_lib_shutdown_return</STRONG> (Thumb, 0 bytes, Stack size unknown bytes, libshutdown2.o(.ARM.Collect$$libshutdown$$00000010))

<P><STRONG><a name="[99]"></a>__rt_lib_shutdown_signal_1</STRONG> (Thumb, 0 bytes, Stack size unknown bytes, libshutdown2.o(.ARM.Collect$$libshutdown$$0000000A))

<P><STRONG><a name="[9a]"></a>__rt_lib_shutdown_stdio_1</STRONG> (Thumb, 0 bytes, Stack size unknown bytes, libshutdown2.o(.ARM.Collect$$libshutdown$$00000004))

<P><STRONG><a name="[9b]"></a>__rt_lib_shutdown_user_alloc_1</STRONG> (Thumb, 0 bytes, Stack size unknown bytes, libshutdown2.o(.ARM.Collect$$libshutdown$$0000000C))

<P><STRONG><a name="[44]"></a>__rt_entry</STRONG> (Thumb, 0 bytes, Stack size unknown bytes, __rtentry.o(.ARM.Collect$$rtentry$$00000000))
<BR><BR>[Called By]<UL><LI><a href="#[45]">&gt;&gt;</a>&nbsp;&nbsp;&nbsp;__scatterload_rt2
<LI><a href="#[42]">&gt;&gt;</a>&nbsp;&nbsp;&nbsp;__main
</UL>

<P><STRONG><a name="[9c]"></a>__rt_entry_presh_1</STRONG> (Thumb, 0 bytes, Stack size unknown bytes, __rtentry2.o(.ARM.Collect$$rtentry$$00000002))

<P><STRONG><a name="[47]"></a>__rt_entry_sh</STRONG> (Thumb, 0 bytes, Stack size unknown bytes, __rtentry4.o(.ARM.Collect$$rtentry$$00000004))
<BR><BR>[Stack]<UL><LI>Max Depth = 8 + Unknown Stack Size
<LI>Call Chain = __rt_entry_sh &rArr; __user_setup_stackheap
</UL>
<BR>[Calls]<UL><LI><a href="#[48]">&gt;&gt;</a>&nbsp;&nbsp;&nbsp;__user_setup_stackheap
</UL>

<P><STRONG><a name="[49]"></a>__rt_entry_li</STRONG> (Thumb, 0 bytes, Stack size unknown bytes, __rtentry2.o(.ARM.Collect$$rtentry$$0000000A))
<BR><BR>[Calls]<UL><LI><a href="#[4a]">&gt;&gt;</a>&nbsp;&nbsp;&nbsp;__rt_lib_init
</UL>

<P><STRONG><a name="[9d]"></a>__rt_entry_postsh_1</STRONG> (Thumb, 0 bytes, Stack size unknown bytes, __rtentry2.o(.ARM.Collect$$rtentry$$00000009))

<P><STRONG><a name="[4b]"></a>__rt_entry_main</STRONG> (Thumb, 0 bytes, Stack size unknown bytes, __rtentry2.o(.ARM.Collect$$rtentry$$0000000D))
<BR><BR>[Stack]<UL><LI>Max Depth = 136 + Unknown Stack Size
<LI>Call Chain = __rt_entry_main &rArr; main &rArr; ae_init &rArr; ae_set_proc_info
</UL>
<BR>[Calls]<UL><LI><a href="#[4c]">&gt;&gt;</a>&nbsp;&nbsp;&nbsp;main
<LI><a href="#[4d]">&gt;&gt;</a>&nbsp;&nbsp;&nbsp;exit
</UL>

<P><STRONG><a name="[9e]"></a>__rt_entry_postli_1</STRONG> (Thumb, 0 bytes, Stack size unknown bytes, __rtentry2.o(.ARM.Collect$$rtentry$$0000000C))

<P><STRONG><a name="[56]"></a>__rt_exit</STRONG> (Thumb, 0 bytes, Stack size unknown bytes, rtexit.o(.ARM.Collect$$rtexit$$00000000))
<BR><BR>[Called By]<UL><LI><a href="#[4d]">&gt;&gt;</a>&nbsp;&nbsp;&nbsp;exit
</UL>

<P><STRONG><a name="[4e]"></a>__rt_exit_ls</STRONG> (Thumb, 0 bytes, Stack size unknown bytes, rtexit2.o(.ARM.Collect$$rtexit$$00000003))
<BR><BR>[Calls]<UL><LI><a href="#[4f]">&gt;&gt;</a>&nbsp;&nbsp;&nbsp;__rt_lib_shutdown
</UL>

<P><STRONG><a name="[9f]"></a>__rt_exit_prels_1</STRONG> (Thumb, 0 bytes, Stack size unknown bytes, rtexit2.o(.ARM.Collect$$rtexit$$00000002))

<P><STRONG><a name="[50]"></a>__rt_exit_exit</STRONG> (Thumb, 0 bytes, Stack size unknown bytes, rtexit2.o(.ARM.Collect$$rtexit$$00000004))
<BR><BR>[Calls]<UL><LI><a href="#[51]">&gt;&gt;</a>&nbsp;&nbsp;&nbsp;_sys_exit
</UL>

<P><STRONG><a name="[7b]"></a>__rte</STRONG> (Thumb, 8 bytes, Stack size 0 bytes, hal.o(.emb_text))
<BR><BR>[Called By]<UL><LI><a href="#[5e]">&gt;&gt;</a>&nbsp;&nbsp;&nbsp;process_switch
</UL>

<P><STRONG><a name="[a]"></a>SVC_Handler</STRONG> (Thumb, 44 bytes, Stack size 0 bytes, hal.o(.emb_text))
<BR>[Address Reference Count : 1]<UL><LI> startup_lpc17xx.o(RESET)
</UL>
<P><STRONG><a name="[f]"></a>TIMER0_IRQHandler</STRONG> (Thumb, 80 bytes, Stack size 0 bytes, timer.o(.emb_text))
<BR><BR>[Stack]<UL><LI>Max Depth = 80<LI>Call Chain = TIMER0_IRQHandler &rArr; timer0_iproc &rArr; timerIProc &rArr; k_send_message &rArr; process_switch &rArr; pq_remove_by_pid
</UL>
<BR>[Calls]<UL><LI><a href="#[52]">&gt;&gt;</a>&nbsp;&nbsp;&nbsp;timer0_iproc
<LI><a href="#[53]">&gt;&gt;</a>&nbsp;&nbsp;&nbsp;k_run_new_process
</UL>
<BR>[Address Reference Count : 1]<UL><LI> startup_lpc17xx.o(RESET)
</UL>
<P><STRONG><a name="[4]"></a>Reset_Handler</STRONG> (Thumb, 8 bytes, Stack size 0 bytes, startup_lpc17xx.o(.text))
<BR>[Address Reference Count : 1]<UL><LI> startup_lpc17xx.o(RESET)
</UL>
<P><STRONG><a name="[5]"></a>NMI_Handler</STRONG> (Thumb, 2 bytes, Stack size 0 bytes, startup_lpc17xx.o(.text))
<BR><BR>[Calls]<UL><LI><a href="#[5]">&gt;&gt;</a>&nbsp;&nbsp;&nbsp;NMI_Handler
</UL>
<BR>[Called By]<UL><LI><a href="#[5]">&gt;&gt;</a>&nbsp;&nbsp;&nbsp;NMI_Handler
</UL>
<BR>[Address Reference Count : 1]<UL><LI> startup_lpc17xx.o(RESET)
</UL>
<P><STRONG><a name="[6]"></a>HardFault_Handler</STRONG> (Thumb, 2 bytes, Stack size 0 bytes, startup_lpc17xx.o(.text))
<BR><BR>[Calls]<UL><LI><a href="#[6]">&gt;&gt;</a>&nbsp;&nbsp;&nbsp;HardFault_Handler
</UL>
<BR>[Called By]<UL><LI><a href="#[6]">&gt;&gt;</a>&nbsp;&nbsp;&nbsp;HardFault_Handler
</UL>
<BR>[Address Reference Count : 1]<UL><LI> startup_lpc17xx.o(RESET)
</UL>
<P><STRONG><a name="[7]"></a>MemManage_Handler</STRONG> (Thumb, 2 bytes, Stack size 0 bytes, startup_lpc17xx.o(.text))
<BR><BR>[Calls]<UL><LI><a href="#[7]">&gt;&gt;</a>&nbsp;&nbsp;&nbsp;MemManage_Handler
</UL>
<BR>[Called By]<UL><LI><a href="#[7]">&gt;&gt;</a>&nbsp;&nbsp;&nbsp;MemManage_Handler
</UL>
<BR>[Address Reference Count : 1]<UL><LI> startup_lpc17xx.o(RESET)
</UL>
<P><STRONG><a name="[8]"></a>BusFault_Handler</STRONG> (Thumb, 2 bytes, Stack size 0 bytes, startup_lpc17xx.o(.text))
<BR><BR>[Calls]<UL><LI><a href="#[8]">&gt;&gt;</a>&nbsp;&nbsp;&nbsp;BusFault_Handler
</UL>
<BR>[Called By]<UL><LI><a href="#[8]">&gt;&gt;</a>&nbsp;&nbsp;&nbsp;BusFault_Handler
</UL>
<BR>[Address Reference Count : 1]<UL><LI> startup_lpc17xx.o(RESET)
</UL>
<P><STRONG><a name="[9]"></a>UsageFault_Handler</STRONG> (Thumb, 2 bytes, Stack size 0 bytes, startup_lpc17xx.o(.text))
<BR><BR>[Calls]<UL><LI><a href="#[9]">&gt;&gt;</a>&nbsp;&nbsp;&nbsp;UsageFault_Handler
</UL>
<BR>[Called By]<UL><LI><a href="#[9]">&gt;&gt;</a>&nbsp;&nbsp;&nbsp;UsageFault_Handler
</UL>
<BR>[Address Reference Count : 1]<UL><LI> startup_lpc17xx.o(RESET)
</UL>
<P><STRONG><a name="[b]"></a>DebugMon_Handler</STRONG> (Thumb, 2 bytes, Stack size 0 bytes, startup_lpc17xx.o(.text))
<BR><BR>[Calls]<UL><LI><a href="#[b]">&gt;&gt;</a>&nbsp;&nbsp;&nbsp;DebugMon_Handler
</UL>
<BR>[Called By]<UL><LI><a href="#[b]">&gt;&gt;</a>&nbsp;&nbsp;&nbsp;DebugMon_Handler
</UL>
<BR>[Address Reference Count : 1]<UL><LI> startup_lpc17xx.o(RESET)
</UL>
<P><STRONG><a name="[c]"></a>PendSV_Handler</STRONG> (Thumb, 2 bytes, Stack size 0 bytes, startup_lpc17xx.o(.text))
<BR><BR>[Calls]<UL><LI><a href="#[c]">&gt;&gt;</a>&nbsp;&nbsp;&nbsp;PendSV_Handler
</UL>
<BR>[Called By]<UL><LI><a href="#[c]">&gt;&gt;</a>&nbsp;&nbsp;&nbsp;PendSV_Handler
</UL>
<BR>[Address Reference Count : 1]<UL><LI> startup_lpc17xx.o(RESET)
</UL>
<P><STRONG><a name="[d]"></a>SysTick_Handler</STRONG> (Thumb, 2 bytes, Stack size 0 bytes, startup_lpc17xx.o(.text))
<BR><BR>[Calls]<UL><LI><a href="#[d]">&gt;&gt;</a>&nbsp;&nbsp;&nbsp;SysTick_Handler
</UL>
<BR>[Called By]<UL><LI><a href="#[d]">&gt;&gt;</a>&nbsp;&nbsp;&nbsp;SysTick_Handler
</UL>
<BR>[Address Reference Count : 1]<UL><LI> startup_lpc17xx.o(RESET)
</UL>
<P><STRONG><a name="[24]"></a>ADC_IRQHandler</STRONG> (Thumb, 0 bytes, Stack size 0 bytes, startup_lpc17xx.o(.text))
<BR><BR>[Calls]<UL><LI><a href="#[24]">&gt;&gt;</a>&nbsp;&nbsp;&nbsp;ADC_IRQHandler
</UL>
<BR>[Called By]<UL><LI><a href="#[24]">&gt;&gt;</a>&nbsp;&nbsp;&nbsp;ADC_IRQHandler
</UL>
<BR>[Address Reference Count : 1]<UL><LI> startup_lpc17xx.o(RESET)
</UL>
<P><STRONG><a name="[25]"></a>BOD_IRQHandler</STRONG> (Thumb, 0 bytes, Stack size 0 bytes, startup_lpc17xx.o(.text))
<BR>[Address Reference Count : 1]<UL><LI> startup_lpc17xx.o(RESET)
</UL>
<P><STRONG><a name="[30]"></a>CANActivity_IRQHandler</STRONG> (Thumb, 0 bytes, Stack size 0 bytes, startup_lpc17xx.o(.text))
<BR>[Address Reference Count : 1]<UL><LI> startup_lpc17xx.o(RESET)
</UL>
<P><STRONG><a name="[27]"></a>CAN_IRQHandler</STRONG> (Thumb, 0 bytes, Stack size 0 bytes, startup_lpc17xx.o(.text))
<BR>[Address Reference Count : 1]<UL><LI> startup_lpc17xx.o(RESET)
</UL>
<P><STRONG><a name="[28]"></a>DMA_IRQHandler</STRONG> (Thumb, 0 bytes, Stack size 0 bytes, startup_lpc17xx.o(.text))
<BR>[Address Reference Count : 1]<UL><LI> startup_lpc17xx.o(RESET)
</UL>
<P><STRONG><a name="[20]"></a>EINT0_IRQHandler</STRONG> (Thumb, 0 bytes, Stack size 0 bytes, startup_lpc17xx.o(.text))
<BR>[Address Reference Count : 1]<UL><LI> startup_lpc17xx.o(RESET)
</UL>
<P><STRONG><a name="[21]"></a>EINT1_IRQHandler</STRONG> (Thumb, 0 bytes, Stack size 0 bytes, startup_lpc17xx.o(.text))
<BR>[Address Reference Count : 1]<UL><LI> startup_lpc17xx.o(RESET)
</UL>
<P><STRONG><a name="[22]"></a>EINT2_IRQHandler</STRONG> (Thumb, 0 bytes, Stack size 0 bytes, startup_lpc17xx.o(.text))
<BR>[Address Reference Count : 1]<UL><LI> startup_lpc17xx.o(RESET)
</UL>
<P><STRONG><a name="[23]"></a>EINT3_IRQHandler</STRONG> (Thumb, 0 bytes, Stack size 0 bytes, startup_lpc17xx.o(.text))
<BR>[Address Reference Count : 1]<UL><LI> startup_lpc17xx.o(RESET)
</UL>
<P><STRONG><a name="[2a]"></a>ENET_IRQHandler</STRONG> (Thumb, 0 bytes, Stack size 0 bytes, startup_lpc17xx.o(.text))
<BR>[Address Reference Count : 1]<UL><LI> startup_lpc17xx.o(RESET)
</UL>
<P><STRONG><a name="[18]"></a>I2C0_IRQHandler</STRONG> (Thumb, 0 bytes, Stack size 0 bytes, startup_lpc17xx.o(.text))
<BR>[Address Reference Count : 1]<UL><LI> startup_lpc17xx.o(RESET)
</UL>
<P><STRONG><a name="[19]"></a>I2C1_IRQHandler</STRONG> (Thumb, 0 bytes, Stack size 0 bytes, startup_lpc17xx.o(.text))
<BR>[Address Reference Count : 1]<UL><LI> startup_lpc17xx.o(RESET)
</UL>
<P><STRONG><a name="[1a]"></a>I2C2_IRQHandler</STRONG> (Thumb, 0 bytes, Stack size 0 bytes, startup_lpc17xx.o(.text))
<BR>[Address Reference Count : 1]<UL><LI> startup_lpc17xx.o(RESET)
</UL>
<P><STRONG><a name="[29]"></a>I2S_IRQHandler</STRONG> (Thumb, 0 bytes, Stack size 0 bytes, startup_lpc17xx.o(.text))
<BR>[Address Reference Count : 1]<UL><LI> startup_lpc17xx.o(RESET)
</UL>
<P><STRONG><a name="[2c]"></a>MCPWM_IRQHandler</STRONG> (Thumb, 0 bytes, Stack size 0 bytes, startup_lpc17xx.o(.text))
<BR>[Address Reference Count : 1]<UL><LI> startup_lpc17xx.o(RESET)
</UL>
<P><STRONG><a name="[1e]"></a>PLL0_IRQHandler</STRONG> (Thumb, 0 bytes, Stack size 0 bytes, startup_lpc17xx.o(.text))
<BR>[Address Reference Count : 1]<UL><LI> startup_lpc17xx.o(RESET)
</UL>
<P><STRONG><a name="[2e]"></a>PLL1_IRQHandler</STRONG> (Thumb, 0 bytes, Stack size 0 bytes, startup_lpc17xx.o(.text))
<BR>[Address Reference Count : 1]<UL><LI> startup_lpc17xx.o(RESET)
</UL>
<P><STRONG><a name="[17]"></a>PWM1_IRQHandler</STRONG> (Thumb, 0 bytes, Stack size 0 bytes, startup_lpc17xx.o(.text))
<BR>[Address Reference Count : 1]<UL><LI> startup_lpc17xx.o(RESET)
</UL>
<P><STRONG><a name="[2d]"></a>QEI_IRQHandler</STRONG> (Thumb, 0 bytes, Stack size 0 bytes, startup_lpc17xx.o(.text))
<BR>[Address Reference Count : 1]<UL><LI> startup_lpc17xx.o(RESET)
</UL>
<P><STRONG><a name="[2b]"></a>RIT_IRQHandler</STRONG> (Thumb, 0 bytes, Stack size 0 bytes, startup_lpc17xx.o(.text))
<BR>[Address Reference Count : 1]<UL><LI> startup_lpc17xx.o(RESET)
</UL>
<P><STRONG><a name="[1f]"></a>RTC_IRQHandler</STRONG> (Thumb, 0 bytes, Stack size 0 bytes, startup_lpc17xx.o(.text))
<BR>[Address Reference Count : 1]<UL><LI> startup_lpc17xx.o(RESET)
</UL>
<P><STRONG><a name="[1b]"></a>SPI_IRQHandler</STRONG> (Thumb, 0 bytes, Stack size 0 bytes, startup_lpc17xx.o(.text))
<BR>[Address Reference Count : 1]<UL><LI> startup_lpc17xx.o(RESET)
</UL>
<P><STRONG><a name="[1c]"></a>SSP0_IRQHandler</STRONG> (Thumb, 0 bytes, Stack size 0 bytes, startup_lpc17xx.o(.text))
<BR>[Address Reference Count : 1]<UL><LI> startup_lpc17xx.o(RESET)
</UL>
<P><STRONG><a name="[1d]"></a>SSP1_IRQHandler</STRONG> (Thumb, 0 bytes, Stack size 0 bytes, startup_lpc17xx.o(.text))
<BR>[Address Reference Count : 1]<UL><LI> startup_lpc17xx.o(RESET)
</UL>
<P><STRONG><a name="[10]"></a>TIMER1_IRQHandler</STRONG> (Thumb, 0 bytes, Stack size 0 bytes, startup_lpc17xx.o(.text))
<BR>[Address Reference Count : 1]<UL><LI> startup_lpc17xx.o(RESET)
</UL>
<P><STRONG><a name="[11]"></a>TIMER2_IRQHandler</STRONG> (Thumb, 0 bytes, Stack size 0 bytes, startup_lpc17xx.o(.text))
<BR>[Address Reference Count : 1]<UL><LI> startup_lpc17xx.o(RESET)
</UL>
<P><STRONG><a name="[12]"></a>TIMER3_IRQHandler</STRONG> (Thumb, 0 bytes, Stack size 0 bytes, startup_lpc17xx.o(.text))
<BR>[Address Reference Count : 1]<UL><LI> startup_lpc17xx.o(RESET)
</UL>
<P><STRONG><a name="[13]"></a>UART0_IRQHandler</STRONG> (Thumb, 0 bytes, Stack size 0 bytes, startup_lpc17xx.o(.text))
<BR>[Address Reference Count : 1]<UL><LI> startup_lpc17xx.o(RESET)
</UL>
<P><STRONG><a name="[14]"></a>UART1_IRQHandler</STRONG> (Thumb, 0 bytes, Stack size 0 bytes, startup_lpc17xx.o(.text))
<BR>[Address Reference Count : 1]<UL><LI> startup_lpc17xx.o(RESET)
</UL>
<P><STRONG><a name="[15]"></a>UART2_IRQHandler</STRONG> (Thumb, 0 bytes, Stack size 0 bytes, startup_lpc17xx.o(.text))
<BR>[Address Reference Count : 1]<UL><LI> startup_lpc17xx.o(RESET)
</UL>
<P><STRONG><a name="[16]"></a>UART3_IRQHandler</STRONG> (Thumb, 0 bytes, Stack size 0 bytes, startup_lpc17xx.o(.text))
<BR>[Address Reference Count : 1]<UL><LI> startup_lpc17xx.o(RESET)
</UL>
<P><STRONG><a name="[2f]"></a>USBActivity_IRQHandler</STRONG> (Thumb, 0 bytes, Stack size 0 bytes, startup_lpc17xx.o(.text))
<BR>[Address Reference Count : 1]<UL><LI> startup_lpc17xx.o(RESET)
</UL>
<P><STRONG><a name="[26]"></a>USB_IRQHandler</STRONG> (Thumb, 0 bytes, Stack size 0 bytes, startup_lpc17xx.o(.text))
<BR>[Address Reference Count : 1]<UL><LI> startup_lpc17xx.o(RESET)
</UL>
<P><STRONG><a name="[e]"></a>WDT_IRQHandler</STRONG> (Thumb, 0 bytes, Stack size 0 bytes, startup_lpc17xx.o(.text))
<BR>[Address Reference Count : 1]<UL><LI> startup_lpc17xx.o(RESET)
</UL>
<P><STRONG><a name="[55]"></a>__user_initial_stackheap</STRONG> (Thumb, 0 bytes, Stack size unknown bytes, startup_lpc17xx.o(.text))
<BR><BR>[Called By]<UL><LI><a href="#[48]">&gt;&gt;</a>&nbsp;&nbsp;&nbsp;__user_setup_stackheap
</UL>

<P><STRONG><a name="[a0]"></a>__use_two_region_memory</STRONG> (Thumb, 2 bytes, Stack size 0 bytes, heapauxi.o(.text), UNUSED)

<P><STRONG><a name="[a1]"></a>__rt_heap_escrow$2region</STRONG> (Thumb, 2 bytes, Stack size 0 bytes, heapauxi.o(.text), UNUSED)

<P><STRONG><a name="[a2]"></a>__rt_heap_expand$2region</STRONG> (Thumb, 2 bytes, Stack size 0 bytes, heapauxi.o(.text), UNUSED)

<P><STRONG><a name="[48]"></a>__user_setup_stackheap</STRONG> (Thumb, 74 bytes, Stack size 8 bytes, sys_stackheap_outer.o(.text))
<BR><BR>[Stack]<UL><LI>Max Depth = 8 + Unknown Stack Size
<LI>Call Chain = __user_setup_stackheap
</UL>
<BR>[Calls]<UL><LI><a href="#[54]">&gt;&gt;</a>&nbsp;&nbsp;&nbsp;__user_perproc_libspace
<LI><a href="#[55]">&gt;&gt;</a>&nbsp;&nbsp;&nbsp;__user_initial_stackheap
</UL>
<BR>[Called By]<UL><LI><a href="#[47]">&gt;&gt;</a>&nbsp;&nbsp;&nbsp;__rt_entry_sh
</UL>

<P><STRONG><a name="[4d]"></a>exit</STRONG> (Thumb, 18 bytes, Stack size 8 bytes, exit.o(.text))
<BR><BR>[Stack]<UL><LI>Max Depth = 8 + Unknown Stack Size
<LI>Call Chain = exit
</UL>
<BR>[Calls]<UL><LI><a href="#[56]">&gt;&gt;</a>&nbsp;&nbsp;&nbsp;__rt_exit
</UL>
<BR>[Called By]<UL><LI><a href="#[4b]">&gt;&gt;</a>&nbsp;&nbsp;&nbsp;__rt_entry_main
</UL>

<P><STRONG><a name="[a3]"></a>__user_libspace</STRONG> (Thumb, 8 bytes, Stack size 0 bytes, libspace.o(.text), UNUSED)

<P><STRONG><a name="[54]"></a>__user_perproc_libspace</STRONG> (Thumb, 0 bytes, Stack size 0 bytes, libspace.o(.text))
<BR><BR>[Called By]<UL><LI><a href="#[48]">&gt;&gt;</a>&nbsp;&nbsp;&nbsp;__user_setup_stackheap
</UL>

<P><STRONG><a name="[a4]"></a>__user_perthread_libspace</STRONG> (Thumb, 0 bytes, Stack size 0 bytes, libspace.o(.text), UNUSED)

<P><STRONG><a name="[51]"></a>_sys_exit</STRONG> (Thumb, 8 bytes, Stack size 0 bytes, sys_exit.o(.text))
<BR><BR>[Called By]<UL><LI><a href="#[50]">&gt;&gt;</a>&nbsp;&nbsp;&nbsp;__rt_exit_exit
</UL>

<P><STRONG><a name="[a5]"></a>__I$use$semihosting</STRONG> (Thumb, 0 bytes, Stack size 0 bytes, use_no_semi.o(.text), UNUSED)

<P><STRONG><a name="[a6]"></a>__use_no_semihosting_swi</STRONG> (Thumb, 2 bytes, Stack size 0 bytes, use_no_semi.o(.text), UNUSED)

<P><STRONG><a name="[a7]"></a>__semihosting_library_function</STRONG> (Thumb, 0 bytes, Stack size 0 bytes, indicate_semi.o(.text), UNUSED)

<P><STRONG><a name="[57]"></a>ae_init</STRONG> (Thumb, 42 bytes, Stack size 24 bytes, ae08.o(i.ae_init))
<BR><BR>[Stack]<UL><LI>Max Depth = 32<LI>Call Chain = ae_init &rArr; ae_set_proc_info
</UL>
<BR>[Calls]<UL><LI><a href="#[58]">&gt;&gt;</a>&nbsp;&nbsp;&nbsp;ae_set_proc_info
</UL>
<BR>[Called By]<UL><LI><a href="#[4c]">&gt;&gt;</a>&nbsp;&nbsp;&nbsp;main
</UL>

<P><STRONG><a name="[41]"></a>nullProc</STRONG> (Thumb, 4 bytes, Stack size 0 bytes, k_sys_procs.o(i.nullProc))
<BR>[Address Reference Count : 1]<UL><LI> k_process.o(i.process_init)
</UL>
<P><STRONG><a name="[3a]"></a>pre_rtx_init</STRONG> (Thumb, 6 bytes, Stack size 0 bytes, main_svc.o(i.pre_rtx_init))
<BR>[Address Reference Count : 1]<UL><LI> main_svc.o(i.main)
</UL>
<P><STRONG><a name="[31]"></a>SystemInit</STRONG> (Thumb, 302 bytes, Stack size 0 bytes, system_lpc17xx.o(i.SystemInit))
<BR><BR>[Called By]<UL><LI><a href="#[4c]">&gt;&gt;</a>&nbsp;&nbsp;&nbsp;main
</UL>
<BR>[Address Reference Count : 1]<UL><LI> startup_lpc17xx.o(.text)
</UL>
<P><STRONG><a name="[58]"></a>ae_set_proc_info</STRONG> (Thumb, 82 bytes, Stack size 8 bytes, ae08.o(i.ae_set_proc_info))
<BR><BR>[Stack]<UL><LI>Max Depth = 8<LI>Call Chain = ae_set_proc_info
</UL>
<BR>[Called By]<UL><LI><a href="#[57]">&gt;&gt;</a>&nbsp;&nbsp;&nbsp;ae_init
</UL>

<P><STRONG><a name="[7a]"></a>alloc_stack</STRONG> (Thumb, 32 bytes, Stack size 0 bytes, k_memory.o(i.alloc_stack))
<BR><BR>[Called By]<UL><LI><a href="#[67]">&gt;&gt;</a>&nbsp;&nbsp;&nbsp;process_init
</UL>

<P><STRONG><a name="[59]"></a>assertTest</STRONG> (Thumb, 66 bytes, Stack size 24 bytes, ae_util.o(i.assertTest))
<BR><BR>[Stack]<UL><LI>Max Depth = 36<LI>Call Chain = assertTest &rArr; uart_put_string
</UL>
<BR>[Calls]<UL><LI><a href="#[5a]">&gt;&gt;</a>&nbsp;&nbsp;&nbsp;uart_put_string
</UL>
<BR>[Called By]<UL><LI><a href="#[35]">&gt;&gt;</a>&nbsp;&nbsp;&nbsp;proc3
<LI><a href="#[34]">&gt;&gt;</a>&nbsp;&nbsp;&nbsp;proc2
<LI><a href="#[33]">&gt;&gt;</a>&nbsp;&nbsp;&nbsp;proc1
</UL>

<P><STRONG><a name="[69]"></a>get_pcb_by_pid</STRONG> (Thumb, 50 bytes, Stack size 0 bytes, k_process.o(i.get_pcb_by_pid))
<BR><BR>[Called By]<UL><LI><a href="#[3d]">&gt;&gt;</a>&nbsp;&nbsp;&nbsp;k_set_process_priority
<LI><a href="#[5c]">&gt;&gt;</a>&nbsp;&nbsp;&nbsp;k_send_message
</UL>

<P><STRONG><a name="[72]"></a>init_printf</STRONG> (Thumb, 10 bytes, Stack size 0 bytes, printf.o(i.init_printf))
<BR><BR>[Called By]<UL><LI><a href="#[4c]">&gt;&gt;</a>&nbsp;&nbsp;&nbsp;main
</UL>

<P><STRONG><a name="[3e]"></a>k_delayed_send</STRONG> (Thumb, 78 bytes, Stack size 32 bytes, k_msg.o(i.k_delayed_send))
<BR><BR>[Stack]<UL><LI>Max Depth = 88<LI>Call Chain = k_delayed_send &rArr; k_send_message &rArr; process_switch &rArr; pq_remove_by_pid
</UL>
<BR>[Calls]<UL><LI><a href="#[5c]">&gt;&gt;</a>&nbsp;&nbsp;&nbsp;k_send_message
<LI><a href="#[5b]">&gt;&gt;</a>&nbsp;&nbsp;&nbsp;__set_CONTROL
</UL>
<BR>[Address Reference Count : 2]<UL><LI> ae_proc_08.o(i.proc3)
<LI> ae_proc_08.o(i.proc2)
</UL>
<P><STRONG><a name="[3c]"></a>k_receive_message</STRONG> (Thumb, 66 bytes, Stack size 16 bytes, k_msg.o(i.k_receive_message))
<BR><BR>[Stack]<UL><LI>Max Depth = 40<LI>Call Chain = k_receive_message &rArr; process_switch &rArr; pq_remove_by_pid
</UL>
<BR>[Calls]<UL><LI><a href="#[5f]">&gt;&gt;</a>&nbsp;&nbsp;&nbsp;q_remove
<LI><a href="#[5d]">&gt;&gt;</a>&nbsp;&nbsp;&nbsp;scheduler
<LI><a href="#[5e]">&gt;&gt;</a>&nbsp;&nbsp;&nbsp;process_switch
</UL>
<BR>[Address Reference Count : 2]<UL><LI> ae_proc_08.o(i.proc1)
<LI> ae_proc_08.o(i.proc2)
</UL>
<P><STRONG><a name="[60]"></a>k_receive_message_nb</STRONG> (Thumb, 38 bytes, Stack size 16 bytes, k_msg.o(i.k_receive_message_nb))
<BR><BR>[Stack]<UL><LI>Max Depth = 16<LI>Call Chain = k_receive_message_nb
</UL>
<BR>[Calls]<UL><LI><a href="#[5f]">&gt;&gt;</a>&nbsp;&nbsp;&nbsp;q_remove
</UL>
<BR>[Called By]<UL><LI><a href="#[7c]">&gt;&gt;</a>&nbsp;&nbsp;&nbsp;timerIProc
</UL>

<P><STRONG><a name="[40]"></a>k_release_processor</STRONG> (Thumb, 170 bytes, Stack size 16 bytes, k_process.o(i.k_release_processor))
<BR><BR>[Stack]<UL><LI>Max Depth = 40<LI>Call Chain = k_release_processor &rArr; process_switch &rArr; pq_remove_by_pid
</UL>
<BR>[Calls]<UL><LI><a href="#[61]">&gt;&gt;</a>&nbsp;&nbsp;&nbsp;__set_CONTROL
<LI><a href="#[5d]">&gt;&gt;</a>&nbsp;&nbsp;&nbsp;scheduler
<LI><a href="#[5e]">&gt;&gt;</a>&nbsp;&nbsp;&nbsp;process_switch
<LI><a href="#[62]">&gt;&gt;</a>&nbsp;&nbsp;&nbsp;pq_insert_ready
</UL>
<BR>[Called By]<UL><LI><a href="#[3b]">&gt;&gt;</a>&nbsp;&nbsp;&nbsp;k_rtx_init
</UL>
<BR>[Address Reference Count : 2]<UL><LI> ae_proc_08.o(i.proc5)
<LI> ae_proc_08.o(i.proc6)
</UL>
<P><STRONG><a name="[3f]"></a>k_request_memory_block</STRONG> (Thumb, 136 bytes, Stack size 24 bytes, k_memory.o(i.k_request_memory_block))
<BR><BR>[Stack]<UL><LI>Max Depth = 48<LI>Call Chain = k_request_memory_block &rArr; process_switch &rArr; pq_remove_by_pid
</UL>
<BR>[Calls]<UL><LI><a href="#[5d]">&gt;&gt;</a>&nbsp;&nbsp;&nbsp;scheduler
<LI><a href="#[5e]">&gt;&gt;</a>&nbsp;&nbsp;&nbsp;process_switch
<LI><a href="#[65]">&gt;&gt;</a>&nbsp;&nbsp;&nbsp;pq_insert
<LI><a href="#[64]">&gt;&gt;</a>&nbsp;&nbsp;&nbsp;k_request_memory_block_nb
<LI><a href="#[63]">&gt;&gt;</a>&nbsp;&nbsp;&nbsp;__set_CONTROL
</UL>
<BR>[Address Reference Count : 1]<UL><LI> ae_proc_08.o(i.proc3)
</UL>
<P><STRONG><a name="[64]"></a>k_request_memory_block_nb</STRONG> (Thumb, 20 bytes, Stack size 0 bytes, k_memory.o(i.k_request_memory_block_nb))
<BR><BR>[Called By]<UL><LI><a href="#[3f]">&gt;&gt;</a>&nbsp;&nbsp;&nbsp;k_request_memory_block
</UL>

<P><STRONG><a name="[3b]"></a>k_rtx_init</STRONG> (Thumb, 38 bytes, Stack size 16 bytes, k_rtx_init.o(i.k_rtx_init))
<BR><BR>[Stack]<UL><LI>Max Depth = 56<LI>Call Chain = k_rtx_init &rArr; process_init &rArr; pq_insert
</UL>
<BR>[Calls]<UL><LI><a href="#[68]">&gt;&gt;</a>&nbsp;&nbsp;&nbsp;timer_init
<LI><a href="#[67]">&gt;&gt;</a>&nbsp;&nbsp;&nbsp;process_init
<LI><a href="#[40]">&gt;&gt;</a>&nbsp;&nbsp;&nbsp;k_release_processor
<LI><a href="#[66]">&gt;&gt;</a>&nbsp;&nbsp;&nbsp;memory_init
</UL>
<BR>[Address Reference Count : 1]<UL><LI> main_svc.o(i.main)
</UL>
<P><STRONG><a name="[53]"></a>k_run_new_process</STRONG> (Thumb, 58 bytes, Stack size 16 bytes, k_process.o(i.k_run_new_process))
<BR><BR>[Stack]<UL><LI>Max Depth = 40<LI>Call Chain = k_run_new_process &rArr; process_switch &rArr; pq_remove_by_pid
</UL>
<BR>[Calls]<UL><LI><a href="#[5d]">&gt;&gt;</a>&nbsp;&nbsp;&nbsp;scheduler
<LI><a href="#[5e]">&gt;&gt;</a>&nbsp;&nbsp;&nbsp;process_switch
<LI><a href="#[62]">&gt;&gt;</a>&nbsp;&nbsp;&nbsp;pq_insert_ready
</UL>
<BR>[Called By]<UL><LI><a href="#[f]">&gt;&gt;</a>&nbsp;&nbsp;&nbsp;TIMER0_IRQHandler
</UL>

<P><STRONG><a name="[5c]"></a>k_send_message</STRONG> (Thumb, 236 bytes, Stack size 32 bytes, k_msg.o(i.k_send_message))
<BR><BR>[Stack]<UL><LI>Max Depth = 56<LI>Call Chain = k_send_message &rArr; process_switch &rArr; pq_remove_by_pid
</UL>
<BR>[Calls]<UL><LI><a href="#[6a]">&gt;&gt;</a>&nbsp;&nbsp;&nbsp;q_insert
<LI><a href="#[69]">&gt;&gt;</a>&nbsp;&nbsp;&nbsp;get_pcb_by_pid
<LI><a href="#[5b]">&gt;&gt;</a>&nbsp;&nbsp;&nbsp;__set_CONTROL
<LI><a href="#[6b]">&gt;&gt;</a>&nbsp;&nbsp;&nbsp;q_remove_by_addr
<LI><a href="#[5e]">&gt;&gt;</a>&nbsp;&nbsp;&nbsp;process_switch
<LI><a href="#[62]">&gt;&gt;</a>&nbsp;&nbsp;&nbsp;pq_insert_ready
<LI><a href="#[6c]">&gt;&gt;</a>&nbsp;&nbsp;&nbsp;pq_insert_front_ready
</UL>
<BR>[Called By]<UL><LI><a href="#[7c]">&gt;&gt;</a>&nbsp;&nbsp;&nbsp;timerIProc
<LI><a href="#[3e]">&gt;&gt;</a>&nbsp;&nbsp;&nbsp;k_delayed_send
</UL>

<P><STRONG><a name="[3d]"></a>k_set_process_priority</STRONG> (Thumb, 320 bytes, Stack size 40 bytes, k_process.o(i.k_set_process_priority))
<BR><BR>[Stack]<UL><LI>Max Depth = 64<LI>Call Chain = k_set_process_priority &rArr; process_switch &rArr; pq_remove_by_pid
</UL>
<BR>[Calls]<UL><LI><a href="#[61]">&gt;&gt;</a>&nbsp;&nbsp;&nbsp;__set_CONTROL
<LI><a href="#[69]">&gt;&gt;</a>&nbsp;&nbsp;&nbsp;get_pcb_by_pid
<LI><a href="#[5d]">&gt;&gt;</a>&nbsp;&nbsp;&nbsp;scheduler
<LI><a href="#[5e]">&gt;&gt;</a>&nbsp;&nbsp;&nbsp;process_switch
<LI><a href="#[6d]">&gt;&gt;</a>&nbsp;&nbsp;&nbsp;pq_remove_by_pid
<LI><a href="#[70]">&gt;&gt;</a>&nbsp;&nbsp;&nbsp;pq_remove
<LI><a href="#[62]">&gt;&gt;</a>&nbsp;&nbsp;&nbsp;pq_insert_ready
<LI><a href="#[6c]">&gt;&gt;</a>&nbsp;&nbsp;&nbsp;pq_insert_front_ready
<LI><a href="#[6e]">&gt;&gt;</a>&nbsp;&nbsp;&nbsp;pq_remove_by_pid_blocked
<LI><a href="#[6f]">&gt;&gt;</a>&nbsp;&nbsp;&nbsp;pq_insert_blocked
</UL>
<BR>[Address Reference Count : 1]<UL><LI> ae_proc_08.o(i.proc1)
</UL>
<P><STRONG><a name="[4c]"></a>main</STRONG> (Thumb, 64 bytes, Stack size 104 bytes, main_svc.o(i.main))
<BR><BR>[Stack]<UL><LI>Max Depth = 136<LI>Call Chain = main &rArr; ae_init &rArr; ae_set_proc_info
</UL>
<BR>[Calls]<UL><LI><a href="#[71]">&gt;&gt;</a>&nbsp;&nbsp;&nbsp;uart_init
<LI><a href="#[72]">&gt;&gt;</a>&nbsp;&nbsp;&nbsp;init_printf
<LI><a href="#[57]">&gt;&gt;</a>&nbsp;&nbsp;&nbsp;ae_init
<LI><a href="#[31]">&gt;&gt;</a>&nbsp;&nbsp;&nbsp;SystemInit
</UL>
<BR>[Called By]<UL><LI><a href="#[4b]">&gt;&gt;</a>&nbsp;&nbsp;&nbsp;__rt_entry_main
</UL>

<P><STRONG><a name="[66]"></a>memory_init</STRONG> (Thumb, 106 bytes, Stack size 16 bytes, k_memory.o(i.memory_init))
<BR><BR>[Stack]<UL><LI>Max Depth = 16<LI>Call Chain = memory_init
</UL>
<BR>[Called By]<UL><LI><a href="#[3b]">&gt;&gt;</a>&nbsp;&nbsp;&nbsp;k_rtx_init
</UL>

<P><STRONG><a name="[65]"></a>pq_insert</STRONG> (Thumb, 60 bytes, Stack size 8 bytes, k_priority_queue.o(i.pq_insert))
<BR><BR>[Stack]<UL><LI>Max Depth = 8<LI>Call Chain = pq_insert
</UL>
<BR>[Called By]<UL><LI><a href="#[67]">&gt;&gt;</a>&nbsp;&nbsp;&nbsp;process_init
<LI><a href="#[62]">&gt;&gt;</a>&nbsp;&nbsp;&nbsp;pq_insert_ready
<LI><a href="#[6f]">&gt;&gt;</a>&nbsp;&nbsp;&nbsp;pq_insert_blocked
<LI><a href="#[3f]">&gt;&gt;</a>&nbsp;&nbsp;&nbsp;k_request_memory_block
</UL>

<P><STRONG><a name="[6f]"></a>pq_insert_blocked</STRONG> (Thumb, 14 bytes, Stack size 8 bytes, k_memory.o(i.pq_insert_blocked))
<BR><BR>[Stack]<UL><LI>Max Depth = 16<LI>Call Chain = pq_insert_blocked &rArr; pq_insert
</UL>
<BR>[Calls]<UL><LI><a href="#[65]">&gt;&gt;</a>&nbsp;&nbsp;&nbsp;pq_insert
</UL>
<BR>[Called By]<UL><LI><a href="#[3d]">&gt;&gt;</a>&nbsp;&nbsp;&nbsp;k_set_process_priority
</UL>

<P><STRONG><a name="[73]"></a>pq_insert_front</STRONG> (Thumb, 60 bytes, Stack size 8 bytes, k_priority_queue.o(i.pq_insert_front))
<BR><BR>[Stack]<UL><LI>Max Depth = 8<LI>Call Chain = pq_insert_front
</UL>
<BR>[Called By]<UL><LI><a href="#[6c]">&gt;&gt;</a>&nbsp;&nbsp;&nbsp;pq_insert_front_ready
</UL>

<P><STRONG><a name="[6c]"></a>pq_insert_front_ready</STRONG> (Thumb, 32 bytes, Stack size 8 bytes, k_process.o(i.pq_insert_front_ready))
<BR><BR>[Stack]<UL><LI>Max Depth = 16<LI>Call Chain = pq_insert_front_ready &rArr; pq_insert_front
</UL>
<BR>[Calls]<UL><LI><a href="#[73]">&gt;&gt;</a>&nbsp;&nbsp;&nbsp;pq_insert_front
</UL>
<BR>[Called By]<UL><LI><a href="#[3d]">&gt;&gt;</a>&nbsp;&nbsp;&nbsp;k_set_process_priority
<LI><a href="#[5c]">&gt;&gt;</a>&nbsp;&nbsp;&nbsp;k_send_message
</UL>

<P><STRONG><a name="[62]"></a>pq_insert_ready</STRONG> (Thumb, 32 bytes, Stack size 8 bytes, k_process.o(i.pq_insert_ready))
<BR><BR>[Stack]<UL><LI>Max Depth = 16<LI>Call Chain = pq_insert_ready &rArr; pq_insert
</UL>
<BR>[Calls]<UL><LI><a href="#[65]">&gt;&gt;</a>&nbsp;&nbsp;&nbsp;pq_insert
</UL>
<BR>[Called By]<UL><LI><a href="#[3d]">&gt;&gt;</a>&nbsp;&nbsp;&nbsp;k_set_process_priority
<LI><a href="#[53]">&gt;&gt;</a>&nbsp;&nbsp;&nbsp;k_run_new_process
<LI><a href="#[40]">&gt;&gt;</a>&nbsp;&nbsp;&nbsp;k_release_processor
<LI><a href="#[5c]">&gt;&gt;</a>&nbsp;&nbsp;&nbsp;k_send_message
</UL>

<P><STRONG><a name="[70]"></a>pq_remove</STRONG> (Thumb, 22 bytes, Stack size 0 bytes, k_priority_queue.o(i.pq_remove))
<BR><BR>[Called By]<UL><LI><a href="#[3d]">&gt;&gt;</a>&nbsp;&nbsp;&nbsp;k_set_process_priority
<LI><a href="#[5d]">&gt;&gt;</a>&nbsp;&nbsp;&nbsp;scheduler
</UL>

<P><STRONG><a name="[6d]"></a>pq_remove_by_pid</STRONG> (Thumb, 68 bytes, Stack size 8 bytes, k_priority_queue.o(i.pq_remove_by_pid))
<BR><BR>[Stack]<UL><LI>Max Depth = 8<LI>Call Chain = pq_remove_by_pid
</UL>
<BR>[Called By]<UL><LI><a href="#[3d]">&gt;&gt;</a>&nbsp;&nbsp;&nbsp;k_set_process_priority
<LI><a href="#[5e]">&gt;&gt;</a>&nbsp;&nbsp;&nbsp;process_switch
<LI><a href="#[6e]">&gt;&gt;</a>&nbsp;&nbsp;&nbsp;pq_remove_by_pid_blocked
</UL>

<P><STRONG><a name="[6e]"></a>pq_remove_by_pid_blocked</STRONG> (Thumb, 14 bytes, Stack size 8 bytes, k_memory.o(i.pq_remove_by_pid_blocked))
<BR><BR>[Stack]<UL><LI>Max Depth = 16<LI>Call Chain = pq_remove_by_pid_blocked &rArr; pq_remove_by_pid
</UL>
<BR>[Calls]<UL><LI><a href="#[6d]">&gt;&gt;</a>&nbsp;&nbsp;&nbsp;pq_remove_by_pid
</UL>
<BR>[Called By]<UL><LI><a href="#[3d]">&gt;&gt;</a>&nbsp;&nbsp;&nbsp;k_set_process_priority
</UL>

<P><STRONG><a name="[74]"></a>printFraction</STRONG> (Thumb, 28 bytes, Stack size 16 bytes, ae_util.o(i.printFraction))
<BR><BR>[Stack]<UL><LI>Max Depth = 40<LI>Call Chain = printFraction &rArr; printNumber
</UL>
<BR>[Calls]<UL><LI><a href="#[75]">&gt;&gt;</a>&nbsp;&nbsp;&nbsp;printNumber
<LI><a href="#[76]">&gt;&gt;</a>&nbsp;&nbsp;&nbsp;uart_put_char
</UL>
<BR>[Called By]<UL><LI><a href="#[77]">&gt;&gt;</a>&nbsp;&nbsp;&nbsp;printSummary
</UL>

<P><STRONG><a name="[75]"></a>printNumber</STRONG> (Thumb, 74 bytes, Stack size 24 bytes, ae_util.o(i.printNumber))
<BR><BR>[Stack]<UL><LI>Max Depth = 24<LI>Call Chain = printNumber
</UL>
<BR>[Calls]<UL><LI><a href="#[76]">&gt;&gt;</a>&nbsp;&nbsp;&nbsp;uart_put_char
</UL>
<BR>[Called By]<UL><LI><a href="#[74]">&gt;&gt;</a>&nbsp;&nbsp;&nbsp;printFraction
</UL>

<P><STRONG><a name="[77]"></a>printSummary</STRONG> (Thumb, 82 bytes, Stack size 16 bytes, ae_util.o(i.printSummary))
<BR><BR>[Stack]<UL><LI>Max Depth = 56<LI>Call Chain = printSummary &rArr; printFraction &rArr; printNumber
</UL>
<BR>[Calls]<UL><LI><a href="#[78]">&gt;&gt;</a>&nbsp;&nbsp;&nbsp;printUart1
<LI><a href="#[74]">&gt;&gt;</a>&nbsp;&nbsp;&nbsp;printFraction
<LI><a href="#[5a]">&gt;&gt;</a>&nbsp;&nbsp;&nbsp;uart_put_string
</UL>
<BR>[Called By]<UL><LI><a href="#[33]">&gt;&gt;</a>&nbsp;&nbsp;&nbsp;proc1
</UL>

<P><STRONG><a name="[78]"></a>printUart1</STRONG> (Thumb, 40 bytes, Stack size 16 bytes, ae_util.o(i.printUart1))
<BR><BR>[Stack]<UL><LI>Max Depth = 28<LI>Call Chain = printUart1 &rArr; uart_put_string
</UL>
<BR>[Calls]<UL><LI><a href="#[5a]">&gt;&gt;</a>&nbsp;&nbsp;&nbsp;uart_put_string
</UL>
<BR>[Called By]<UL><LI><a href="#[33]">&gt;&gt;</a>&nbsp;&nbsp;&nbsp;proc1
<LI><a href="#[77]">&gt;&gt;</a>&nbsp;&nbsp;&nbsp;printSummary
</UL>

<P><STRONG><a name="[33]"></a>proc1</STRONG> (Thumb, 292 bytes, Stack size 16 bytes, ae_proc_08.o(i.proc1))
<BR><BR>[Stack]<UL><LI>Max Depth = 72<LI>Call Chain = proc1 &rArr; printSummary &rArr; printFraction &rArr; printNumber
</UL>
<BR>[Calls]<UL><LI><a href="#[78]">&gt;&gt;</a>&nbsp;&nbsp;&nbsp;printUart1
<LI><a href="#[77]">&gt;&gt;</a>&nbsp;&nbsp;&nbsp;printSummary
<LI><a href="#[59]">&gt;&gt;</a>&nbsp;&nbsp;&nbsp;assertTest
<LI><a href="#[76]">&gt;&gt;</a>&nbsp;&nbsp;&nbsp;uart_put_char
</UL>
<BR>[Address Reference Count : 1]<UL><LI> ae08.o(i.ae_set_proc_info)
</UL>
<P><STRONG><a name="[34]"></a>proc2</STRONG> (Thumb, 254 bytes, Stack size 8 bytes, ae_proc_08.o(i.proc2))
<BR><BR>[Stack]<UL><LI>Max Depth = 44<LI>Call Chain = proc2 &rArr; assertTest &rArr; uart_put_string
</UL>
<BR>[Calls]<UL><LI><a href="#[79]">&gt;&gt;</a>&nbsp;&nbsp;&nbsp;strcpy
<LI><a href="#[59]">&gt;&gt;</a>&nbsp;&nbsp;&nbsp;assertTest
<LI><a href="#[5a]">&gt;&gt;</a>&nbsp;&nbsp;&nbsp;uart_put_string
<LI><a href="#[76]">&gt;&gt;</a>&nbsp;&nbsp;&nbsp;uart_put_char
</UL>
<BR>[Address Reference Count : 1]<UL><LI> ae08.o(i.ae_set_proc_info)
</UL>
<P><STRONG><a name="[35]"></a>proc3</STRONG> (Thumb, 202 bytes, Stack size 0 bytes, ae_proc_08.o(i.proc3))
<BR><BR>[Stack]<UL><LI>Max Depth = 36<LI>Call Chain = proc3 &rArr; assertTest &rArr; uart_put_string
</UL>
<BR>[Calls]<UL><LI><a href="#[79]">&gt;&gt;</a>&nbsp;&nbsp;&nbsp;strcpy
<LI><a href="#[59]">&gt;&gt;</a>&nbsp;&nbsp;&nbsp;assertTest
<LI><a href="#[5a]">&gt;&gt;</a>&nbsp;&nbsp;&nbsp;uart_put_string
<LI><a href="#[76]">&gt;&gt;</a>&nbsp;&nbsp;&nbsp;uart_put_char
</UL>
<BR>[Address Reference Count : 1]<UL><LI> ae08.o(i.ae_set_proc_info)
</UL>
<P><STRONG><a name="[36]"></a>proc4</STRONG> (Thumb, 60 bytes, Stack size 0 bytes, ae_proc_08.o(i.proc4))
<BR><BR>[Stack]<UL><LI>Max Depth = 12<LI>Call Chain = proc4 &rArr; uart_put_string
</UL>
<BR>[Calls]<UL><LI><a href="#[5a]">&gt;&gt;</a>&nbsp;&nbsp;&nbsp;uart_put_string
<LI><a href="#[76]">&gt;&gt;</a>&nbsp;&nbsp;&nbsp;uart_put_char
</UL>
<BR>[Address Reference Count : 1]<UL><LI> ae08.o(i.ae_set_proc_info)
</UL>
<P><STRONG><a name="[37]"></a>proc5</STRONG> (Thumb, 8 bytes, Stack size 0 bytes, ae_proc_08.o(i.proc5))
<BR>[Address Reference Count : 1]<UL><LI> ae08.o(i.ae_set_proc_info)
</UL>
<P><STRONG><a name="[38]"></a>proc6</STRONG> (Thumb, 8 bytes, Stack size 0 bytes, ae_proc_08.o(i.proc6))
<BR>[Address Reference Count : 1]<UL><LI> ae08.o(i.ae_set_proc_info)
</UL>
<P><STRONG><a name="[67]"></a>process_init</STRONG> (Thumb, 392 bytes, Stack size 32 bytes, k_process.o(i.process_init))
<BR><BR>[Stack]<UL><LI>Max Depth = 40<LI>Call Chain = process_init &rArr; pq_insert
</UL>
<BR>[Calls]<UL><LI><a href="#[65]">&gt;&gt;</a>&nbsp;&nbsp;&nbsp;pq_insert
<LI><a href="#[7a]">&gt;&gt;</a>&nbsp;&nbsp;&nbsp;alloc_stack
</UL>
<BR>[Called By]<UL><LI><a href="#[3b]">&gt;&gt;</a>&nbsp;&nbsp;&nbsp;k_rtx_init
</UL>

<P><STRONG><a name="[5e]"></a>process_switch</STRONG> (Thumb, 136 bytes, Stack size 16 bytes, k_process.o(i.process_switch))
<BR><BR>[Stack]<UL><LI>Max Depth = 24<LI>Call Chain = process_switch &rArr; pq_remove_by_pid
</UL>
<BR>[Calls]<UL><LI><a href="#[6d]">&gt;&gt;</a>&nbsp;&nbsp;&nbsp;pq_remove_by_pid
<LI><a href="#[7b]">&gt;&gt;</a>&nbsp;&nbsp;&nbsp;__rte
</UL>
<BR>[Called By]<UL><LI><a href="#[3d]">&gt;&gt;</a>&nbsp;&nbsp;&nbsp;k_set_process_priority
<LI><a href="#[53]">&gt;&gt;</a>&nbsp;&nbsp;&nbsp;k_run_new_process
<LI><a href="#[40]">&gt;&gt;</a>&nbsp;&nbsp;&nbsp;k_release_processor
<LI><a href="#[5c]">&gt;&gt;</a>&nbsp;&nbsp;&nbsp;k_send_message
<LI><a href="#[3c]">&gt;&gt;</a>&nbsp;&nbsp;&nbsp;k_receive_message
<LI><a href="#[3f]">&gt;&gt;</a>&nbsp;&nbsp;&nbsp;k_request_memory_block
</UL>

<P><STRONG><a name="[39]"></a>putc</STRONG> (Thumb, 28 bytes, Stack size 12 bytes, uart_polling.o(i.putc))
<BR><BR>[Stack]<UL><LI>Max Depth = 24<LI>Call Chain = putc &rArr; uart_put_string
</UL>
<BR>[Calls]<UL><LI><a href="#[5a]">&gt;&gt;</a>&nbsp;&nbsp;&nbsp;uart_put_string
<LI><a href="#[76]">&gt;&gt;</a>&nbsp;&nbsp;&nbsp;uart_put_char
</UL>
<BR>[Address Reference Count : 1]<UL><LI> main_svc.o(i.main)
</UL>
<P><STRONG><a name="[6a]"></a>q_insert</STRONG> (Thumb, 30 bytes, Stack size 0 bytes, k_queue.o(i.q_insert))
<BR><BR>[Called By]<UL><LI><a href="#[5c]">&gt;&gt;</a>&nbsp;&nbsp;&nbsp;k_send_message
</UL>

<P><STRONG><a name="[5f]"></a>q_remove</STRONG> (Thumb, 26 bytes, Stack size 0 bytes, k_queue.o(i.q_remove))
<BR><BR>[Called By]<UL><LI><a href="#[60]">&gt;&gt;</a>&nbsp;&nbsp;&nbsp;k_receive_message_nb
<LI><a href="#[3c]">&gt;&gt;</a>&nbsp;&nbsp;&nbsp;k_receive_message
</UL>

<P><STRONG><a name="[6b]"></a>q_remove_by_addr</STRONG> (Thumb, 62 bytes, Stack size 8 bytes, k_queue.o(i.q_remove_by_addr))
<BR><BR>[Stack]<UL><LI>Max Depth = 8<LI>Call Chain = q_remove_by_addr
</UL>
<BR>[Called By]<UL><LI><a href="#[5c]">&gt;&gt;</a>&nbsp;&nbsp;&nbsp;k_send_message
</UL>

<P><STRONG><a name="[5d]"></a>scheduler</STRONG> (Thumb, 40 bytes, Stack size 8 bytes, k_process.o(i.scheduler))
<BR><BR>[Stack]<UL><LI>Max Depth = 8<LI>Call Chain = scheduler
</UL>
<BR>[Calls]<UL><LI><a href="#[70]">&gt;&gt;</a>&nbsp;&nbsp;&nbsp;pq_remove
</UL>
<BR>[Called By]<UL><LI><a href="#[3d]">&gt;&gt;</a>&nbsp;&nbsp;&nbsp;k_set_process_priority
<LI><a href="#[53]">&gt;&gt;</a>&nbsp;&nbsp;&nbsp;k_run_new_process
<LI><a href="#[40]">&gt;&gt;</a>&nbsp;&nbsp;&nbsp;k_release_processor
<LI><a href="#[3c]">&gt;&gt;</a>&nbsp;&nbsp;&nbsp;k_receive_message
<LI><a href="#[3f]">&gt;&gt;</a>&nbsp;&nbsp;&nbsp;k_request_memory_block
</UL>

<P><STRONG><a name="[79]"></a>strcpy</STRONG> (Thumb, 20 bytes, Stack size 0 bytes, ae_util.o(i.strcpy))
<BR><BR>[Called By]<UL><LI><a href="#[35]">&gt;&gt;</a>&nbsp;&nbsp;&nbsp;proc3
<LI><a href="#[34]">&gt;&gt;</a>&nbsp;&nbsp;&nbsp;proc2
</UL>

<P><STRONG><a name="[52]"></a>timer0_iproc</STRONG> (Thumb, 26 bytes, Stack size 8 bytes, timer.o(i.timer0_iproc))
<BR><BR>[Stack]<UL><LI>Max Depth = 80<LI>Call Chain = timer0_iproc &rArr; timerIProc &rArr; k_send_message &rArr; process_switch &rArr; pq_remove_by_pid
</UL>
<BR>[Calls]<UL><LI><a href="#[7c]">&gt;&gt;</a>&nbsp;&nbsp;&nbsp;timerIProc
</UL>
<BR>[Called By]<UL><LI><a href="#[f]">&gt;&gt;</a>&nbsp;&nbsp;&nbsp;TIMER0_IRQHandler
</UL>

<P><STRONG><a name="[7c]"></a>timerIProc</STRONG> (Thumb, 190 bytes, Stack size 16 bytes, k_sys_procs.o(i.timerIProc))
<BR><BR>[Stack]<UL><LI>Max Depth = 72<LI>Call Chain = timerIProc &rArr; k_send_message &rArr; process_switch &rArr; pq_remove_by_pid
</UL>
<BR>[Calls]<UL><LI><a href="#[5c]">&gt;&gt;</a>&nbsp;&nbsp;&nbsp;k_send_message
<LI><a href="#[60]">&gt;&gt;</a>&nbsp;&nbsp;&nbsp;k_receive_message_nb
</UL>
<BR>[Called By]<UL><LI><a href="#[52]">&gt;&gt;</a>&nbsp;&nbsp;&nbsp;timer0_iproc
</UL>

<P><STRONG><a name="[68]"></a>timer_init</STRONG> (Thumb, 80 bytes, Stack size 8 bytes, timer.o(i.timer_init))
<BR><BR>[Stack]<UL><LI>Max Depth = 8<LI>Call Chain = timer_init
</UL>
<BR>[Called By]<UL><LI><a href="#[3b]">&gt;&gt;</a>&nbsp;&nbsp;&nbsp;k_rtx_init
</UL>

<P><STRONG><a name="[71]"></a>uart_init</STRONG> (Thumb, 96 bytes, Stack size 0 bytes, uart_polling.o(i.uart_init))
<BR><BR>[Called By]<UL><LI><a href="#[4c]">&gt;&gt;</a>&nbsp;&nbsp;&nbsp;main
</UL>

<P><STRONG><a name="[76]"></a>uart_put_char</STRONG> (Thumb, 42 bytes, Stack size 0 bytes, uart_polling.o(i.uart_put_char))
<BR><BR>[Called By]<UL><LI><a href="#[36]">&gt;&gt;</a>&nbsp;&nbsp;&nbsp;proc4
<LI><a href="#[35]">&gt;&gt;</a>&nbsp;&nbsp;&nbsp;proc3
<LI><a href="#[34]">&gt;&gt;</a>&nbsp;&nbsp;&nbsp;proc2
<LI><a href="#[33]">&gt;&gt;</a>&nbsp;&nbsp;&nbsp;proc1
<LI><a href="#[75]">&gt;&gt;</a>&nbsp;&nbsp;&nbsp;printNumber
<LI><a href="#[74]">&gt;&gt;</a>&nbsp;&nbsp;&nbsp;printFraction
<LI><a href="#[5a]">&gt;&gt;</a>&nbsp;&nbsp;&nbsp;uart_put_string
<LI><a href="#[39]">&gt;&gt;</a>&nbsp;&nbsp;&nbsp;putc
</UL>

<P><STRONG><a name="[5a]"></a>uart_put_string</STRONG> (Thumb, 38 bytes, Stack size 12 bytes, uart_polling.o(i.uart_put_string))
<BR><BR>[Stack]<UL><LI>Max Depth = 12<LI>Call Chain = uart_put_string
</UL>
<BR>[Calls]<UL><LI><a href="#[76]">&gt;&gt;</a>&nbsp;&nbsp;&nbsp;uart_put_char
</UL>
<BR>[Called By]<UL><LI><a href="#[36]">&gt;&gt;</a>&nbsp;&nbsp;&nbsp;proc4
<LI><a href="#[35]">&gt;&gt;</a>&nbsp;&nbsp;&nbsp;proc3
<LI><a href="#[34]">&gt;&gt;</a>&nbsp;&nbsp;&nbsp;proc2
<LI><a href="#[78]">&gt;&gt;</a>&nbsp;&nbsp;&nbsp;printUart1
<LI><a href="#[77]">&gt;&gt;</a>&nbsp;&nbsp;&nbsp;printSummary
<LI><a href="#[59]">&gt;&gt;</a>&nbsp;&nbsp;&nbsp;assertTest
<LI><a href="#[39]">&gt;&gt;</a>&nbsp;&nbsp;&nbsp;putc
</UL>
<P>
<H3>
Local Symbols
</H3>
<P><STRONG><a name="[63]"></a>__set_CONTROL</STRONG> (Thumb, 6 bytes, Stack size 0 bytes, k_memory.o(i.__set_CONTROL))
<BR><BR>[Called By]<UL><LI><a href="#[3f]">&gt;&gt;</a>&nbsp;&nbsp;&nbsp;k_request_memory_block
</UL>

<P><STRONG><a name="[5b]"></a>__set_CONTROL</STRONG> (Thumb, 6 bytes, Stack size 0 bytes, k_msg.o(i.__set_CONTROL))
<BR><BR>[Called By]<UL><LI><a href="#[5c]">&gt;&gt;</a>&nbsp;&nbsp;&nbsp;k_send_message
<LI><a href="#[3e]">&gt;&gt;</a>&nbsp;&nbsp;&nbsp;k_delayed_send
</UL>

<P><STRONG><a name="[61]"></a>__set_CONTROL</STRONG> (Thumb, 6 bytes, Stack size 0 bytes, k_process.o(i.__set_CONTROL))
<BR><BR>[Called By]<UL><LI><a href="#[3d]">&gt;&gt;</a>&nbsp;&nbsp;&nbsp;k_set_process_priority
<LI><a href="#[40]">&gt;&gt;</a>&nbsp;&nbsp;&nbsp;k_release_processor
</UL>
<P>
<H3>
Undefined Global Symbols
</H3><HR></body></html>
