Component: ARM Compiler 5.06 update 6 (build 750) Tool: armlink [4d35ed]

==============================================================================

Section Cross References

    main_svc.o(i.main) refers to system_lpc17xx.o(i.SystemInit) for SystemInit
    main_svc.o(i.main) refers to uart_polling.o(i.uart_init) for uart_init
    main_svc.o(i.main) refers to printf.o(i.init_printf) for init_printf
    main_svc.o(i.main) refers to ae_2.o(i.ae_init) for ae_init
    main_svc.o(i.main) refers to uart_polling.o(i.putc) for putc
    main_svc.o(i.main) refers to main_svc.o(i.pre_rtx_init) for pre_rtx_init
    main_svc.o(i.main) refers to k_rtx_init.o(i.k_rtx_init) for k_rtx_init
    printf.o(i.a2i) refers to printf.o(i.a2d) for a2d
    printf.o(i.i2a) refers to printf.o(i.ui2a) for ui2a
    printf.o(i.init_printf) refers to printf.o(.data) for stdout_putf
    printf.o(i.tfp_format) refers to printf.o(i.a2i) for a2i
    printf.o(i.tfp_format) refers to printf.o(i.ui2a) for ui2a
    printf.o(i.tfp_format) refers to printf.o(i.putchw) for putchw
    printf.o(i.tfp_format) refers to printf.o(i.i2a) for i2a
    printf.o(i.tfp_printf) refers to printf.o(i.tfp_format) for tfp_format
    printf.o(i.tfp_printf) refers to printf.o(.data) for stdout_putf
    printf.o(i.tfp_sprintf) refers to printf.o(i.tfp_format) for tfp_format
    printf.o(i.tfp_sprintf) refers to printf.o(i.putcp) for putcp
    uart_polling.o(i.putc) refers to uart_polling.o(i.uart_put_string) for uart_put_string
    uart_polling.o(i.putc) refers to uart_polling.o(i.uart_put_char) for uart_put_char
    uart_polling.o(i.uart_put_string) refers to uart_polling.o(i.uart_put_char) for uart_put_char
    k_memory.o(i.alloc_stack) refers to k_memory.o(.data) for gp_stack
    k_memory.o(i.k_release_memory_block) refers to k_priority_queue.o(i.pq_remove) for pq_remove
    k_memory.o(i.k_release_memory_block) refers to k_queue.o(i.q_remove_by_addr) for q_remove_by_addr
    k_memory.o(i.k_release_memory_block) refers to k_process.o(i.pq_insert_front_ready) for pq_insert_front_ready
    k_memory.o(i.k_release_memory_block) refers to k_process.o(i.process_switch) for process_switch
    k_memory.o(i.k_release_memory_block) refers to k_process.o(i.pq_insert_ready) for pq_insert_ready
    k_memory.o(i.k_release_memory_block) refers to k_memory.o(.data) for proc_blocked_queue
    k_memory.o(i.k_release_memory_block) refers to k_process.o(.data) for gp_current_process
    k_memory.o(i.k_request_memory_block) refers to k_memory.o(i.k_request_memory_block_nb) for k_request_memory_block_nb
    k_memory.o(i.k_request_memory_block) refers to k_priority_queue.o(i.pq_insert) for pq_insert
    k_memory.o(i.k_request_memory_block) refers to k_process.o(i.scheduler) for scheduler
    k_memory.o(i.k_request_memory_block) refers to k_process.o(i.process_switch) for process_switch
    k_memory.o(i.k_request_memory_block) refers to k_process.o(.data) for gp_current_process
    k_memory.o(i.k_request_memory_block) refers to k_memory.o(.data) for proc_blocked_queue
    k_memory.o(i.k_request_memory_block_nb) refers to k_memory.o(.data) for freeList
    k_memory.o(i.memory_init) refers to k_process.o(.data) for gp_pcbs
    k_memory.o(i.memory_init) refers to k_memory.o(.data) for gp_stack
    k_memory.o(i.pq_insert_blocked) refers to k_priority_queue.o(i.pq_insert) for pq_insert
    k_memory.o(i.pq_insert_blocked) refers to k_memory.o(.data) for proc_blocked_queue
    k_memory.o(i.pq_remove_by_pid_blocked) refers to k_priority_queue.o(i.pq_remove_by_pid) for pq_remove_by_pid
    k_memory.o(i.pq_remove_by_pid_blocked) refers to k_memory.o(.data) for proc_blocked_queue
    k_msg.o(i.k_delayed_send) refers to k_msg.o(i.k_send_message_actual) for k_send_message_actual
    k_msg.o(i.k_receive_message) refers to k_process.o(i.scheduler) for scheduler
    k_msg.o(i.k_receive_message) refers to k_process.o(i.process_switch) for process_switch
    k_msg.o(i.k_receive_message) refers to k_queue.o(i.q_remove) for q_remove
    k_msg.o(i.k_receive_message) refers to k_queue.o(i.q_insert) for q_insert
    k_msg.o(i.k_receive_message) refers to k_process.o(.data) for gp_current_process
    k_msg.o(i.k_receive_message_nb) refers to k_queue.o(i.q_remove) for q_remove
    k_msg.o(i.k_receive_message_nb) refers to k_queue.o(i.q_insert) for q_insert
    k_msg.o(i.k_receive_message_nb) refers to k_process.o(.data) for gp_current_process
    k_msg.o(i.k_send_message) refers to k_msg.o(i.k_send_message_actual) for k_send_message_actual
    k_msg.o(i.k_send_message_actual) refers to k_process.o(i.get_pcb_by_pid) for get_pcb_by_pid
    k_msg.o(i.k_send_message_actual) refers to k_queue.o(i.q_insert) for q_insert
    k_msg.o(i.k_send_message_actual) refers to k_queue.o(i.q_remove_by_addr) for q_remove_by_addr
    k_msg.o(i.k_send_message_actual) refers to k_process.o(i.pq_insert_front_ready) for pq_insert_front_ready
[...]
    k_sys_procs.o(i.clockProc) refers to k_process.o(i.k_release_processor) for k_release_processor
    k_sys_procs.o(i.setPrioProc) refers to ae_util_1.o(i.skipWhitespace) for skipWhitespace
    k_sys_procs.o(i.setPrioProc) refers to ae_util_1.o(i.stringToNum) for stringToNum
    k_sys_procs.o(i.setPrioProc) refers to ae_util_1.o(i.sendUARTMsg) for sendUARTMsg
    k_sys_procs.o(i.setPrioProc) refers to k_memory.o(i.k_request_memory_block) for k_request_memory_block
    k_sys_procs.o(i.setPrioProc) refers to k_msg.o(i.k_send_message) for k_send_message
    k_sys_procs.o(i.setPrioProc) refers to k_msg.o(i.k_receive_message) for k_receive_message
    k_sys_procs.o(i.setPrioProc) refers to k_memory.o(i.k_release_memory_block) for k_release_memory_block
    k_sys_procs.o(i.setPrioProc) refers to k_process.o(i.k_set_process_priority) for k_set_process_priority
    k_sys_procs.o(i.timerIProc) refers to k_msg.o(i.k_receive_message_nb) for k_receive_message_nb
    k_sys_procs.o(i.timerIProc) refers to k_msg.o(i.k_send_message) for k_send_message
    k_sys_procs.o(i.timerIProc) refers to k_msg.o(.data) for delayed_msg_queue
    k_sys_procs.o(i.uartIProc) refers to k_memory.o(i.k_request_memory_block) for k_request_memory_block
    k_sys_procs.o(i.uartIProc) refers to k_msg.o(i.k_send_message) for k_send_message
    k_sys_procs.o(i.uartIProc) refers to k_msg.o(i.k_receive_message_nb) for k_receive_message_nb
    k_sys_procs.o(i.uartIProc) refers to k_memory.o(i.k_release_memory_block) for k_release_memory_block
    k_sys_procs.o(i.uartIProc) refers to k_sys_procs.o(.data) for g_char_in
    uart_irq.o(.emb_text) refers to uart_irq.o(i.c_UART0_IRQHandler) for c_UART0_IRQHandler
    uart_irq.o(.emb_text) refers to k_process.o(.data) for gp_current_process
    uart_irq.o(i.c_UART0_IRQHandler) refers to k_sys_procs.o(i.uartIProc) for uartIProc
    uart_irq.o(i.uart_irq_init) refers to uart_irq.o(i.__NVIC_EnableIRQ) for __NVIC_EnableIRQ
    k_sys_proc_kcd.o(i.KCDProc) refers to ae_util_1.o(i.sendUARTMsg) for sendUARTMsg
    k_sys_proc_kcd.o(i.KCDProc) refers to k_sys_proc_kcd.o(i.hotKeyDecoder) for hotKeyDecoder
    k_sys_proc_kcd.o(i.KCDProc) refers to k_sys_proc_kcd.o(i.charMap) for charMap
    k_sys_proc_kcd.o(i.KCDProc) refers to ae_util_1.o(i.strcpy) for strcpy
    k_sys_proc_kcd.o(i.KCDProc) refers to k_sys_proc_kcd.o(.bss) for registrationTable
    k_sys_proc_kcd.o(i.KCDProc) refers to k_msg.o(i.k_receive_message) for k_receive_message
    k_sys_proc_kcd.o(i.KCDProc) refers to k_msg.o(i.k_send_message) for k_send_message
    k_sys_proc_kcd.o(i.KCDProc) refers to k_memory.o(i.k_request_memory_block) for k_request_memory_block
    k_sys_proc_kcd.o(i.KCDProc) refers to k_memory.o(i.k_release_memory_block) for k_release_memory_block
    k_sys_proc_kcd.o(i.hotKeyDecoder) refers to uart_polling.o(i.uart_put_string) for uart_put_string
    k_sys_proc_kcd.o(i.hotKeyDecoder) refers to k_sys_proc_kcd.o(i.printProcAndPrio) for printProcAndPrio
    k_sys_proc_kcd.o(i.hotKeyDecoder) refers to k_sys_proc_kcd.o(i.printProcState) for printProcState
    k_sys_proc_kcd.o(i.hotKeyDecoder) refers to ae_util_1.o(i.printNumber) for printNumber
    k_sys_proc_kcd.o(i.hotKeyDecoder) refers to k_process.o(.data) for proc_ready_queue
    k_sys_proc_kcd.o(i.hotKeyDecoder) refers to k_memory.o(.data) for proc_blocked_queue
    k_sys_proc_kcd.o(i.printProcAndPrio) refers to uart_polling.o(i.uart_put_string) for uart_put_string
    k_sys_proc_kcd.o(i.printProcAndPrio) refers to ae_util_1.o(i.printNumber) for printNumber
    k_sys_proc_kcd.o(i.printProcState) refers to uart_polling.o(i.uart_put_string) for uart_put_string
    timer.o(.emb_text) refers to timer.o(i.timer0_iproc) for timer0_iproc
    timer.o(.emb_text) refers to k_process.o(i.k_run_new_process) for k_run_new_process
    timer.o(.emb_text) refers to k_process.o(.data) for gp_current_process
    timer.o(i.timer0_iproc) refers to k_sys_procs.o(i.timerIProc) for timerIProc
    timer.o(i.timer0_iproc) refers to timer.o(.data) for g_timer_count
    timer.o(i.timer_init) refers to timer.o(.data) for g_timer_count
    ae_proc_12.o(i.proc1) refers to ae_util_1.o(i.sendUARTMsg) for sendUARTMsg
    ae_proc_12.o(i.proc1) refers to k_memory.o(i.k_request_memory_block) for k_request_memory_block
    ae_proc_12.o(i.proc1) refers to k_msg.o(i.k_send_message) for k_send_message
    ae_proc_12.o(i.proc1) refers to k_msg.o(i.k_receive_message) for k_receive_message
    ae_proc_12.o(i.proc1) refers to k_memory.o(i.k_release_memory_block) for k_release_memory_block
    ae_proc_12.o(i.proc2) refers to ae_util_1.o(i.sendUARTMsg) for sendUARTMsg
    ae_proc_12.o(i.proc2) refers to k_memory.o(i.k_request_memory_block) for k_request_memory_block
    ae_proc_12.o(i.proc2) refers to k_msg.o(i.k_send_message) for k_send_message
    ae_proc_12.o(i.proc2) refers to k_msg.o(i.k_receive_message) for k_receive_message
    ae_proc_12.o(i.proc2) refers to k_memory.o(i.k_release_memory_block) for k_release_memory_block
    ae_proc_12.o(i.proc3) refers to k_process.o(i.k_release_processor) for k_release_processor
    ae_proc_12.o(i.proc4) refers to k_process.o(i.k_release_processor) for k_release_processor
    ae_proc_12.o(i.proc5) refers to k_process.o(i.k_release_processor) for k_release_processor
    ae_proc_12.o(i.proc6) refers to k_process.o(i.k_release_processor) for k_release_processor
    ae_proc_12.o(i.set_test_procs) refers to ae_proc_12.o(i.proc1) for proc1
    ae_proc_12.o(i.set_test_procs) refers to ae_proc_12.o(i.proc2) for proc2
    ae_proc_12.o(i.set_test_procs) refers to ae_proc_12.o(i.proc3) for proc3
    ae_proc_12.o(i.set_test_procs) refers to ae_proc_12.o(i.proc4) for proc4
    ae_proc_12.o(i.set_test_procs) refers to ae_proc_12.o(i.proc5) for proc5
    ae_proc_12.o(i.set_test_procs) refers to ae_proc_12.o(i.proc6) for proc6
    ae_proc_12.o(.data) refers to ae_proc_12.o(.conststring) for .conststring
    ae_2.o(i.ae_init) refers to ae_timer_2.o(i.ae_timer_init_100MHZ) for ae_timer_init_100MHZ
    ae_2.o(i.ae_init) refers to ae_2.o(i.ae_set_proc_info) for ae_set_proc_info
    ae_2.o(i.ae_set_proc_info) refers to ae_proc_12.o(i.set_test_procs) for set_test_procs
    ae_util_1.o(i.assertTest) refers to uart_polling.o(i.uart_put_string) for uart_put_string
    ae_util_1.o(i.printFraction) refers to ae_util_1.o(i.printNumber) for printNumber
    ae_util_1.o(i.printFraction) refers to uart_polling.o(i.uart_put_char) for uart_put_char
    ae_util_1.o(i.printNumber) refers to uart_polling.o(i.uart_put_char) for uart_put_char
    ae_util_1.o(i.printSummary) refers to uart_polling.o(i.uart_put_string) for uart_put_string
    ae_util_1.o(i.printSummary) refers to ae_util_1.o(i.printFraction) for printFraction
    ae_util_1.o(i.printSummary) refers to ae_util_1.o(i.printUart1) for printUart1
    ae_util_1.o(i.printUart1) refers to uart_polling.o(i.uart_put_string) for uart_put_string
    ae_util_1.o(i.sendUARTMsg) refers to ae_util_1.o(i.strcpy) for strcpy
    ae_util_1.o(i.sendUARTMsg) refers to k_memory.o(i.k_request_memory_block) for k_request_memory_block
    ae_util_1.o(i.sendUARTMsg) refers to k_msg.o(i.k_send_message) for k_send_message
    ae_util_1.o(i.uart0_printMsgText) refers to uart_polling.o(i.uart_put_char) for uart_put_char
    startup_lpc17xx.o(STACK) refers (Special) to heapauxi.o(.text) for __use_two_region_memory
    startup_lpc17xx.o(HEAP) refers (Special) to heapauxi.o(.text) for __use_two_region_memory
    startup_lpc17xx.o(RESET) refers (Special) to heapauxi.o(.text) for __use_two_region_memory
    startup_lpc17xx.o(RESET) refers to startup_lpc17xx.o(STACK) for __initial_sp
    startup_lpc17xx.o(RESET) refers to startup_lpc17xx.o(.text) for Reset_Handler
    startup_lpc17xx.o(RESET) refers to hal.o(.emb_text) for SVC_Handler
    startup_lpc17xx.o(RESET) refers to timer.o(.emb_text) for TIMER0_IRQHandler
    startup_lpc17xx.o(RESET) refers to uart_irq.o(.emb_text) for UART0_IRQHandler
    startup_lpc17xx.o(.ARM.__at_0x02FC) refers (Special) to heapauxi.o(.text) for __use_two_region_memory
    startup_lpc17xx.o(.text) refers (Special) to heapauxi.o(.text) for __use_two_region_memory
    startup_lpc17xx.o(.text) refers to system_lpc17xx.o(i.SystemInit) for SystemInit
    startup_lpc17xx.o(.text) refers to __main.o(!!!main) for __main
    startup_lpc17xx.o(.text) refers to startup_lpc17xx.o(HEAP) for Heap_Mem
    startup_lpc17xx.o(.text) refers to startup_lpc17xx.o(STACK) for Stack_Mem
    system_lpc17xx.o(i.SystemCoreClockUpdate) refers to lludivv7m.o(.text) for __aeabi_uldivmod
    system_lpc17xx.o(i.SystemCoreClockUpdate) refers to system_lpc17xx.o(.data) for SystemCoreClock
    __main.o(!!!main) refers to __rtentry.o(.ARM.Collect$$rtentry$$00000000) for __rt_entry
    __rtentry.o(.ARM.Collect$$rtentry$$00000000) refers (Special) to __rtentry2.o(.ARM.Collect$$rtentry$$0000000A) for __rt_entry_li
    __rtentry.o(.ARM.Collect$$rtentry$$00000000) refers (Special) to __rtentry2.o(.ARM.Collect$$rtentry$$0000000D) for __rt_entry_main
    __rtentry.o(.ARM.Collect$$rtentry$$00000000) refers (Special) to __rtentry2.o(.ARM.Collect$$rtentry$$0000000C) for __rt_entry_postli_1
    __rtentry.o(.ARM.Collect$$rtentry$$00000000) refers (Special) to __rtentry2.o(.ARM.Collect$$rtentry$$00000009) for __rt_entry_postsh_1
    __rtentry.o(.ARM.Collect$$rtentry$$00000000) refers (Special) to __rtentry2.o(.ARM.Collect$$rtentry$$00000002) for __rt_entry_presh_1
    __rtentry.o(.ARM.Collect$$rtentry$$00000000) refers (Special) to __rtentry4.o(.ARM.Collect$$rtentry$$00000004) for __rt_entry_sh
    aeabi_ldiv0_sigfpe.o(.text) refers to rt_div0.o(.text) for __rt_div0
    __rtentry2.o(.ARM.Collect$$rtentry$$00000008) refers to boardinit2.o(.text) for _platform_post_stackheap_init
    __rtentry2.o(.ARM.Collect$$rtentry$$0000000A) refers to libinit.o(.ARM.Collect$$libinit$$00000000) for __rt_lib_init
    __rtentry2.o(.ARM.Collect$$rtentry$$0000000B) refers to boardinit3.o(.text) for _platform_post_lib_init
    __rtentry2.o(.ARM.Collect$$rtentry$$0000000D) refers to main_svc.o(i.main) for main
    __rtentry2.o(.ARM.Collect$$rtentry$$0000000D) refers to exit.o(.text) for exit
    __rtentry2.o(.ARM.exidx) refers to __rtentry2.o(.ARM.Collect$$rtentry$$00000001) for .ARM.Collect$$rtentry$$00000001
    __rtentry2.o(.ARM.exidx) refers to __rtentry2.o(.ARM.Collect$$rtentry$$00000008) for .ARM.Collect$$rtentry$$00000008
    __rtentry2.o(.ARM.exidx) refers to __rtentry2.o(.ARM.Collect$$rtentry$$0000000A) for .ARM.Collect$$rtentry$$0000000A
    __rtentry2.o(.ARM.exidx) refers to __rtentry2.o(.ARM.Collect$$rtentry$$0000000B) for .ARM.Collect$$rtentry$$0000000B
    __rtentry2.o(.ARM.exidx) refers to __rtentry2.o(.ARM.Collect$$rtentry$$0000000D) for .ARM.Collect$$rtentry$$0000000D
    __rtentry4.o(.ARM.Collect$$rtentry$$00000004) refers to sys_stackheap_outer.o(.text) for __user_setup_stackheap
    __rtentry4.o(.ARM.exidx) refers to __rtentry4.o(.ARM.Collect$$rtentry$$00000004) for .ARM.Collect$$rtentry$$00000004
    rt_div0.o(.text) refers to defsig_fpe_outer.o(.text) for __rt_SIGFPE
    sys_stackheap_outer.o(.text) refers to libspace.o(.text) for __user_perproc_libspace
    sys_stackheap_outer.o(.text) refers to startup_lpc17xx.o(.text) for __user_initial_stackheap
    exit.o(.text) refers to rtexit.o(.ARM.Collect$$rtexit$$00000000) for __rt_exit
    defsig_fpe_outer.o(.text) refers to defsig_fpe_inner.o(.text) for __rt_SIGFPE_inner
    defsig_fpe_outer.o(.text) refers to defsig_exit.o(.text) for __sig_exit
    defsig_fpe_formal.o(.text) refers to rt_raise.o(.text) for __rt_raise
    libinit.o(.ARM.Collect$$libinit$$00000000) refers (Special) to libinit2.o(.ARM.Collect$$libinit$$0000002E) for __rt_lib_init_alloca_1
    libinit.o(.ARM.Collect$$libinit$$00000000) refers (Special) to libinit2.o(.ARM.Collect$$libinit$$0000002C) for __rt_lib_init_argv_1
    libinit.o(.ARM.Collect$$libinit$$00000000) refers (Special) to libinit2.o(.ARM.Collect$$libinit$$0000001B) for __rt_lib_init_atexit_1
    libinit.o(.ARM.Collect$$libinit$$00000000) refers (Special) to libinit2.o(.ARM.Collect$$libinit$$00000021) for __rt_lib_init_clock_1
    libinit.o(.ARM.Collect$$libinit$$00000000) refers (Special) to libinit2.o(.ARM.Collect$$libinit$$00000032) for __rt_lib_init_cpp_1
    libinit.o(.ARM.Collect$$libinit$$00000000) refers (Special) to libinit2.o(.ARM.Collect$$libinit$$00000030) for __rt_lib_init_exceptions_1
    libinit.o(.ARM.Collect$$libinit$$00000000) refers (Special) to libinit2.o(.ARM.Collect$$libinit$$00000002) for __rt_lib_init_fp_1
    libinit.o(.ARM.Collect$$libinit$$00000000) refers (Special) to libinit2.o(.ARM.Collect$$libinit$$0000001F) for __rt_lib_init_fp_trap_1
    libinit.o(.ARM.Collect$$libinit$$00000000) refers (Special) to libinit2.o(.ARM.Collect$$libinit$$00000023) for __rt_lib_init_getenv_1
    libinit.o(.ARM.Collect$$libinit$$00000000) refers (Special) to libinit2.o(.ARM.Collect$$libinit$$0000000A) for __rt_lib_init_heap_1
    libinit.o(.ARM.Collect$$libinit$$00000000) refers (Special) to libinit2.o(.ARM.Collect$$libinit$$00000011) for __rt_lib_init_lc_collate_1
    libinit.o(.ARM.Collect$$libinit$$00000000) refers (Special) to libinit2.o(.ARM.Collect$$libinit$$00000013) for __rt_lib_init_lc_ctype_1
    libinit.o(.ARM.Collect$$libinit$$00000000) refers (Special) to libinit2.o(.ARM.Collect$$libinit$$00000015) for __rt_lib_init_lc_monetary_1
    libinit.o(.ARM.Collect$$libinit$$00000000) refers (Special) to libinit2.o(.ARM.Collect$$libinit$$00000017) for __rt_lib_init_lc_numeric_1
    libinit.o(.ARM.Collect$$libinit$$00000000) refers (Special) to libinit2.o(.ARM.Collect$$libinit$$00000019) for __rt_lib_init_lc_time_1
    libinit.o(.ARM.Collect$$libinit$$00000000) refers (Special) to libinit2.o(.ARM.Collect$$libinit$$00000004) for __rt_lib_init_preinit_1
    libinit.o(.ARM.Collect$$libinit$$00000000) refers (Special) to libinit2.o(.ARM.Collect$$libinit$$0000000E) for __rt_lib_init_rand_1
    libinit.o(.ARM.Collect$$libinit$$00000000) refers (Special) to libinit2.o(.ARM.Collect$$libinit$$00000033) for __rt_lib_init_return
    libinit.o(.ARM.Collect$$libinit$$00000000) refers (Special) to libinit2.o(.ARM.Collect$$libinit$$0000001D) for __rt_lib_init_signal_1
    libinit.o(.ARM.Collect$$libinit$$00000000) refers (Special) to libinit2.o(.ARM.Collect$$libinit$$00000025) for __rt_lib_init_stdio_1
    libinit.o(.ARM.Collect$$libinit$$00000000) refers (Special) to libinit2.o(.ARM.Collect$$libinit$$0000000C) for __rt_lib_init_user_alloc_1
    libspace.o(.text) refers to libspace.o(.bss) for __libspace_start
    rtexit.o(.ARM.Collect$$rtexit$$00000000) refers (Special) to rtexit2.o(.ARM.Collect$$rtexit$$00000004) for __rt_exit_exit
    rtexit.o(.ARM.Collect$$rtexit$$00000000) refers (Special) to rtexit2.o(.ARM.Collect$$rtexit$$00000003) for __rt_exit_ls
    rtexit.o(.ARM.Collect$$rtexit$$00000000) refers (Special) to rtexit2.o(.ARM.Collect$$rtexit$$00000002) for __rt_exit_prels_1
    rtexit.o(.ARM.exidx) refers (Special) to rtexit2.o(.ARM.Collect$$rtexit$$00000004) for __rt_exit_exit
    rtexit.o(.ARM.exidx) refers (Special) to rtexit2.o(.ARM.Collect$$rtexit$$00000003) for __rt_exit_ls
    rtexit.o(.ARM.exidx) refers (Special) to rtexit2.o(.ARM.Collect$$rtexit$$00000002) for __rt_exit_prels_1
    rtexit.o(.ARM.exidx) refers to rtexit.o(.ARM.Collect$$rtexit$$00000000) for .ARM.Collect$$rtexit$$00000000
    rt_raise.o(.text) refers to __raise.o(.text) for __raise
    rt_raise.o(.text) refers to sys_exit.o(.text) for _sys_exit
    defsig_exit.o(.text) refers to sys_exit.o(.text) for _sys_exit
    defsig_fpe_inner.o(.text) refers to defsig_general.o(.text) for __default_signal_display
    libinit2.o(.ARM.Collect$$libinit$$00000010) refers to libinit2.o(.ARM.Collect$$libinit$$0000000F) for .ARM.Collect$$libinit$$0000000F
    libinit2.o(.ARM.Collect$$libinit$$00000012) refers to libinit2.o(.ARM.Collect$$libinit$$0000000F) for .ARM.Collect$$libinit$$0000000F
    libinit2.o(.ARM.Collect$$libinit$$00000014) refers to libinit2.o(.ARM.Collect$$libinit$$0000000F) for .ARM.Collect$$libinit$$0000000F
    libinit2.o(.ARM.Collect$$libinit$$00000016) refers to libinit2.o(.ARM.Collect$$libinit$$0000000F) for .ARM.Collect$$libinit$$0000000F
    libinit2.o(.ARM.Collect$$libinit$$00000018) refers to libinit2.o(.ARM.Collect$$libinit$$0000000F) for .ARM.Collect$$libinit$$0000000F
    libinit2.o(.ARM.Collect$$libinit$$00000026) refers to argv_veneer.o(.emb_text) for __ARM_argv_veneer
    libinit2.o(.ARM.Collect$$libinit$$00000027) refers to argv_veneer.o(.emb_text) for __ARM_argv_veneer
    sys_exit.o(.text) refers (Special) to use_no_semi.o(.text) for __I$use$semihosting
    sys_exit.o(.text) refers (Special) to indicate_semi.o(.text) for __semihosting_library_function
    rtexit2.o(.ARM.Collect$$rtexit$$00000003) refers to libshutdown.o(.ARM.Collect$$libshutdown$$00000000) for __rt_lib_shutdown
    rtexit2.o(.ARM.Collect$$rtexit$$00000004) refers to sys_exit.o(.text) for _sys_exit
    rtexit2.o(.ARM.exidx) refers to rtexit2.o(.ARM.Collect$$rtexit$$00000001) for .ARM.Collect$$rtexit$$00000001
    rtexit2.o(.ARM.exidx) refers to rtexit2.o(.ARM.Collect$$rtexit$$00000003) for .ARM.Collect$$rtexit$$00000003
    rtexit2.o(.ARM.exidx) refers to rtexit2.o(.ARM.Collect$$rtexit$$00000004) for .ARM.Collect$$rtexit$$00000004
    __raise.o(.text) refers to defsig.o(CL$$defsig) for __default_signal_handler
    defsig_general.o(.text) refers to sys_wrch.o(.text) for _ttywrch
    argv_veneer.o(.emb_text) refers to no_argv.o(.text) for __ARM_get_argv
    sys_wrch.o(.text) refers (Special) to use_no_semi.o(.text) for __I$use$semihosting
    sys_wrch.o(.text) refers (Special) to indicate_semi.o(.text) for __semihosting_library_function
    defsig.o(CL$$defsig) refers to defsig_fpe_inner.o(.text) for __rt_SIGFPE_inner
    defsig.o(CL$$defsig) refers to defsig_rtmem_inner.o(.text) for __rt_SIGRTMEM_inner
    _get_argv_nomalloc.o(.text) refers (Special) to hrguard.o(.text) for __heap_region$guard
    _get_argv_nomalloc.o(.text) refers to defsig_rtmem_outer.o(.text) for __rt_SIGRTMEM
    _get_argv_nomalloc.o(.text) refers to sys_command.o(.text) for _sys_command_string
    libshutdown.o(.ARM.Collect$$libshutdown$$00000000) refers (Special) to libshutdown2.o(.ARM.Collect$$libshutdown$$00000002) for __rt_lib_shutdown_cpp_1
    libshutdown.o(.ARM.Collect$$libshutdown$$00000000) refers (Special) to libshutdown2.o(.ARM.Collect$$libshutdown$$00000007) for __rt_lib_shutdown_fp_trap_1
    libshutdown.o(.ARM.Collect$$libshutdown$$00000000) refers (Special) to libshutdown2.o(.ARM.Collect$$libshutdown$$0000000F) for __rt_lib_shutdown_heap_1
    libshutdown.o(.ARM.Collect$$libshutdown$$00000000) refers (Special) to libshutdown2.o(.ARM.Collect$$libshutdown$$00000010) for __rt_lib_shutdown_return
    libshutdown.o(.ARM.Collect$$libshutdown$$00000000) refers (Special) to libshutdown2.o(.ARM.Collect$$libshutdown$$0000000A) for __rt_lib_shutdown_signal_1
    libshutdown.o(.ARM.Collect$$libshutdown$$00000000) refers (Special) to libshutdown2.o(.ARM.Collect$$libshutdown$$00000004) for __rt_lib_shutdown_stdio_1
    libshutdown.o(.ARM.Collect$$libshutdown$$00000000) refers (Special) to libshutdown2.o(.ARM.Collect$$libshutdown$$0000000C) for __rt_lib_shutdown_user_alloc_1
    sys_command.o(.text) refers (Special) to use_no_semi.o(.text) for __I$use$semihosting
    sys_command.o(.text) refers (Special) to indicate_semi.o(.text) for __semihosting_library_function
    defsig_abrt_inner.o(.text) refers to defsig_general.o(.text) for __default_signal_display
    defsig_rtred_inner.o(.text) refers to defsig_general.o(.text) for __default_signal_display
    defsig_rtmem_inner.o(.text) refers to defsig_general.o(.text) for __default_signal_display
    defsig_rtmem_outer.o(.text) refers to defsig_rtmem_inner.o(.text) for __rt_SIGRTMEM_inner
    defsig_rtmem_outer.o(.text) refers to defsig_exit.o(.text) for __sig_exit
    defsig_rtmem_formal.o(.text) refers to rt_raise.o(.text) for __rt_raise
    defsig_stak_inner.o(.text) refers to defsig_general.o(.text) for __default_signal_display
    defsig_pvfn_inner.o(.text) refers to defsig_general.o(.text) for __default_signal_display
    defsig_cppl_inner.o(.text) refers to defsig_general.o(.text) for __default_signal_display
    defsig_segv_inner.o(.text) refers to defsig_general.o(.text) for __default_signal_display
    defsig_other.o(.text) refers to defsig_general.o(.text) for __default_signal_display


==============================================================================

Removing Unused input sections from the image.

    Removing main_svc.o(.rev16_text), (4 bytes).
    Removing main_svc.o(.revsh_text), (4 bytes).
    Removing main_svc.o(.rrx_text), (6 bytes).
    Removing printf.o(i.a2d), (50 bytes).
    Removing printf.o(i.a2i), (58 bytes).
    Removing printf.o(i.i2a), (32 bytes).
    Removing printf.o(i.putchw), (82 bytes).
    Removing printf.o(i.putcp), (10 bytes).
    Removing printf.o(i.tfp_format), (296 bytes).
    Removing printf.o(i.tfp_printf), (44 bytes).
    Removing printf.o(i.tfp_sprintf), (44 bytes).
    Removing printf.o(i.ui2a), (86 bytes).
    Removing uart_polling.o(.rev16_text), (4 bytes).
    Removing uart_polling.o(.revsh_text), (4 bytes).
    Removing uart_polling.o(.rrx_text), (6 bytes).
    Removing uart_polling.o(i.uart_get_char), (48 bytes).
    Removing k_memory.o(.rev16_text), (4 bytes).
    Removing k_memory.o(.revsh_text), (4 bytes).
    Removing k_memory.o(.rrx_text), (6 bytes).
    Removing k_msg.o(.rev16_text), (4 bytes).
    Removing k_msg.o(.revsh_text), (4 bytes).
    Removing k_msg.o(.rrx_text), (6 bytes).
    Removing k_msg.o(i.k_delayed_send), (42 bytes).
    Removing k_process.o(.rev16_text), (4 bytes).
    Removing k_process.o(.revsh_text), (4 bytes).
    Removing k_process.o(.rrx_text), (6 bytes).
    Removing k_process.o(i.k_get_process_priority), (30 bytes).
    Removing k_process.o(i.pq_remove_by_pid_ready), (20 bytes).
    Removing k_process.o(i.scheduler_tms), (40 bytes).
    Removing k_rtx_init.o(.rev16_text), (4 bytes).
    Removing k_rtx_init.o(.revsh_text), (4 bytes).
    Removing k_rtx_init.o(.rrx_text), (6 bytes).
    Removing k_priority_queue.o(.rev16_text), (4 bytes).
    Removing k_priority_queue.o(.revsh_text), (4 bytes).
    Removing k_priority_queue.o(.rrx_text), (6 bytes).
    Removing k_priority_queue.o(i.pq_print), (100 bytes).
    Removing k_queue.o(.rev16_text), (4 bytes).
    Removing k_queue.o(.revsh_text), (4 bytes).
    Removing k_queue.o(.rrx_text), (6 bytes).
    Removing k_sys_procs.o(.rev16_text), (4 bytes).
    Removing k_sys_procs.o(.revsh_text), (4 bytes).
    Removing k_sys_procs.o(.rrx_text), (6 bytes).
    Removing uart_irq.o(.rev16_text), (4 bytes).
    Removing uart_irq.o(.revsh_text), (4 bytes).
    Removing uart_irq.o(.rrx_text), (6 bytes).
    Removing k_sys_proc_kcd.o(.rev16_text), (4 bytes).
    Removing k_sys_proc_kcd.o(.revsh_text), (4 bytes).
    Removing k_sys_proc_kcd.o(.rrx_text), (6 bytes).
    Removing timer.o(.rev16_text), (4 bytes).
    Removing timer.o(.revsh_text), (4 bytes).
    Removing timer.o(.rrx_text), (6 bytes).
    Removing ae_proc_12.o(.rev16_text), (4 bytes).
    Removing ae_proc_12.o(.revsh_text), (4 bytes).
    Removing ae_proc_12.o(.rrx_text), (6 bytes).
    Removing ae_proc_12.o(.conststring), (13 bytes).
    Removing ae_proc_12.o(.data), (16 bytes).
    Removing ae_2.o(.rev16_text), (4 bytes).
    Removing ae_2.o(.revsh_text), (4 bytes).
    Removing ae_2.o(.rrx_text), (6 bytes).
    Removing ae_timer_2.o(.rev16_text), (4 bytes).
    Removing ae_timer_2.o(.revsh_text), (4 bytes).
    Removing ae_timer_2.o(.rrx_text), (6 bytes).
    Removing ae_timer_2.o(i.ae_get_tick), (32 bytes).
    Removing ae_timer_2.o(i.ae_get_tick_diff), (92 bytes).
    Removing ae_util_1.o(i.assertTest), (92 bytes).
    Removing ae_util_1.o(i.printFraction), (28 bytes).
    Removing ae_util_1.o(i.printSummary), (120 bytes).
    Removing ae_util_1.o(i.printUart1), (48 bytes).
    Removing ae_util_1.o(i.uart0_printMsgText), (36 bytes).
    Removing system_lpc17xx.o(.rev16_text), (4 bytes).
    Removing system_lpc17xx.o(.revsh_text), (4 bytes).
    Removing system_lpc17xx.o(.rrx_text), (6 bytes).
    Removing system_lpc17xx.o(i.SystemCoreClockUpdate), (424 bytes).
    Removing system_lpc17xx.o(.data), (4 bytes).

74 unused section(s) (total 2111 bytes) removed from the image.

==============================================================================

Image Symbol Table

    Local Symbols

    Symbol Name                              Value     Ov Type        Size  Object(Section)

    RESET                                    0x00000000   Section      204  startup_lpc17xx.o(RESET)
    ../clib/angel/boardlib.s                 0x00000000   Number         0  boardinit3.o ABSOLUTE
    ../clib/angel/boardlib.s                 0x00000000   Number         0  boardinit2.o ABSOLUTE
    ../clib/angel/boardlib.s                 0x00000000   Number         0  boardinit1.o ABSOLUTE
    ../clib/angel/boardlib.s                 0x00000000   Number         0  boardshut.o ABSOLUTE
    ../clib/angel/handlers.s                 0x00000000   Number         0  __scatter_copy.o ABSOLUTE
    ../clib/angel/handlers.s                 0x00000000   Number         0  __scatter_zi.o ABSOLUTE
    ../clib/angel/kernel.s                   0x00000000   Number         0  __rtentry.o ABSOLUTE
    ../clib/angel/kernel.s                   0x00000000   Number         0  rtexit.o ABSOLUTE
    ../clib/angel/kernel.s                   0x00000000   Number         0  rtexit2.o ABSOLUTE
    ../clib/angel/kernel.s                   0x00000000   Number         0  __rtentry4.o ABSOLUTE
    ../clib/angel/kernel.s                   0x00000000   Number         0  __rtentry2.o ABSOLUTE
    ../clib/angel/rt.s                       0x00000000   Number         0  rt_div0.o ABSOLUTE
    ../clib/angel/rt.s                       0x00000000   Number         0  rt_raise.o ABSOLUTE
    ../clib/angel/rt.s                       0x00000000   Number         0  aeabi_ldiv0_sigfpe.o ABSOLUTE
    ../clib/angel/rt.s                       0x00000000   Number         0  aeabi_ldiv0.o ABSOLUTE
    ../clib/angel/scatter.s                  0x00000000   Number         0  __scatter.o ABSOLUTE
    ../clib/angel/startup.s                  0x00000000   Number         0  __main.o ABSOLUTE
    ../clib/angel/sys.s                      0x00000000   Number         0  indicate_semi.o ABSOLUTE
    ../clib/angel/sys.s                      0x00000000   Number         0  libspace.o ABSOLUTE
    ../clib/angel/sys.s                      0x00000000   Number         0  use_no_semi.o ABSOLUTE
    ../clib/angel/sys.s                      0x00000000   Number         0  sys_stackheap_outer.o ABSOLUTE
    ../clib/angel/sysapp.c                   0x00000000   Number         0  sys_exit.o ABSOLUTE
    ../clib/angel/sysapp.c                   0x00000000   Number         0  sys_wrch.o ABSOLUTE
    ../clib/angel/sysapp.c                   0x00000000   Number         0  sys_command.o ABSOLUTE
    ../clib/armsys.c                         0x00000000   Number         0  _get_argv_nomalloc.o ABSOLUTE
    ../clib/armsys.c                         0x00000000   Number         0  argv_veneer.o ABSOLUTE
    ../clib/armsys.c                         0x00000000   Number         0  argv_veneer.o ABSOLUTE
    ../clib/armsys.c                         0x00000000   Number         0  no_argv.o ABSOLUTE
    ../clib/heapalloc.c                      0x00000000   Number         0  hrguard.o ABSOLUTE
    ../clib/heapaux.c                        0x00000000   Number         0  heapauxi.o ABSOLUTE
    ../clib/libinit.s                        0x00000000   Number         0  libshutdown2.o ABSOLUTE
    ../clib/libinit.s                        0x00000000   Number         0  libinit2.o ABSOLUTE
    ../clib/libinit.s                        0x00000000   Number         0  libinit.o ABSOLUTE
    ../clib/libinit.s                        0x00000000   Number         0  libshutdown.o ABSOLUTE
    ../clib/longlong.s                       0x00000000   Number         0  lludivv7m.o ABSOLUTE
    ../clib/signal.c                         0x00000000   Number         0  defsig_fpe_formal.o ABSOLUTE
    ../clib/signal.c                         0x00000000   Number         0  defsig_fpe_inner.o ABSOLUTE
    ../clib/signal.c                         0x00000000   Number         0  defsig_exit.o ABSOLUTE
    ../clib/signal.c                         0x00000000   Number         0  __raise.o ABSOLUTE
    ../clib/signal.c                         0x00000000   Number         0  defsig_general.o ABSOLUTE
    ../clib/signal.c                         0x00000000   Number         0  defsig_rtmem_formal.o ABSOLUTE
    ../clib/signal.c                         0x00000000   Number         0  defsig_fpe_outer.o ABSOLUTE
    ../clib/signal.c                         0x00000000   Number         0  defsig_rtmem_inner.o ABSOLUTE
    ../clib/signal.c                         0x00000000   Number         0  defsig_abrt_inner.o ABSOLUTE
    ../clib/signal.c                         0x00000000   Number         0  defsig_rtred_inner.o ABSOLUTE
    ../clib/signal.c                         0x00000000   Number         0  defsig_other.o ABSOLUTE
    ../clib/signal.c                         0x00000000   Number         0  defsig_segv_inner.o ABSOLUTE
    ../clib/signal.c                         0x00000000   Number         0  defsig_cppl_inner.o ABSOLUTE
    ../clib/signal.c                         0x00000000   Number         0  defsig_pvfn_inner.o ABSOLUTE
    ../clib/signal.c                         0x00000000   Number         0  defsig_stak_inner.o ABSOLUTE
    ../clib/signal.c                         0x00000000   Number         0  defsig_rtmem_outer.o ABSOLUTE
    ../clib/signal.s                         0x00000000   Number         0  defsig.o ABSOLUTE
    ../clib/stdlib.c                         0x00000000   Number         0  exit.o ABSOLUTE
    ../fplib/fpinit.s                        0x00000000   Number         0  fpinit.o ABSOLUTE
    ..\Auto_Test\P3\ae.c                     0x00000000   Number         0  ae_2.o ABSOLUTE
    ..\Auto_Test\P3\ae_proc_12.c             0x00000000   Number         0  ae_proc_12.o ABSOLUTE
    ..\\Auto_Test\\P3\\ae.c                  0x00000000   Number         0  ae_2.o ABSOLUTE
    ..\\Auto_Test\\P3\\ae_proc_12.c          0x00000000   Number         0  ae_proc_12.o ABSOLUTE
    RTE\Device\LPC1768\startup_LPC17xx.s     0x00000000   Number         0  startup_lpc17xx.o ABSOLUTE
    RTE\Device\LPC1768\system_LPC17xx.c      0x00000000   Number         0  system_lpc17xx.o ABSOLUTE
    RTE\\Device\\LPC1768\\system_LPC17xx.c   0x00000000   Number         0  system_lpc17xx.o ABSOLUTE
    dc.s                                     0x00000000   Number         0  dc.o ABSOLUTE
    src\HAL.c                                0x00000000   Number         0  hal.o ABSOLUTE
    src\\HAL.c                               0x00000000   Number         0  hal.o ABSOLUTE
    src\\ae_timer.c                          0x00000000   Number         0  ae_timer_2.o ABSOLUTE
    src\\k_memory.c                          0x00000000   Number         0  k_memory.o ABSOLUTE
    src\\k_msg.c                             0x00000000   Number         0  k_msg.o ABSOLUTE
    src\\k_priority_queue.c                  0x00000000   Number         0  k_priority_queue.o ABSOLUTE
    src\\k_process.c                         0x00000000   Number         0  k_process.o ABSOLUTE
    src\\k_queue.c                           0x00000000   Number         0  k_queue.o ABSOLUTE
    src\\k_rtx_init.c                        0x00000000   Number         0  k_rtx_init.o ABSOLUTE
    src\\k_sys_proc_kcd.c                    0x00000000   Number         0  k_sys_proc_kcd.o ABSOLUTE
    src\\k_sys_procs.c                       0x00000000   Number         0  k_sys_procs.o ABSOLUTE
    src\\main_svc.c                          0x00000000   Number         0  main_svc.o ABSOLUTE
    src\\timer.c                             0x00000000   Number         0  timer.o ABSOLUTE
    src\\uart_irq.c                          0x00000000   Number         0  uart_irq.o ABSOLUTE
    src\\uart_polling.c                      0x00000000   Number         0  uart_polling.o ABSOLUTE
    src\ae_timer.c                           0x00000000   Number         0  ae_timer_2.o ABSOLUTE
    src\ae_util.c                            0x00000000   Number         0  ae_util_1.o ABSOLUTE
    src\k_memory.c                           0x00000000   Number         0  k_memory.o ABSOLUTE
    src\k_msg.c                              0x00000000   Number         0  k_msg.o ABSOLUTE
    src\k_priority_queue.c                   0x00000000   Number         0  k_priority_queue.o ABSOLUTE
    src\k_process.c                          0x00000000   Number         0  k_process.o ABSOLUTE
    src\k_queue.c                            0x00000000   Number         0  k_queue.o ABSOLUTE
    src\k_rtx_init.c                         0x00000000   Number         0  k_rtx_init.o ABSOLUTE
    src\k_sys_proc_kcd.c                     0x00000000   Number         0  k_sys_proc_kcd.o ABSOLUTE
    src\k_sys_procs.c                        0x00000000   Number         0  k_sys_procs.o ABSOLUTE
    src\main_svc.c                           0x00000000   Number         0  main_svc.o ABSOLUTE
    src\printf.c                             0x00000000   Number         0  printf.o ABSOLUTE
    src\timer.c                              0x00000000   Number         0  timer.o ABSOLUTE
    src\uart_irq.c                           0x00000000   Number         0  uart_irq.o ABSOLUTE
    src\uart_polling.c                       0x00000000   Number         0  uart_polling.o ABSOLUTE
    !!!main                                  0x000000cc   Section        8  __main.o(!!!main)
    !!!scatter                               0x000000d4   Section       52  __scatter.o(!!!scatter)
    !!handler_copy                           0x00000108   Section       26  __scatter_copy.o(!!handler_copy)
    !!handler_zi                             0x00000124   Section       28  __scatter_zi.o(!!handler_zi)
    .ARM.Collect$$libinit$$00000000          0x00000140   Section        2  libinit.o(.ARM.Collect$$libinit$$00000000)
    .ARM.Collect$$libinit$$00000002          0x00000142   Section        0  libinit2.o(.ARM.Collect$$libinit$$00000002)
    .ARM.Collect$$libinit$$00000004          0x00000142   Section        0  libinit2.o(.ARM.Collect$$libinit$$00000004)
    .ARM.Collect$$libinit$$0000000A          0x00000142   Section        0  libinit2.o(.ARM.Collect$$libinit$$0000000A)
    .ARM.Collect$$libinit$$0000000C          0x00000142   Section        0  libinit2.o(.ARM.Collect$$libinit$$0000000C)
    .ARM.Collect$$libinit$$0000000E          0x00000142   Section        0  libinit2.o(.ARM.Collect$$libinit$$0000000E)
    .ARM.Collect$$libinit$$00000011          0x00000142   Section        0  libinit2.o(.ARM.Collect$$libinit$$00000011)
    .ARM.Collect$$libinit$$00000013          0x00000142   Section        0  libinit2.o(.ARM.Collect$$libinit$$00000013)
    .ARM.Collect$$libinit$$00000015          0x00000142   Section        0  libinit2.o(.ARM.Collect$$libinit$$00000015)
    .ARM.Collect$$libinit$$00000017          0x00000142   Section        0  libinit2.o(.ARM.Collect$$libinit$$00000017)
    .ARM.Collect$$libinit$$00000019          0x00000142   Section        0  libinit2.o(.ARM.Collect$$libinit$$00000019)
    .ARM.Collect$$libinit$$0000001B          0x00000142   Section        0  libinit2.o(.ARM.Collect$$libinit$$0000001B)
    .ARM.Collect$$libinit$$0000001D          0x00000142   Section        0  libinit2.o(.ARM.Collect$$libinit$$0000001D)
    .ARM.Collect$$libinit$$0000001F          0x00000142   Section        0  libinit2.o(.ARM.Collect$$libinit$$0000001F)
    .ARM.Collect$$libinit$$00000021          0x00000142   Section        0  libinit2.o(.ARM.Collect$$libinit$$00000021)
    .ARM.Collect$$libinit$$00000023          0x00000142   Section        0  libinit2.o(.ARM.Collect$$libinit$$00000023)
    .ARM.Collect$$libinit$$00000025          0x00000142   Section        0  libinit2.o(.ARM.Collect$$libinit$$00000025)
    .ARM.Collect$$libinit$$0000002C          0x00000142   Section        0  libinit2.o(.ARM.Collect$$libinit$$0000002C)
    .ARM.Collect$$libinit$$0000002E          0x00000142   Section        0  libinit2.o(.ARM.Collect$$libinit$$0000002E)
    .ARM.Collect$$libinit$$00000030          0x00000142   Section        0  libinit2.o(.ARM.Collect$$libinit$$00000030)
    .ARM.Collect$$libinit$$00000032          0x00000142   Section        0  libinit2.o(.ARM.Collect$$libinit$$00000032)
    .ARM.Collect$$libinit$$00000033          0x00000142   Section        2  libinit2.o(.ARM.Collect$$libinit$$00000033)
    .ARM.Collect$$libshutdown$$00000000      0x00000144   Section        2  libshutdown.o(.ARM.Collect$$libshutdown$$00000000)
    .ARM.Collect$$libshutdown$$00000002      0x00000146   Section        0  libshutdown2.o(.ARM.Collect$$libshutdown$$00000002)
    .ARM.Collect$$libshutdown$$00000004      0x00000146   Section        0  libshutdown2.o(.ARM.Collect$$libshutdown$$00000004)
    .ARM.Collect$$libshutdown$$00000007      0x00000146   Section        0  libshutdown2.o(.ARM.Collect$$libshutdown$$00000007)
    .ARM.Collect$$libshutdown$$0000000A      0x00000146   Section        0  libshutdown2.o(.ARM.Collect$$libshutdown$$0000000A)
    .ARM.Collect$$libshutdown$$0000000C      0x00000146   Section        0  libshutdown2.o(.ARM.Collect$$libshutdown$$0000000C)
    .ARM.Collect$$libshutdown$$0000000F      0x00000146   Section        0  libshutdown2.o(.ARM.Collect$$libshutdown$$0000000F)
    .ARM.Collect$$libshutdown$$00000010      0x00000146   Section        2  libshutdown2.o(.ARM.Collect$$libshutdown$$00000010)
    .ARM.Collect$$rtentry$$00000000          0x00000148   Section        0  __rtentry.o(.ARM.Collect$$rtentry$$00000000)
    .ARM.Collect$$rtentry$$00000002          0x00000148   Section        0  __rtentry2.o(.ARM.Collect$$rtentry$$00000002)
    .ARM.Collect$$rtentry$$00000004          0x00000148   Section        6  __rtentry4.o(.ARM.Collect$$rtentry$$00000004)
    .ARM.Collect$$rtentry$$00000009          0x0000014e   Section        0  __rtentry2.o(.ARM.Collect$$rtentry$$00000009)
    .ARM.Collect$$rtentry$$0000000A          0x0000014e   Section        4  __rtentry2.o(.ARM.Collect$$rtentry$$0000000A)
    .ARM.Collect$$rtentry$$0000000C          0x00000152   Section        0  __rtentry2.o(.ARM.Collect$$rtentry$$0000000C)
    .ARM.Collect$$rtentry$$0000000D          0x00000152   Section        8  __rtentry2.o(.ARM.Collect$$rtentry$$0000000D)
    .ARM.Collect$$rtexit$$00000000           0x0000015a   Section        2  rtexit.o(.ARM.Collect$$rtexit$$00000000)
    .ARM.Collect$$rtexit$$00000002           0x0000015c   Section        0  rtexit2.o(.ARM.Collect$$rtexit$$00000002)
    .ARM.Collect$$rtexit$$00000003           0x0000015c   Section        4  rtexit2.o(.ARM.Collect$$rtexit$$00000003)
    .ARM.Collect$$rtexit$$00000004           0x00000160   Section        6  rtexit2.o(.ARM.Collect$$rtexit$$00000004)
    .emb_text                                0x00000168   Section       52  hal.o(.emb_text)
    .emb_text                                0x0000019c   Section       72  uart_irq.o(.emb_text)
    .emb_text                                0x000001e4   Section       76  timer.o(.emb_text)
    .text                                    0x00000230   Section       60  startup_lpc17xx.o(.text)
    .text                                    0x0000026c   Section        0  heapauxi.o(.text)
    .text                                    0x00000272   Section       74  sys_stackheap_outer.o(.text)
    .text                                    0x000002bc   Section        0  exit.o(.text)
    .text                                    0x000002d0   Section        8  libspace.o(.text)
    .text                                    0x000002d8   Section        0  sys_exit.o(.text)
    .text                                    0x000002e4   Section        2  use_no_semi.o(.text)
    .text                                    0x000002e6   Section        0  indicate_semi.o(.text)
    i.ae_set_proc_info                       0x000002e6   Section        0  ae_2.o(i.ae_set_proc_info)
    i.nullProc                               0x000002f6   Section        0  k_sys_procs.o(i.nullProc)
    .ARM.__at_0x02FC                         0x000002fc   Section        4  startup_lpc17xx.o(.ARM.__at_0x02FC)
    i.CRTProc                                0x00000300   Section        0  k_sys_procs.o(i.CRTProc)
    i.KCDProc                                0x0000035c   Section        0  k_sys_proc_kcd.o(i.KCDProc)
    i.SystemInit                             0x0000050c   Section        0  system_lpc17xx.o(i.SystemInit)
    i.__NVIC_EnableIRQ                       0x0000064c   Section        0  uart_irq.o(i.__NVIC_EnableIRQ)
    __NVIC_EnableIRQ                         0x0000064d   Thumb Code    34  uart_irq.o(i.__NVIC_EnableIRQ)
    i.aProc                                  0x00000670   Section        0  k_sys_procs.o(i.aProc)
    i.ae_init                                0x0000068c   Section        0  ae_2.o(i.ae_init)
    i.ae_timer_init_100MHZ                   0x000006bc   Section        0  ae_timer_2.o(i.ae_timer_init_100MHZ)
    i.alloc_stack                            0x00000718   Section        0  k_memory.o(i.alloc_stack)
    i.bProc                                  0x0000073c   Section        0  k_sys_procs.o(i.bProc)
    i.cProc                                  0x00000758   Section        0  k_sys_procs.o(i.cProc)
    i.c_UART0_IRQHandler                     0x00000774   Section        0  uart_irq.o(i.c_UART0_IRQHandler)
    i.charMap                                0x0000077c   Section        0  k_sys_proc_kcd.o(i.charMap)
    i.clockProc                              0x000007a0   Section        0  k_sys_procs.o(i.clockProc)
    i.get_pcb_by_pid                         0x000007bc   Section        0  k_process.o(i.get_pcb_by_pid)
    i.hotKeyDecoder                          0x000007f4   Section        0  k_sys_proc_kcd.o(i.hotKeyDecoder)
    i.init_printf                            0x0000099c   Section        0  printf.o(i.init_printf)
    i.k_receive_message                      0x000009b0   Section        0  k_msg.o(i.k_receive_message)
    i.k_receive_message_nb                   0x00000a04   Section        0  k_msg.o(i.k_receive_message_nb)
    i.k_release_memory_block                 0x00000a3c   Section        0  k_memory.o(i.k_release_memory_block)
    i.k_release_processor                    0x00000ae0   Section        0  k_process.o(i.k_release_processor)
    i.k_request_memory_block                 0x00000b2c   Section        0  k_memory.o(i.k_request_memory_block)
    i.k_request_memory_block_nb              0x00000b7c   Section        0  k_memory.o(i.k_request_memory_block_nb)
    i.k_rtx_init                             0x00000ba4   Section        0  k_rtx_init.o(i.k_rtx_init)
    i.k_run_new_process                      0x00000bd0   Section        0  k_process.o(i.k_run_new_process)
    i.k_send_message                         0x00000c10   Section        0  k_msg.o(i.k_send_message)
    i.k_send_message_actual                  0x00000c2c   Section        0  k_msg.o(i.k_send_message_actual)
    i.k_set_process_priority                 0x00000cc0   Section        0  k_process.o(i.k_set_process_priority)
    i.main                                   0x00000d84   Section        0  main_svc.o(i.main)
    i.memory_init                            0x00000dcc   Section        0  k_memory.o(i.memory_init)
    i.pq_insert                              0x00000e5c   Section        0  k_priority_queue.o(i.pq_insert)
    i.pq_insert_blocked                      0x00000e98   Section        0  k_memory.o(i.pq_insert_blocked)
    i.pq_insert_front                        0x00000eac   Section        0  k_priority_queue.o(i.pq_insert_front)
    i.pq_insert_front_ready                  0x00000ee8   Section        0  k_process.o(i.pq_insert_front_ready)
    i.pq_insert_ready                        0x00000f0c   Section        0  k_process.o(i.pq_insert_ready)
    i.pq_remove                              0x00000f30   Section        0  k_priority_queue.o(i.pq_remove)
    i.pq_remove_by_pid                       0x00000f46   Section        0  k_priority_queue.o(i.pq_remove_by_pid)
    i.pq_remove_by_pid_blocked               0x00000f8c   Section        0  k_memory.o(i.pq_remove_by_pid_blocked)
    i.pre_rtx_init                           0x00000fa0   Section        0  main_svc.o(i.pre_rtx_init)
    i.printNumber                            0x00000fa6   Section        0  ae_util_1.o(i.printNumber)
    i.printProcAndPrio                       0x00000ff0   Section        0  k_sys_proc_kcd.o(i.printProcAndPrio)
    i.printProcState                         0x00001028   Section        0  k_sys_proc_kcd.o(i.printProcState)
    i.proc1                                  0x000010cc   Section        0  ae_proc_12.o(i.proc1)
    i.proc2                                  0x0000113c   Section        0  ae_proc_12.o(i.proc2)
    i.proc3                                  0x000011a8   Section        0  ae_proc_12.o(i.proc3)
    i.proc4                                  0x000011b8   Section        0  ae_proc_12.o(i.proc4)
    i.proc5                                  0x000011c8   Section        0  ae_proc_12.o(i.proc5)
    i.proc6                                  0x000011d8   Section        0  ae_proc_12.o(i.proc6)
    i.process_init                           0x000011e8   Section        0  k_process.o(i.process_init)
    i.process_switch                         0x000014ac   Section        0  k_process.o(i.process_switch)
    i.putc                                   0x0000153c   Section        0  uart_polling.o(i.putc)
    i.q_insert                               0x00001580   Section        0  k_queue.o(i.q_insert)
    i.q_remove                               0x0000159e   Section        0  k_queue.o(i.q_remove)
    i.q_remove_by_addr                       0x000015b8   Section        0  k_queue.o(i.q_remove_by_addr)
    i.scheduler                              0x000015f8   Section        0  k_process.o(i.scheduler)
    i.sendUARTMsg                            0x00001628   Section        0  ae_util_1.o(i.sendUARTMsg)
    i.setPrioProc                            0x00001658   Section        0  k_sys_procs.o(i.setPrioProc)
    i.set_test_procs                         0x000017e8   Section        0  ae_proc_12.o(i.set_test_procs)
    i.skipWhitespace                         0x00001854   Section        0  ae_util_1.o(i.skipWhitespace)
    i.strcpy                                 0x0000186e   Section        0  ae_util_1.o(i.strcpy)
    i.stringToNum                            0x00001884   Section        0  ae_util_1.o(i.stringToNum)
    i.timer0_iproc                           0x000018a8   Section        0  timer.o(i.timer0_iproc)
    i.timerIProc                             0x000018c8   Section        0  k_sys_procs.o(i.timerIProc)
    i.timer_init                             0x00001984   Section        0  timer.o(i.timer_init)
    i.uartIProc                              0x000019d8   Section        0  k_sys_procs.o(i.uartIProc)
    i.uart_init                              0x00001ac4   Section        0  uart_polling.o(i.uart_init)
    i.uart_irq_init                          0x00001b30   Section        0  uart_irq.o(i.uart_irq_init)
    i.uart_put_char                          0x00001bc0   Section        0  uart_polling.o(i.uart_put_char)
    i.uart_put_string                        0x00001bf4   Section        0  uart_polling.o(i.uart_put_string)
    .data                                    0x10000000   Section        8  printf.o(.data)
    stdout_putf                              0x10000000   Data           4  printf.o(.data)
    stdout_putp                              0x10000004   Data           4  printf.o(.data)
    .data                                    0x10000008   Section       20  k_memory.o(.data)
    .data                                    0x1000001c   Section        4  k_msg.o(.data)
    .data                                    0x10000020   Section       24  k_process.o(.data)
    .data                                    0x10000038   Section       16  k_sys_procs.o(.data)
    .data                                    0x10000048   Section        4  timer.o(.data)
    .bss                                     0x1000004c   Section      112  k_process.o(.bss)
    .bss                                     0x100000bc   Section      896  k_sys_proc_kcd.o(.bss)
    .bss                                     0x1000043c   Section       96  libspace.o(.bss)
    HEAP                                     0x100004a0   Section        0  startup_lpc17xx.o(HEAP)
    STACK                                    0x100004a0   Section      512  startup_lpc17xx.o(STACK)
    Heap_Mem                                 0x100004a0   Data           0  startup_lpc17xx.o(HEAP)
    Stack_Mem                                0x100004a0   Data         512  startup_lpc17xx.o(STACK)
    __initial_sp                             0x100006a0   Data           0  startup_lpc17xx.o(STACK)

    Global Symbols

    Symbol Name                              Value     Ov Type        Size  Object(Section)

    BuildAttributes$$THM_ISAv4$P$D$K$B$S$PE$A:L22UL41UL21$X:L11$S22US41US21$IEEE1$IW$USESV6$~STKCKD$USESV7$~SHL$OSPACE$ROPI$EBA8$UX$STANDARDLIB$REQ8$PRES8$EABIv2 0x00000000   Number         0  anon$$obj.o ABSOLUTE
    __ARM_use_no_argv                        0x00000000   Number         0  main_svc.o ABSOLUTE
    __Vectors                                0x00000000   Data           4  startup_lpc17xx.o(RESET)
    __ARM_exceptions_init                     - Undefined Weak Reference
    __alloca_initialize                       - Undefined Weak Reference
    __arm_preinit_                            - Undefined Weak Reference
    __cpp_initialize__aeabi_                  - Undefined Weak Reference
    __cxa_finalize                            - Undefined Weak Reference
    __rt_locale                               - Undefined Weak Reference
    __sigvec_lookup                           - Undefined Weak Reference
    _atexit_init                              - Undefined Weak Reference
    _call_atexit_fns                          - Undefined Weak Reference
    _clock_init                               - Undefined Weak Reference
    _fp_trap_init                             - Undefined Weak Reference
    _fp_trap_shutdown                         - Undefined Weak Reference
    _get_lc_collate                           - Undefined Weak Reference
    _get_lc_ctype                             - Undefined Weak Reference
    _get_lc_monetary                          - Undefined Weak Reference
    _get_lc_numeric                           - Undefined Weak Reference
    _get_lc_time                              - Undefined Weak Reference
    _getenv_init                              - Undefined Weak Reference
    _handle_redirection                       - Undefined Weak Reference
    _init_alloc                               - Undefined Weak Reference
    _init_user_alloc                          - Undefined Weak Reference
    _initio                                   - Undefined Weak Reference
    _rand_init                                - Undefined Weak Reference
    _signal_finish                            - Undefined Weak Reference
    _signal_init                              - Undefined Weak Reference
    _terminate_alloc                          - Undefined Weak Reference
    _terminate_user_alloc                     - Undefined Weak Reference
    _terminateio                              - Undefined Weak Reference
    __main                                   0x000000cd   Thumb Code     8  __main.o(!!!main)
    __scatterload                            0x000000d5   Thumb Code     0  __scatter.o(!!!scatter)
    __scatterload_rt2                        0x000000d5   Thumb Code    44  __scatter.o(!!!scatter)
    __scatterload_rt2_thumb_only             0x000000d5   Thumb Code     0  __scatter.o(!!!scatter)
    __scatterload_null                       0x000000e3   Thumb Code     0  __scatter.o(!!!scatter)
    __scatterload_copy                       0x00000109   Thumb Code    26  __scatter_copy.o(!!handler_copy)
    __scatterload_zeroinit                   0x00000125   Thumb Code    28  __scatter_zi.o(!!handler_zi)
    __rt_lib_init                            0x00000141   Thumb Code     0  libinit.o(.ARM.Collect$$libinit$$00000000)
    __rt_lib_init_alloca_1                   0x00000143   Thumb Code     0  libinit2.o(.ARM.Collect$$libinit$$0000002E)
    __rt_lib_init_argv_1                     0x00000143   Thumb Code     0  libinit2.o(.ARM.Collect$$libinit$$0000002C)
    __rt_lib_init_atexit_1                   0x00000143   Thumb Code     0  libinit2.o(.ARM.Collect$$libinit$$0000001B)
    __rt_lib_init_clock_1                    0x00000143   Thumb Code     0  libinit2.o(.ARM.Collect$$libinit$$00000021)
    __rt_lib_init_cpp_1                      0x00000143   Thumb Code     0  libinit2.o(.ARM.Collect$$libinit$$00000032)
    __rt_lib_init_exceptions_1               0x00000143   Thumb Code     0  libinit2.o(.ARM.Collect$$libinit$$00000030)
    __rt_lib_init_fp_1                       0x00000143   Thumb Code     0  libinit2.o(.ARM.Collect$$libinit$$00000002)
    __rt_lib_init_fp_trap_1                  0x00000143   Thumb Code     0  libinit2.o(.ARM.Collect$$libinit$$0000001F)
    __rt_lib_init_getenv_1                   0x00000143   Thumb Code     0  libinit2.o(.ARM.Collect$$libinit$$00000023)
    __rt_lib_init_heap_1                     0x00000143   Thumb Code     0  libinit2.o(.ARM.Collect$$libinit$$0000000A)
    __rt_lib_init_lc_collate_1               0x00000143   Thumb Code     0  libinit2.o(.ARM.Collect$$libinit$$00000011)
    __rt_lib_init_lc_ctype_1                 0x00000143   Thumb Code     0  libinit2.o(.ARM.Collect$$libinit$$00000013)
    __rt_lib_init_lc_monetary_1              0x00000143   Thumb Code     0  libinit2.o(.ARM.Collect$$libinit$$00000015)
    __rt_lib_init_lc_numeric_1               0x00000143   Thumb Code     0  libinit2.o(.ARM.Collect$$libinit$$00000017)
    __rt_lib_init_lc_time_1                  0x00000143   Thumb Code     0  libinit2.o(.ARM.Collect$$libinit$$00000019)
    __rt_lib_init_preinit_1                  0x00000143   Thumb Code     0  libinit2.o(.ARM.Collect$$libinit$$00000004)
    __rt_lib_init_rand_1                     0x00000143   Thumb Code     0  libinit2.o(.ARM.Collect$$libinit$$0000000E)
    __rt_lib_init_return                     0x00000143   Thumb Code     0  libinit2.o(.ARM.Collect$$libinit$$00000033)
    __rt_lib_init_signal_1                   0x00000143   Thumb Code     0  libinit2.o(.ARM.Collect$$libinit$$0000001D)
    __rt_lib_init_stdio_1                    0x00000143   Thumb Code     0  libinit2.o(.ARM.Collect$$libinit$$00000025)
    __rt_lib_init_user_alloc_1               0x00000143   Thumb Code     0  libinit2.o(.ARM.Collect$$libinit$$0000000C)
    __rt_lib_shutdown                        0x00000145   Thumb Code     0  libshutdown.o(.ARM.Collect$$libshutdown$$00000000)
    __rt_lib_shutdown_cpp_1                  0x00000147   Thumb Code     0  libshutdown2.o(.ARM.Collect$$libshutdown$$00000002)
    __rt_lib_shutdown_fp_trap_1              0x00000147   Thumb Code     0  libshutdown2.o(.ARM.Collect$$libshutdown$$00000007)
    __rt_lib_shutdown_heap_1                 0x00000147   Thumb Code     0  libshutdown2.o(.ARM.Collect$$libshutdown$$0000000F)
    __rt_lib_shutdown_return                 0x00000147   Thumb Code     0  libshutdown2.o(.ARM.Collect$$libshutdown$$00000010)
    __rt_lib_shutdown_signal_1               0x00000147   Thumb Code     0  libshutdown2.o(.ARM.Collect$$libshutdown$$0000000A)
    __rt_lib_shutdown_stdio_1                0x00000147   Thumb Code     0  libshutdown2.o(.ARM.Collect$$libshutdown$$00000004)
    __rt_lib_shutdown_user_alloc_1           0x00000147   Thumb Code     0  libshutdown2.o(.ARM.Collect$$libshutdown$$0000000C)
    __rt_entry                               0x00000149   Thumb Code     0  __rtentry.o(.ARM.Collect$$rtentry$$00000000)
    __rt_entry_presh_1                       0x00000149   Thumb Code     0  __rtentry2.o(.ARM.Collect$$rtentry$$00000002)
    __rt_entry_sh                            0x00000149   Thumb Code     0  __rtentry4.o(.ARM.Collect$$rtentry$$00000004)
    __rt_entry_li                            0x0000014f   Thumb Code     0  __rtentry2.o(.ARM.Collect$$rtentry$$0000000A)
    __rt_entry_postsh_1                      0x0000014f   Thumb Code     0  __rtentry2.o(.ARM.Collect$$rtentry$$00000009)
    __rt_entry_main                          0x00000153   Thumb Code     0  __rtentry2.o(.ARM.Collect$$rtentry$$0000000D)
    __rt_entry_postli_1                      0x00000153   Thumb Code     0  __rtentry2.o(.ARM.Collect$$rtentry$$0000000C)
    __rt_exit                                0x0000015b   Thumb Code     0  rtexit.o(.ARM.Collect$$rtexit$$00000000)
    __rt_exit_ls                             0x0000015d   Thumb Code     0  rtexit2.o(.ARM.Collect$$rtexit$$00000003)
    __rt_exit_prels_1                        0x0000015d   Thumb Code     0  rtexit2.o(.ARM.Collect$$rtexit$$00000002)
    __rt_exit_exit                           0x00000161   Thumb Code     0  rtexit2.o(.ARM.Collect$$rtexit$$00000004)
    __rte                                    0x00000169   Thumb Code     8  hal.o(.emb_text)
    SVC_Handler                              0x00000171   Thumb Code    44  hal.o(.emb_text)
    UART0_IRQHandler                         0x0000019d   Thumb Code    60  uart_irq.o(.emb_text)
    TIMER0_IRQHandler                        0x000001e5   Thumb Code    64  timer.o(.emb_text)
    Reset_Handler                            0x00000231   Thumb Code     8  startup_lpc17xx.o(.text)
    NMI_Handler                              0x00000239   Thumb Code     2  startup_lpc17xx.o(.text)
    HardFault_Handler                        0x0000023b   Thumb Code     2  startup_lpc17xx.o(.text)
    MemManage_Handler                        0x0000023d   Thumb Code     2  startup_lpc17xx.o(.text)
    BusFault_Handler                         0x0000023f   Thumb Code     2  startup_lpc17xx.o(.text)
    UsageFault_Handler                       0x00000241   Thumb Code     2  startup_lpc17xx.o(.text)
    DebugMon_Handler                         0x00000245   Thumb Code     2  startup_lpc17xx.o(.text)
    PendSV_Handler                           0x00000247   Thumb Code     2  startup_lpc17xx.o(.text)
    SysTick_Handler                          0x00000249   Thumb Code     2  startup_lpc17xx.o(.text)
    ADC_IRQHandler                           0x0000024b   Thumb Code     0  startup_lpc17xx.o(.text)
    BOD_IRQHandler                           0x0000024b   Thumb Code     0  startup_lpc17xx.o(.text)
    CANActivity_IRQHandler                   0x0000024b   Thumb Code     0  startup_lpc17xx.o(.text)
    CAN_IRQHandler                           0x0000024b   Thumb Code     0  startup_lpc17xx.o(.text)
    DMA_IRQHandler                           0x0000024b   Thumb Code     0  startup_lpc17xx.o(.text)
    EINT0_IRQHandler                         0x0000024b   Thumb Code     0  startup_lpc17xx.o(.text)
    EINT1_IRQHandler                         0x0000024b   Thumb Code     0  startup_lpc17xx.o(.text)
    EINT2_IRQHandler                         0x0000024b   Thumb Code     0  startup_lpc17xx.o(.text)
    EINT3_IRQHandler                         0x0000024b   Thumb Code     0  startup_lpc17xx.o(.text)
    ENET_IRQHandler                          0x0000024b   Thumb Code     0  startup_lpc17xx.o(.text)
    I2C0_IRQHandler                          0x0000024b   Thumb Code     0  startup_lpc17xx.o(.text)
    I2C1_IRQHandler                          0x0000024b   Thumb Code     0  startup_lpc17xx.o(.text)
    I2C2_IRQHandler                          0x0000024b   Thumb Code     0  startup_lpc17xx.o(.text)
    I2S_IRQHandler                           0x0000024b   Thumb Code     0  startup_lpc17xx.o(.text)
    MCPWM_IRQHandler                         0x0000024b   Thumb Code     0  startup_lpc17xx.o(.text)
    PLL0_IRQHandler                          0x0000024b   Thumb Code     0  startup_lpc17xx.o(.text)
    PLL1_IRQHandler                          0x0000024b   Thumb Code     0  startup_lpc17xx.o(.text)
    PWM1_IRQHandler                          0x0000024b   Thumb Code     0  startup_lpc17xx.o(.text)
    QEI_IRQHandler                           0x0000024b   Thumb Code     0  startup_lpc17xx.o(.text)
    RIT_IRQHandler                           0x0000024b   Thumb Code     0  startup_lpc17xx.o(.text)
    RTC_IRQHandler                           0x0000024b   Thumb Code     0  startup_lpc17xx.o(.text)
    SPI_IRQHandler                           0x0000024b   Thumb Code     0  startup_lpc17xx.o(.text)
    SSP0_IRQHandler                          0x0000024b   Thumb Code     0  startup_lpc17xx.o(.text)
    SSP1_IRQHandler                          0x0000024b   Thumb Code     0  startup_lpc17xx.o(.text)
    TIMER1_IRQHandler                        0x0000024b   Thumb Code     0  startup_lpc17xx.o(.text)
    TIMER2_IRQHandler                        0x0000024b   Thumb Code     0  startup_lpc17xx.o(.text)
    TIMER3_IRQHandler                        0x0000024b   Thumb Code     0  startup_lpc17xx.o(.text)
    UART1_IRQHandler                         0x0000024b   Thumb Code     0  startup_lpc17xx.o(.text)
    UART2_IRQHandler                         0x0000024b   Thumb Code     0  startup_lpc17xx.o(.text)
    UART3_IRQHandler                         0x0000024b   Thumb Code     0  startup_lpc17xx.o(.text)
    USBActivity_IRQHandler                   0x0000024b   Thumb Code     0  startup_lpc17xx.o(.text)
    USB_IRQHandler                           0x0000024b   Thumb Code     0  startup_lpc17xx.o(.text)
    WDT_IRQHandler                           0x0000024b   Thumb Code     0  startup_lpc17xx.o(.text)
    __user_initial_stackheap                 0x0000024d   Thumb Code     0  startup_lpc17xx.o(.text)
    __use_two_region_memory                  0x0000026d   Thumb Code     2  heapauxi.o(.text)
    __rt_heap_escrow$2region                 0x0000026f   Thumb Code     2  heapauxi.o(.text)
    __rt_heap_expand$2region                 0x00000271   Thumb Code     2  heapauxi.o(.text)
    __user_setup_stackheap                   0x00000273   Thumb Code    74  sys_stackheap_outer.o(.text)
    exit                                     0x000002bd   Thumb Code    18  exit.o(.text)
    __user_libspace                          0x000002d1   Thumb Code     8  libspace.o(.text)
    __user_perproc_libspace                  0x000002d1   Thumb Code     0  libspace.o(.text)
    __user_perthread_libspace                0x000002d1   Thumb Code     0  libspace.o(.text)
    _sys_exit                                0x000002d9   Thumb Code     8  sys_exit.o(.text)
    __I$use$semihosting                      0x000002e5   Thumb Code     0  use_no_semi.o(.text)
    __use_no_semihosting_swi                 0x000002e5   Thumb Code     2  use_no_semi.o(.text)
    __semihosting_library_function           0x000002e7   Thumb Code     0  indicate_semi.o(.text)
    ae_set_proc_info                         0x000002e7   Thumb Code    16  ae_2.o(i.ae_set_proc_info)
    nullProc                                 0x000002f7   Thumb Code     4  k_sys_procs.o(i.nullProc)
    CRTProc                                  0x00000301   Thumb Code    74  k_sys_procs.o(i.CRTProc)
    KCDProc                                  0x0000035d   Thumb Code   350  k_sys_proc_kcd.o(i.KCDProc)
    SystemInit                               0x0000050d   Thumb Code   302  system_lpc17xx.o(i.SystemInit)
    aProc                                    0x00000671   Thumb Code    20  k_sys_procs.o(i.aProc)
    ae_init                                  0x0000068d   Thumb Code    48  ae_2.o(i.ae_init)
    ae_timer_init_100MHZ                     0x000006bd   Thumb Code    80  ae_timer_2.o(i.ae_timer_init_100MHZ)
    alloc_stack                              0x00000719   Thumb Code    32  k_memory.o(i.alloc_stack)
    bProc                                    0x0000073d   Thumb Code    20  k_sys_procs.o(i.bProc)
    cProc                                    0x00000759   Thumb Code    20  k_sys_procs.o(i.cProc)
    c_UART0_IRQHandler                       0x00000775   Thumb Code     8  uart_irq.o(i.c_UART0_IRQHandler)
    charMap                                  0x0000077d   Thumb Code    36  k_sys_proc_kcd.o(i.charMap)
    clockProc                                0x000007a1   Thumb Code    20  k_sys_procs.o(i.clockProc)
    get_pcb_by_pid                           0x000007bd   Thumb Code    50  k_process.o(i.get_pcb_by_pid)
    hotKeyDecoder                            0x000007f5   Thumb Code   250  k_sys_proc_kcd.o(i.hotKeyDecoder)
    init_printf                              0x0000099d   Thumb Code    10  printf.o(i.init_printf)
    k_receive_message                        0x000009b1   Thumb Code    78  k_msg.o(i.k_receive_message)
    k_receive_message_nb                     0x00000a05   Thumb Code    50  k_msg.o(i.k_receive_message_nb)
    k_release_memory_block                   0x00000a3d   Thumb Code   140  k_memory.o(i.k_release_memory_block)
    k_release_processor                      0x00000ae1   Thumb Code    72  k_process.o(i.k_release_processor)
    k_request_memory_block                   0x00000b2d   Thumb Code    70  k_memory.o(i.k_request_memory_block)
    k_request_memory_block_nb                0x00000b7d   Thumb Code    30  k_memory.o(i.k_request_memory_block_nb)
    k_rtx_init                               0x00000ba5   Thumb Code    44  k_rtx_init.o(i.k_rtx_init)
    k_run_new_process                        0x00000bd1   Thumb Code    58  k_process.o(i.k_run_new_process)
    k_send_message                           0x00000c11   Thumb Code    26  k_msg.o(i.k_send_message)
    k_send_message_actual                    0x00000c2d   Thumb Code   144  k_msg.o(i.k_send_message_actual)
    k_set_process_priority                   0x00000cc1   Thumb Code   186  k_process.o(i.k_set_process_priority)
    main                                     0x00000d85   Thumb Code    58  main_svc.o(i.main)
    memory_init                              0x00000dcd   Thumb Code   110  k_memory.o(i.memory_init)
    pq_insert                                0x00000e5d   Thumb Code    60  k_priority_queue.o(i.pq_insert)
    pq_insert_blocked                        0x00000e99   Thumb Code    14  k_memory.o(i.pq_insert_blocked)
    pq_insert_front                          0x00000ead   Thumb Code    60  k_priority_queue.o(i.pq_insert_front)
    pq_insert_front_ready                    0x00000ee9   Thumb Code    32  k_process.o(i.pq_insert_front_ready)
    pq_insert_ready                          0x00000f0d   Thumb Code    32  k_process.o(i.pq_insert_ready)
    pq_remove                                0x00000f31   Thumb Code    22  k_priority_queue.o(i.pq_remove)
    pq_remove_by_pid                         0x00000f47   Thumb Code    68  k_priority_queue.o(i.pq_remove_by_pid)
    pq_remove_by_pid_blocked                 0x00000f8d   Thumb Code    14  k_memory.o(i.pq_remove_by_pid_blocked)
    pre_rtx_init                             0x00000fa1   Thumb Code     6  main_svc.o(i.pre_rtx_init)
    printNumber                              0x00000fa7   Thumb Code    74  ae_util_1.o(i.printNumber)
    printProcAndPrio                         0x00000ff1   Thumb Code    34  k_sys_proc_kcd.o(i.printProcAndPrio)
    printProcState                           0x00001029   Thumb Code    92  k_sys_proc_kcd.o(i.printProcState)
    proc1                                    0x000010cd   Thumb Code    64  ae_proc_12.o(i.proc1)
    proc2                                    0x0000113d   Thumb Code    64  ae_proc_12.o(i.proc2)
    proc3                                    0x000011a9   Thumb Code    10  ae_proc_12.o(i.proc3)
    proc4                                    0x000011b9   Thumb Code    10  ae_proc_12.o(i.proc4)
    proc5                                    0x000011c9   Thumb Code    10  ae_proc_12.o(i.proc5)
    proc6                                    0x000011d9   Thumb Code    10  ae_proc_12.o(i.proc6)
    process_init                             0x000011e9   Thumb Code   656  k_process.o(i.process_init)
    process_switch                           0x000014ad   Thumb Code   136  k_process.o(i.process_switch)
    putc                                     0x0000153d   Thumb Code    28  uart_polling.o(i.putc)
    q_insert                                 0x00001581   Thumb Code    30  k_queue.o(i.q_insert)
    q_remove                                 0x0000159f   Thumb Code    26  k_queue.o(i.q_remove)
    q_remove_by_addr                         0x000015b9   Thumb Code    62  k_queue.o(i.q_remove_by_addr)
    scheduler                                0x000015f9   Thumb Code    40  k_process.o(i.scheduler)
    sendUARTMsg                              0x00001629   Thumb Code    38  ae_util_1.o(i.sendUARTMsg)
    setPrioProc                              0x00001659   Thumb Code   244  k_sys_procs.o(i.setPrioProc)
    set_test_procs                           0x000017e9   Thumb Code    82  ae_proc_12.o(i.set_test_procs)
    skipWhitespace                           0x00001855   Thumb Code    26  ae_util_1.o(i.skipWhitespace)
    strcpy                                   0x0000186f   Thumb Code    22  ae_util_1.o(i.strcpy)
    stringToNum                              0x00001885   Thumb Code    34  ae_util_1.o(i.stringToNum)
    timer0_iproc                             0x000018a9   Thumb Code    26  timer.o(i.timer0_iproc)
    timerIProc                               0x000018c9   Thumb Code   182  k_sys_procs.o(i.timerIProc)
    timer_init                               0x00001985   Thumb Code    80  timer.o(i.timer_init)
    uartIProc                                0x000019d9   Thumb Code   216  k_sys_procs.o(i.uartIProc)
    uart_init                                0x00001ac5   Thumb Code    96  uart_polling.o(i.uart_init)
    uart_irq_init                            0x00001b31   Thumb Code   132  uart_irq.o(i.uart_irq_init)
    uart_put_char                            0x00001bc1   Thumb Code    42  uart_polling.o(i.uart_put_char)
    uart_put_string                          0x00001bf5   Thumb Code    38  uart_polling.o(i.uart_put_string)
    Region$$Table$$Base                      0x00001c1c   Number         0  anon$$obj.o(Region$$Table)
    Region$$Table$$Limit                     0x00001c3c   Number         0  anon$$obj.o(Region$$Table)
    gp_stack                                 0x10000008   Data           4  k_memory.o(.data)
    heap_start                               0x1000000c   Data           4  k_memory.o(.data)
    freeList                                 0x10000010   Data           4  k_memory.o(.data)
    proc_blocked_queue                       0x10000014   Data           4  k_memory.o(.data)
    num_free_mem_blks                        0x10000018   Data           4  k_memory.o(.data)
    delayed_msg_queue                        0x1000001c   Data           4  k_msg.o(.data)
    gp_pcbs                                  0x10000020   Data           4  k_process.o(.data)
    gp_current_process                       0x10000024   Data           4  k_process.o(.data)
    gp_pcb_timer_iproc                       0x10000028   Data           4  k_process.o(.data)
    gp_pcb_uart_iproc                        0x1000002c   Data           4  k_process.o(.data)
    gp_pcb_interrupted                       0x10000030   Data           4  k_process.o(.data)
    proc_ready_queue                         0x10000034   Data           4  k_process.o(.data)
    time                                     0x10000038   Data           4  k_sys_procs.o(.data)
    g_char_in                                0x1000003c   Data           1  k_sys_procs.o(.data)
    g_char_out                               0x1000003d   Data           1  k_sys_procs.o(.data)
    currMsg                                  0x10000040   Data           4  k_sys_procs.o(.data)
    msg_char_ptr                             0x10000044   Data           4  k_sys_procs.o(.data)
    g_timer_count                            0x10000048   Data           4  timer.o(.data)
    g_proc_table                             0x1000004c   Data         112  k_process.o(.bss)
    registrationTable                        0x100000bc   Data         832  k_sys_proc_kcd.o(.bss)
    msgBuf                                   0x100003fc   Data          64  k_sys_proc_kcd.o(.bss)
    __libspace_start                         0x1000043c   Data          96  libspace.o(.bss)
    __temporary_stack_top$libspace           0x1000049c   Data           0  libspace.o(.bss)
    Image$$RW_IRAM1$$ZI$$Limit               0x100006a0   Number         0  anon$$obj.o ABSOLUTE



==============================================================================

Memory Map of the image

  Image Entry point : 0x000000cd

  Load Region LR_IROM1 (Base: 0x00000000, Size: 0x00001c88, Max: 0x00080000, ABSOLUTE)

    Execution Region ER_IROM1 (Exec base: 0x00000000, Load base: 0x00000000, Size: 0x00001c3c, Max: 0x00080000, ABSOLUTE)

    Exec Addr    Load Addr    Size         Type   Attr      Idx    E Section Name        Object

    0x00000000   0x00000000   0x000000cc   Data   RO         1026    RESET               startup_lpc17xx.o
    0x000000cc   0x000000cc   0x00000008   Code   RO         1076  * !!!main             c_w.l(__main.o)
    0x000000d4   0x000000d4   0x00000034   Code   RO         1243    !!!scatter          c_w.l(__scatter.o)
    0x00000108   0x00000108   0x0000001a   Code   RO         1245    !!handler_copy      c_w.l(__scatter_copy.o)
    0x00000122   0x00000122   0x00000002   PAD
    0x00000124   0x00000124   0x0000001c   Code   RO         1247    !!handler_zi        c_w.l(__scatter_zi.o)
    0x00000140   0x00000140   0x00000002   Code   RO         1113    .ARM.Collect$$libinit$$00000000  c_w.l(libinit.o)
    0x00000142   0x00000142   0x00000000   Code   RO         1126    .ARM.Collect$$libinit$$00000002  c_w.l(libinit2.o)
    0x00000142   0x00000142   0x00000000   Code   RO         1128    .ARM.Collect$$libinit$$00000004  c_w.l(libinit2.o)
    0x00000142   0x00000142   0x00000000   Code   RO         1131    .ARM.Collect$$libinit$$0000000A  c_w.l(libinit2.o)
    0x00000142   0x00000142   0x00000000   Code   RO         1133    .ARM.Collect$$libinit$$0000000C  c_w.l(libinit2.o)
    0x00000142   0x00000142   0x00000000   Code   RO         1135    .ARM.Collect$$libinit$$0000000E  c_w.l(libinit2.o)
    0x00000142   0x00000142   0x00000000   Code   RO         1138    .ARM.Collect$$libinit$$00000011  c_w.l(libinit2.o)
    0x00000142   0x00000142   0x00000000   Code   RO         1140    .ARM.Collect$$libinit$$00000013  c_w.l(libinit2.o)
    0x00000142   0x00000142   0x00000000   Code   RO         1142    .ARM.Collect$$libinit$$00000015  c_w.l(libinit2.o)
    0x00000142   0x00000142   0x00000000   Code   RO         1144    .ARM.Collect$$libinit$$00000017  c_w.l(libinit2.o)
    0x00000142   0x00000142   0x00000000   Code   RO         1146    .ARM.Collect$$libinit$$00000019  c_w.l(libinit2.o)
    0x00000142   0x00000142   0x00000000   Code   RO         1148    .ARM.Collect$$libinit$$0000001B  c_w.l(libinit2.o)
    0x00000142   0x00000142   0x00000000   Code   RO         1150    .ARM.Collect$$libinit$$0000001D  c_w.l(libinit2.o)
    0x00000142   0x00000142   0x00000000   Code   RO         1152    .ARM.Collect$$libinit$$0000001F  c_w.l(libinit2.o)
    0x00000142   0x00000142   0x00000000   Code   RO         1154    .ARM.Collect$$libinit$$00000021  c_w.l(libinit2.o)
    0x00000142   0x00000142   0x00000000   Code   RO         1156    .ARM.Collect$$libinit$$00000023  c_w.l(libinit2.o)
    0x00000142   0x00000142   0x00000000   Code   RO         1158    .ARM.Collect$$libinit$$00000025  c_w.l(libinit2.o)
    0x00000142   0x00000142   0x00000000   Code   RO         1162    .ARM.Collect$$libinit$$0000002C  c_w.l(libinit2.o)
    0x00000142   0x00000142   0x00000000   Code   RO         1164    .ARM.Collect$$libinit$$0000002E  c_w.l(libinit2.o)
    0x00000142   0x00000142   0x00000000   Code   RO         1166    .ARM.Collect$$libinit$$00000030  c_w.l(libinit2.o)
    0x00000142   0x00000142   0x00000000   Code   RO         1168    .ARM.Collect$$libinit$$00000032  c_w.l(libinit2.o)
    0x00000142   0x00000142   0x00000002   Code   RO         1169    .ARM.Collect$$libinit$$00000033  c_w.l(libinit2.o)
    0x00000144   0x00000144   0x00000002   Code   RO         1200    .ARM.Collect$$libshutdown$$00000000  c_w.l(libshutdown.o)
    0x00000146   0x00000146   0x00000000   Code   RO         1226    .ARM.Collect$$libshutdown$$00000002  c_w.l(libshutdown2.o)
    0x00000146   0x00000146   0x00000000   Code   RO         1228    .ARM.Collect$$libshutdown$$00000004  c_w.l(libshutdown2.o)
    0x00000146   0x00000146   0x00000000   Code   RO         1231    .ARM.Collect$$libshutdown$$00000007  c_w.l(libshutdown2.o)
    0x00000146   0x00000146   0x00000000   Code   RO         1234    .ARM.Collect$$libshutdown$$0000000A  c_w.l(libshutdown2.o)
    0x00000146   0x00000146   0x00000000   Code   RO         1236    .ARM.Collect$$libshutdown$$0000000C  c_w.l(libshutdown2.o)
    0x00000146   0x00000146   0x00000000   Code   RO         1239    .ARM.Collect$$libshutdown$$0000000F  c_w.l(libshutdown2.o)
    0x00000146   0x00000146   0x00000002   Code   RO         1240    .ARM.Collect$$libshutdown$$00000010  c_w.l(libshutdown2.o)
    0x00000148   0x00000148   0x00000000   Code   RO         1078    .ARM.Collect$$rtentry$$00000000  c_w.l(__rtentry.o)
    0x00000148   0x00000148   0x00000000   Code   RO         1084    .ARM.Collect$$rtentry$$00000002  c_w.l(__rtentry2.o)
    0x00000148   0x00000148   0x00000006   Code   RO         1096    .ARM.Collect$$rtentry$$00000004  c_w.l(__rtentry4.o)
    0x0000014e   0x0000014e   0x00000000   Code   RO         1086    .ARM.Collect$$rtentry$$00000009  c_w.l(__rtentry2.o)
    0x0000014e   0x0000014e   0x00000004   Code   RO         1087    .ARM.Collect$$rtentry$$0000000A  c_w.l(__rtentry2.o)
    0x00000152   0x00000152   0x00000000   Code   RO         1089    .ARM.Collect$$rtentry$$0000000C  c_w.l(__rtentry2.o)
    0x00000152   0x00000152   0x00000008   Code   RO         1090    .ARM.Collect$$rtentry$$0000000D  c_w.l(__rtentry2.o)
    0x0000015a   0x0000015a   0x00000002   Code   RO         1117    .ARM.Collect$$rtexit$$00000000  c_w.l(rtexit.o)
    0x0000015c   0x0000015c   0x00000000   Code   RO         1173    .ARM.Collect$$rtexit$$00000002  c_w.l(rtexit2.o)
    0x0000015c   0x0000015c   0x00000004   Code   RO         1174    .ARM.Collect$$rtexit$$00000003  c_w.l(rtexit2.o)
    0x00000160   0x00000160   0x00000006   Code   RO         1175    .ARM.Collect$$rtexit$$00000004  c_w.l(rtexit2.o)
    0x00000166   0x00000166   0x00000002   PAD
    0x00000168   0x00000168   0x00000034   Code   RO          197    .emb_text           hal.o
    0x0000019c   0x0000019c   0x00000048   Code   RO          661    .emb_text           uart_irq.o
    0x000001e4   0x000001e4   0x0000004c   Code   RO          759    .emb_text           timer.o
    0x00000230   0x00000230   0x0000003c   Code   RO         1028    .text               startup_lpc17xx.o
    0x0000026c   0x0000026c   0x00000006   Code   RO         1074    .text               c_w.l(heapauxi.o)
    0x00000272   0x00000272   0x0000004a   Code   RO         1100    .text               c_w.l(sys_stackheap_outer.o)
    0x000002bc   0x000002bc   0x00000012   Code   RO         1102    .text               c_w.l(exit.o)
    0x000002ce   0x000002ce   0x00000002   PAD
    0x000002d0   0x000002d0   0x00000008   Code   RO         1114    .text               c_w.l(libspace.o)
    0x000002d8   0x000002d8   0x0000000c   Code   RO         1170    .text               c_w.l(sys_exit.o)
    0x000002e4   0x000002e4   0x00000002   Code   RO         1189    .text               c_w.l(use_no_semi.o)
    0x000002e6   0x000002e6   0x00000000   Code   RO         1191    .text               c_w.l(indicate_semi.o)
    0x000002e6   0x000002e6   0x00000010   Code   RO          896    i.ae_set_proc_info  ae_2.o
    0x000002f6   0x000002f6   0x00000004   Code   RO          584    i.nullProc          k_sys_procs.o
    0x000002fa   0x000002fa   0x00000002   PAD
    0x000002fc   0x000002fc   0x00000004   Code   RO         1027    .ARM.__at_0x02FC    startup_lpc17xx.o
    0x00000300   0x00000300   0x0000005c   Code   RO          579    i.CRTProc           k_sys_procs.o
    0x0000035c   0x0000035c   0x000001b0   Code   RO          708    i.KCDProc           k_sys_proc_kcd.o
    0x0000050c   0x0000050c   0x00000140   Code   RO         1038    i.SystemInit        system_lpc17xx.o
    0x0000064c   0x0000064c   0x00000022   Code   RO          662    i.__NVIC_EnableIRQ  uart_irq.o
    0x0000066e   0x0000066e   0x00000002   PAD
    0x00000670   0x00000670   0x0000001c   Code   RO          580    i.aProc             k_sys_procs.o
    0x0000068c   0x0000068c   0x00000030   Code   RO          895    i.ae_init           ae_2.o
    0x000006bc   0x000006bc   0x0000005c   Code   RO          927    i.ae_timer_init_100MHZ  ae_timer_2.o
    0x00000718   0x00000718   0x00000024   Code   RO          207    i.alloc_stack       k_memory.o
    0x0000073c   0x0000073c   0x0000001c   Code   RO          581    i.bProc             k_sys_procs.o
    0x00000758   0x00000758   0x0000001c   Code   RO          582    i.cProc             k_sys_procs.o
    0x00000774   0x00000774   0x00000008   Code   RO          663    i.c_UART0_IRQHandler  uart_irq.o
    0x0000077c   0x0000077c   0x00000024   Code   RO          709    i.charMap           k_sys_proc_kcd.o
    0x000007a0   0x000007a0   0x0000001c   Code   RO          583    i.clockProc         k_sys_procs.o
    0x000007bc   0x000007bc   0x00000038   Code   RO          356    i.get_pcb_by_pid    k_process.o
    0x000007f4   0x000007f4   0x000001a8   Code   RO          710    i.hotKeyDecoder     k_sys_proc_kcd.o
    0x0000099c   0x0000099c   0x00000014   Code   RO           87    i.init_printf       printf.o
    0x000009b0   0x000009b0   0x00000054   Code   RO          299    i.k_receive_message  k_msg.o
    0x00000a04   0x00000a04   0x00000038   Code   RO          300    i.k_receive_message_nb  k_msg.o
    0x00000a3c   0x00000a3c   0x000000a4   Code   RO          208    i.k_release_memory_block  k_memory.o
    0x00000ae0   0x00000ae0   0x0000004c   Code   RO          358    i.k_release_processor  k_process.o
    0x00000b2c   0x00000b2c   0x00000050   Code   RO          209    i.k_request_memory_block  k_memory.o
    0x00000b7c   0x00000b7c   0x00000028   Code   RO          210    i.k_request_memory_block_nb  k_memory.o
    0x00000ba4   0x00000ba4   0x0000002c   Code   RO          460    i.k_rtx_init        k_rtx_init.o
    0x00000bd0   0x00000bd0   0x00000040   Code   RO          359    i.k_run_new_process  k_process.o
    0x00000c10   0x00000c10   0x0000001a   Code   RO          301    i.k_send_message    k_msg.o
    0x00000c2a   0x00000c2a   0x00000002   PAD
    0x00000c2c   0x00000c2c   0x00000094   Code   RO          302    i.k_send_message_actual  k_msg.o
    0x00000cc0   0x00000cc0   0x000000c4   Code   RO          360    i.k_set_process_priority  k_process.o
    0x00000d84   0x00000d84   0x00000048   Code   RO            4    i.main              main_svc.o
    0x00000dcc   0x00000dcc   0x00000090   Code   RO          211    i.memory_init       k_memory.o
    0x00000e5c   0x00000e5c   0x0000003c   Code   RO          491    i.pq_insert         k_priority_queue.o
    0x00000e98   0x00000e98   0x00000014   Code   RO          212    i.pq_insert_blocked  k_memory.o
    0x00000eac   0x00000eac   0x0000003c   Code   RO          492    i.pq_insert_front   k_priority_queue.o
    0x00000ee8   0x00000ee8   0x00000024   Code   RO          361    i.pq_insert_front_ready  k_process.o
    0x00000f0c   0x00000f0c   0x00000024   Code   RO          362    i.pq_insert_ready   k_process.o
    0x00000f30   0x00000f30   0x00000016   Code   RO          494    i.pq_remove         k_priority_queue.o
    0x00000f46   0x00000f46   0x00000044   Code   RO          495    i.pq_remove_by_pid  k_priority_queue.o
    0x00000f8a   0x00000f8a   0x00000002   PAD
    0x00000f8c   0x00000f8c   0x00000014   Code   RO          213    i.pq_remove_by_pid_blocked  k_memory.o
    0x00000fa0   0x00000fa0   0x00000006   Code   RO            5    i.pre_rtx_init      main_svc.o
    0x00000fa6   0x00000fa6   0x0000004a   Code   RO          960    i.printNumber       ae_util_1.o
    0x00000ff0   0x00000ff0   0x00000038   Code   RO          711    i.printProcAndPrio  k_sys_proc_kcd.o
    0x00001028   0x00001028   0x000000a4   Code   RO          712    i.printProcState    k_sys_proc_kcd.o
    0x000010cc   0x000010cc   0x00000070   Code   RO          804    i.proc1             ae_proc_12.o
    0x0000113c   0x0000113c   0x0000006c   Code   RO          805    i.proc2             ae_proc_12.o
    0x000011a8   0x000011a8   0x00000010   Code   RO          806    i.proc3             ae_proc_12.o
    0x000011b8   0x000011b8   0x00000010   Code   RO          807    i.proc4             ae_proc_12.o
    0x000011c8   0x000011c8   0x00000010   Code   RO          808    i.proc5             ae_proc_12.o
    0x000011d8   0x000011d8   0x00000010   Code   RO          809    i.proc6             ae_proc_12.o
    0x000011e8   0x000011e8   0x000002c4   Code   RO          364    i.process_init      k_process.o
    0x000014ac   0x000014ac   0x00000090   Code   RO          365    i.process_switch    k_process.o
    0x0000153c   0x0000153c   0x00000044   Code   RO          149    i.putc              uart_polling.o
    0x00001580   0x00001580   0x0000001e   Code   RO          543    i.q_insert          k_queue.o
    0x0000159e   0x0000159e   0x0000001a   Code   RO          544    i.q_remove          k_queue.o
    0x000015b8   0x000015b8   0x0000003e   Code   RO          545    i.q_remove_by_addr  k_queue.o
    0x000015f6   0x000015f6   0x00000002   PAD
    0x000015f8   0x000015f8   0x00000030   Code   RO          366    i.scheduler         k_process.o
    0x00001628   0x00001628   0x00000030   Code   RO          963    i.sendUARTMsg       ae_util_1.o
    0x00001658   0x00001658   0x00000190   Code   RO          585    i.setPrioProc       k_sys_procs.o
    0x000017e8   0x000017e8   0x0000006c   Code   RO          810    i.set_test_procs    ae_proc_12.o
    0x00001854   0x00001854   0x0000001a   Code   RO          964    i.skipWhitespace    ae_util_1.o
    0x0000186e   0x0000186e   0x00000016   Code   RO          965    i.strcpy            ae_util_1.o
    0x00001884   0x00001884   0x00000022   Code   RO          966    i.stringToNum       ae_util_1.o
    0x000018a6   0x000018a6   0x00000002   PAD
    0x000018a8   0x000018a8   0x00000020   Code   RO          760    i.timer0_iproc      timer.o
    0x000018c8   0x000018c8   0x000000bc   Code   RO          586    i.timerIProc        k_sys_procs.o
    0x00001984   0x00001984   0x00000054   Code   RO          761    i.timer_init        timer.o
    0x000019d8   0x000019d8   0x000000ec   Code   RO          587    i.uartIProc         k_sys_procs.o
    0x00001ac4   0x00001ac4   0x0000006c   Code   RO          151    i.uart_init         uart_polling.o
    0x00001b30   0x00001b30   0x00000090   Code   RO          664    i.uart_irq_init     uart_irq.o
    0x00001bc0   0x00001bc0   0x00000034   Code   RO          152    i.uart_put_char     uart_polling.o
    0x00001bf4   0x00001bf4   0x00000026   Code   RO          153    i.uart_put_string   uart_polling.o
    0x00001c1a   0x00001c1a   0x00000002   PAD
    0x00001c1c   0x00001c1c   0x00000020   Data   RO         1241    Region$$Table       anon$$obj.o


    Execution Region RW_IRAM1 (Exec base: 0x10000000, Load base: 0x00001c3c, Size: 0x000006a0, Max: 0x00008000, ABSOLUTE)

    Exec Addr    Load Addr    Size         Type   Attr      Idx    E Section Name        Object

    0x10000000   0x00001c3c   0x00000008   Data   RW           94    .data               printf.o
    0x10000008   0x00001c44   0x00000014   Data   RW          214    .data               k_memory.o
    0x1000001c   0x00001c58   0x00000004   Data   RW          303    .data               k_msg.o
    0x10000020   0x00001c5c   0x00000018   Data   RW          369    .data               k_process.o
    0x10000038   0x00001c74   0x00000010   Data   RW          588    .data               k_sys_procs.o
    0x10000048   0x00001c84   0x00000004   Data   RW          762    .data               timer.o
    0x1000004c        -       0x00000070   Zero   RW          368    .bss                k_process.o
    0x100000bc        -       0x00000380   Zero   RW          713    .bss                k_sys_proc_kcd.o
    0x1000043c        -       0x00000060   Zero   RW         1115    .bss                c_w.l(libspace.o)
    0x1000049c   0x00001c88   0x00000004   PAD
    0x100004a0        -       0x00000000   Zero   RW         1025    HEAP                startup_lpc17xx.o
    0x100004a0        -       0x00000200   Zero   RW         1024    STACK               startup_lpc17xx.o


==============================================================================

Image component sizes


      Code (inc. data)   RO Data    RW Data    ZI Data      Debug   Object Name

        64          0          0          0          0       1525   ae_2.o
       392        142          0          0          0       4769   ae_proc_12.o
        92         12          0          0          0        875   ae_timer_2.o
       204         10          0          0          0       3012   ae_util_1.o
        52          0          0          0          0        360   hal.o
       504         94          0         20          0       6511   k_memory.o
       314         16          0          4          0       5114   k_msg.o
       210          0          0          0          0       4137   k_priority_queue.o
      1364        102          0         24        112      12340   k_process.o
       118          0          0          0          0       2045   k_queue.o
        44          0          0          0          0       4605   k_rtx_init.o
      1112        356          0          0        896       4319   k_sys_proc_kcd.o
      1032        232          0         16          0       7437   k_sys_procs.o
        78         14          0          0          0      23798   main_svc.o
        20         10          0          8          0       1034   printf.o
        64         26        204          0        512       1016   startup_lpc17xx.o
       320         18          0          0          0        581   system_lpc17xx.o
       192         22          0          4          0      28575   timer.o
       258         24          0          0          0       2321   uart_irq.o
       266         62          0          0          0       2733   uart_polling.o

    ----------------------------------------------------------------------
      6714       1140        236         76       1520     117107   Object Totals
         0          0         32          0          0          0   (incl. Generated)
        14          0          0          0          0          0   (incl. Padding)

    ----------------------------------------------------------------------

      Code (inc. data)   RO Data    RW Data    ZI Data      Debug   Library Member Name

         8          0          0          0          0         68   __main.o
         0          0          0          0          0          0   __rtentry.o
        12          0          0          0          0          0   __rtentry2.o
         6          0          0          0          0          0   __rtentry4.o
        52          8          0          0          0          0   __scatter.o
        26          0          0          0          0          0   __scatter_copy.o
        28          0          0          0          0          0   __scatter_zi.o
        18          0          0          0          0         80   exit.o
         6          0          0          0          0        152   heapauxi.o
         0          0          0          0          0          0   indicate_semi.o
         2          0          0          0          0          0   libinit.o
         2          0          0          0          0          0   libinit2.o
         2          0          0          0          0          0   libshutdown.o
         2          0          0          0          0          0   libshutdown2.o
         8          4          0          0         96         68   libspace.o
         2          0          0          0          0          0   rtexit.o
        10          0          0          0          0          0   rtexit2.o
        12          4          0          0          0         68   sys_exit.o
        74          0          0          0          0         80   sys_stackheap_outer.o
         2          0          0          0          0         68   use_no_semi.o

    ----------------------------------------------------------------------
       278         16          0          0        100        584   Library Totals
         6          0          0          0          4          0   (incl. Padding)

    ----------------------------------------------------------------------

      Code (inc. data)   RO Data    RW Data    ZI Data      Debug   Library Name

       272         16          0          0         96        584   c_w.l

    ----------------------------------------------------------------------
       278         16          0          0        100        584   Library Totals

    ----------------------------------------------------------------------

==============================================================================


      Code (inc. data)   RO Data    RW Data    ZI Data      Debug   

      6992       1156        236         76       1620     113943   Grand Totals
      6992       1156        236         76       1620     113943   ELF Image Totals
      6992       1156        236         76          0          0   ROM Totals

==============================================================================

    Total RO  Size (Code + RO Data)                 7228 (   7.06kB)
    Total RW  Size (RW Data + ZI Data)              1696 (   1.66kB)
    Total ROM Size (Code + RO Data + RW Data)       7304 (   7.13kB)

==============================================================================

