Component: ARM Compiler 5.06 update 6 (build 750) Tool: armlink [4d35ed]

==============================================================================

Section Cross References

    main_svc.o(i.main) refers to system_lpc17xx.o(i.SystemInit) for SystemInit
    main_svc.o(i.main) refers to uart_polling.o(i.uart_init) for uart_init
    main_svc.o(i.main) refers to printf.o(i.init_printf) for init_printf
    main_svc.o(i.main) refers to ae11.o(i.ae_init) for ae_init
    main_svc.o(i.main) refers to uart_polling.o(i.putc) for putc
    main_svc.o(i.main) refers to main_svc.o(i.pre_rtx_init) for pre_rtx_init
    main_svc.o(i.main) refers to k_rtx_init.o(i.k_rtx_init) for k_rtx_init
    printf.o(i.a2i) refers to printf.o(i.a2d) for a2d
    printf.o(i.i2a) refers to printf.o(i.ui2a) for ui2a
    printf.o(i.init_printf) refers to printf.o(.data) for stdout_putf
    printf.o(i.tfp_format) refers to printf.o(i.a2i) for a2i
    printf.o(i.tfp_format) refers to printf.o(i.ui2a) for ui2a
    printf.o(i.tfp_format) refers to printf.o(i.putchw) for putchw
    printf.o(i.tfp_format) refers to printf.o(i.i2a) for i2a
    printf.o(i.tfp_printf) refers to printf.o(i.tfp_format) for tfp_format
    printf.o(i.tfp_printf) refers to printf.o(.data) for stdout_putf
    printf.o(i.tfp_sprintf) refers to printf.o(i.tfp_format) for tfp_format
    printf.o(i.tfp_sprintf) refers to printf.o(i.putcp) for putcp
    uart_polling.o(i.putc) refers to uart_polling.o(i.uart_put_string) for uart_put_string
    uart_polling.o(i.putc) refers to uart_polling.o(i.uart_put_char) for uart_put_char
    uart_polling.o(i.uart_put_string) refers to uart_polling.o(i.uart_put_char) for uart_put_char
    k_memory.o(i.alloc_stack) refers to k_memory.o(.data) for gp_stack
    k_memory.o(i.k_release_memory_block) refers to k_priority_queue.o(i.pq_remove) for pq_remove
    k_memory.o(i.k_release_memory_block) refers to k_queue.o(i.q_remove_by_addr) for q_remove_by_addr
    k_memory.o(i.k_release_memory_block) refers to k_process.o(i.pq_insert_front_ready) for pq_insert_front_ready
    k_memory.o(i.k_release_memory_block) refers to k_process.o(i.process_switch) for process_switch
    k_memory.o(i.k_release_memory_block) refers to k_process.o(i.pq_insert_ready) for pq_insert_ready
    k_memory.o(i.k_release_memory_block) refers to k_memory.o(.data) for proc_blocked_queue
    k_memory.o(i.k_release_memory_block) refers to k_process.o(.data) for gp_current_process
    k_memory.o(i.k_request_memory_block) refers to k_memory.o(i.k_request_memory_block_nb) for k_request_memory_block_nb
    k_memory.o(i.k_request_memory_block) refers to k_priority_queue.o(i.pq_insert) for pq_insert
    k_memory.o(i.k_request_memory_block) refers to k_process.o(i.scheduler) for scheduler
    k_memory.o(i.k_request_memory_block) refers to k_process.o(i.process_switch) for process_switch
    k_memory.o(i.k_request_memory_block) refers to k_process.o(.data) for gp_current_process
    k_memory.o(i.k_request_memory_block) refers to k_memory.o(.data) for proc_blocked_queue
    k_memory.o(i.k_request_memory_block_nb) refers to k_memory.o(.data) for freeList
    k_memory.o(i.memory_init) refers to k_process.o(.data) for gp_pcbs
    k_memory.o(i.memory_init) refers to k_memory.o(.data) for gp_stack
    k_memory.o(i.pq_insert_blocked) refers to k_priority_queue.o(i.pq_insert) for pq_insert
    k_memory.o(i.pq_insert_blocked) refers to k_memory.o(.data) for proc_blocked_queue
    k_memory.o(i.pq_remove_by_pid_blocked) refers to k_priority_queue.o(i.pq_remove_by_pid) for pq_remove_by_pid
    k_memory.o(i.pq_remove_by_pid_blocked) refers to k_memory.o(.data) for proc_blocked_queue
    k_msg.o(i.k_delayed_send) refers to k_msg.o(i.k_send_message) for k_send_message
    k_msg.o(i.k_receive_message) refers to k_process.o(i.scheduler) for scheduler
    k_msg.o(i.k_receive_message) refers to k_process.o(i.process_switch) for process_switch
    k_msg.o(i.k_receive_message) refers to k_queue.o(i.q_remove) for q_remove
    k_msg.o(i.k_receive_message) refers to k_process.o(.data) for gp_current_process
    k_msg.o(i.k_receive_message_nb) refers to k_queue.o(i.q_remove) for q_remove
    k_msg.o(i.k_receive_message_nb) refers to k_process.o(.data) for gp_current_process
    k_msg.o(i.k_send_message) refers to k_process.o(i.get_pcb_by_pid) for get_pcb_by_pid
    k_msg.o(i.k_send_message) refers to k_queue.o(i.q_insert) for q_insert
    k_msg.o(i.k_send_message) refers to k_queue.o(i.q_remove_by_addr) for q_remove_by_addr
    k_msg.o(i.k_send_message) refers to k_process.o(i.pq_insert_front_ready) for pq_insert_front_ready
    k_msg.o(i.k_send_message) refers to k_process.o(i.process_switch) for process_switch
    k_msg.o(i.k_send_message) refers to k_process.o(i.pq_insert_ready) for pq_insert_ready
    k_msg.o(i.k_send_message) refers to k_process.o(.data) for gp_current_process
    k_process.o(i.get_pcb_by_pid) refers to k_process.o(.data) for gp_pcbs
    k_process.o(i.k_get_process_priority) refers to k_process.o(i.get_pcb_by_pid) for get_pcb_by_pid
    k_process.o(i.k_release_processor) refers to k_process.o(i.scheduler) for scheduler
    k_process.o(i.k_release_processor) refers to k_process.o(i.process_switch) for process_switch
    k_process.o(i.k_release_processor) refers to k_process.o(i.pq_insert_ready) for pq_insert_ready
    k_process.o(i.k_release_processor) refers to k_process.o(.data) for gp_current_process
    k_process.o(i.k_run_new_process) refers to k_process.o(i.scheduler) for scheduler
    k_process.o(i.k_run_new_process) refers to k_process.o(i.pq_insert_ready) for pq_insert_ready
    k_process.o(i.k_run_new_process) refers to k_process.o(i.process_switch) for process_switch
    k_process.o(i.k_run_new_process) refers to k_process.o(.data) for gp_current_process
    k_process.o(i.k_set_process_priority) refers to k_process.o(i.get_pcb_by_pid) for get_pcb_by_pid
    k_process.o(i.k_set_process_priority) refers to k_process.o(i.pq_insert_ready) for pq_insert_ready
    k_process.o(i.k_set_process_priority) refers to k_priority_queue.o(i.pq_remove_by_pid) for pq_remove_by_pid
    k_process.o(i.k_set_process_priority) refers to k_process.o(i.pq_insert_front_ready) for pq_insert_front_ready
    k_process.o(i.k_set_process_priority) refers to k_memory.o(i.pq_remove_by_pid_blocked) for pq_remove_by_pid_blocked
    k_process.o(i.k_set_process_priority) refers to k_memory.o(i.pq_insert_blocked) for pq_insert_blocked
    k_process.o(i.k_set_process_priority) refers to k_process.o(i.scheduler) for scheduler
    k_process.o(i.k_set_process_priority) refers to k_priority_queue.o(i.pq_remove) for pq_remove
    k_process.o(i.k_set_process_priority) refers to k_process.o(i.process_switch) for process_switch
    k_process.o(i.k_set_process_priority) refers to k_process.o(.data) for gp_current_process
    k_process.o(i.pq_insert_front_ready) refers to k_priority_queue.o(i.pq_insert_front) for pq_insert_front
    k_process.o(i.pq_insert_front_ready) refers to k_process.o(.data) for proc_ready_queue
    k_process.o(i.pq_insert_ready) refers to k_priority_queue.o(i.pq_insert) for pq_insert
    k_process.o(i.pq_insert_ready) refers to k_process.o(.data) for proc_ready_queue
    k_process.o(i.pq_remove_by_pid_ready) refers to k_priority_queue.o(i.pq_remove_by_pid) for pq_remove_by_pid
    k_process.o(i.pq_remove_by_pid_ready) refers to k_process.o(.data) for proc_ready_queue
    k_process.o(i.process_init) refers to k_memory.o(i.alloc_stack) for alloc_stack
    k_process.o(i.process_init) refers to k_priority_queue.o(i.pq_insert) for pq_insert
    k_process.o(i.process_init) refers to k_process.o(.bss) for g_proc_table
    k_process.o(i.process_init) refers to k_sys_procs.o(i.nullProc) for nullProc
    k_process.o(i.process_init) refers to k_process.o(.data) for gp_pcbs
    k_process.o(i.process_init) refers to k_sys_procs.o(i.aProc) for aProc
    k_process.o(i.process_init) refers to k_sys_procs.o(i.bProc) for bProc
    k_process.o(i.process_init) refers to k_sys_procs.o(i.cProc) for cProc
    k_process.o(i.process_init) refers to k_sys_procs.o(i.setPrioProc) for setPrioProc
    k_process.o(i.process_init) refers to k_sys_procs.o(i.clockProc) for clockProc
    k_process.o(i.process_init) refers to k_sys_procs.o(i.KCDProc) for KCDProc
    k_process.o(i.process_init) refers to k_sys_procs.o(i.CRTProc) for CRTProc
    k_process.o(i.process_switch) refers to k_priority_queue.o(i.pq_remove_by_pid) for pq_remove_by_pid
    k_process.o(i.process_switch) refers to hal.o(.emb_text) for __rte
    k_process.o(i.process_switch) refers to k_process.o(.data) for gp_current_process
    k_process.o(i.scheduler) refers to k_priority_queue.o(i.pq_remove) for pq_remove
    k_process.o(i.scheduler) refers to k_process.o(.data) for gp_current_process
    k_process.o(i.scheduler_tms) refers to k_process.o(i.scheduler) for scheduler
    k_process.o(i.scheduler_tms) refers to timer.o(.data) for g_timer_count
    k_process.o(i.scheduler_tms) refers to k_process.o(.data) for gp_current_process
    k_rtx_init.o(i.k_rtx_init) refers to k_memory.o(i.memory_init) for memory_init
    k_rtx_init.o(i.k_rtx_init) refers to k_process.o(i.process_init) for process_init
    k_rtx_init.o(i.k_rtx_init) refers to timer.o(i.timer_init) for timer_init
    k_rtx_init.o(i.k_rtx_init) refers to uart_irq.o(i.uart_irq_init) for uart_irq_init
    k_rtx_init.o(i.k_rtx_init) refers to k_process.o(i.k_release_processor) for k_release_processor
    k_priority_queue.o(i.pq_print) refers to printf.o(i.tfp_printf) for tfp_printf
    ae_util.o(i.assertTest) refers to uart_polling.o(i.uart_put_string) for uart_put_string
    ae_util.o(i.printFraction) refers to ae_util.o(i.printNumber) for printNumber
    ae_util.o(i.printFraction) refers to uart_polling.o(i.uart_put_char) for uart_put_char
    ae_util.o(i.printNumber) refers to uart_polling.o(i.uart_put_char) for uart_put_char
    ae_util.o(i.printSummary) refers to uart_polling.o(i.uart_put_string) for uart_put_string
    ae_util.o(i.printSummary) refers to ae_util.o(i.printFraction) for printFraction
    ae_util.o(i.printSummary) refers to ae_util.o(i.printUart1) for printUart1
    ae_util.o(i.printUart1) refers to uart_polling.o(i.uart_put_string) for uart_put_string
    ae_util.o(i.uart0_printMsgText) refers to uart_polling.o(i.uart_put_char) for uart_put_char
    k_sys_procs.o(i.CRTProc) refers to k_msg.o(i.k_receive_message) for k_receive_message
    k_sys_procs.o(i.CRTProc) refers to k_msg.o(i.k_send_message) for k_send_message
    k_sys_procs.o(i.CRTProc) refers to k_memory.o(i.k_release_memory_block) for k_release_memory_block
    k_sys_procs.o(i.KCDProc) refers to k_msg.o(i.k_receive_message) for k_receive_message
    k_sys_procs.o(i.KCDProc) refers to k_msg.o(i.k_send_message) for k_send_message
    k_sys_procs.o(i.aProc) refers to k_process.o(i.k_release_processor) for k_release_processor
    k_sys_procs.o(i.bProc) refers to k_process.o(i.k_release_processor) for k_release_processor
    k_sys_procs.o(i.cProc) refers to k_process.o(i.k_release_processor) for k_release_processor
    k_sys_procs.o(i.clockProc) refers to k_process.o(i.k_release_processor) for k_release_processor
    k_sys_procs.o(i.setPrioProc) refers to k_process.o(i.k_release_processor) for k_release_processor
    k_sys_procs.o(i.timerIProc) refers to k_msg.o(i.k_receive_message_nb) for k_receive_message_nb
    k_sys_procs.o(i.timerIProc) refers to k_msg.o(i.k_send_message) for k_send_message
    k_sys_procs.o(i.timerIProc) refers to k_msg.o(.data) for delayed_msg_queue
    k_sys_procs.o(i.uartIProc) refers to k_memory.o(i.k_request_memory_block) for k_request_memory_block
    k_sys_procs.o(i.uartIProc) refers to k_msg.o(i.k_send_message) for k_send_message
    k_sys_procs.o(i.uartIProc) refers to k_msg.o(i.k_receive_message_nb) for k_receive_message_nb
    k_sys_procs.o(i.uartIProc) refers to k_memory.o(i.k_release_memory_block) for k_release_memory_block
    k_sys_procs.o(i.uartIProc) refers to k_sys_procs.o(.data) for g_char_in
    uart_irq.o(.emb_text) refers to uart_irq.o(i.c_UART0_IRQHandler) for c_UART0_IRQHandler
    uart_irq.o(.emb_text) refers to k_process.o(.data) for gp_current_process
    uart_irq.o(i.c_UART0_IRQHandler) refers to k_sys_procs.o(i.uartIProc) for uartIProc
    uart_irq.o(i.uart_irq_init) refers to uart_irq.o(i.__NVIC_EnableIRQ) for __NVIC_EnableIRQ
    timer.o(.emb_text) refers to timer.o(i.timer0_iproc) for timer0_iproc
    timer.o(.emb_text) refers to k_process.o(i.k_run_new_process) for k_run_new_process
    timer.o(.emb_text) refers to k_process.o(.data) for gp_current_process
    timer.o(i.timer0_iproc) refers to k_sys_procs.o(i.timerIProc) for timerIProc
    timer.o(i.timer0_iproc) refers to timer.o(.data) for g_timer_count
    timer.o(i.timer_init) refers to timer.o(.data) for g_timer_count
    ae_proc_11.o(i.proc1) refers to k_process.o(i.k_release_processor) for k_release_processor
    ae_proc_11.o(i.proc2) refers to k_process.o(i.k_release_processor) for k_release_processor
    ae_proc_11.o(i.proc3) refers to k_process.o(i.k_release_processor) for k_release_processor
    ae_proc_11.o(i.proc4) refers to k_process.o(i.k_release_processor) for k_release_processor
    ae_proc_11.o(i.proc5) refers to k_process.o(i.k_release_processor) for k_release_processor
    ae_proc_11.o(i.proc6) refers to k_process.o(i.k_release_processor) for k_release_processor
    ae_proc_11.o(.data) refers to ae_proc_11.o(.conststring) for .conststring
    ae11.o(i.ae_init) refers to ae11.o(i.ae_set_proc_info) for ae_set_proc_info
    ae11.o(i.ae_set_proc_info) refers to ae_proc_11.o(i.proc1) for proc1
    ae11.o(i.ae_set_proc_info) refers to ae_proc_11.o(i.proc2) for proc2
    ae11.o(i.ae_set_proc_info) refers to ae_proc_11.o(i.proc3) for proc3
    ae11.o(i.ae_set_proc_info) refers to ae_proc_11.o(i.proc4) for proc4
    ae11.o(i.ae_set_proc_info) refers to ae_proc_11.o(i.proc5) for proc5
    ae11.o(i.ae_set_proc_info) refers to ae_proc_11.o(i.proc6) for proc6
    startup_lpc17xx.o(STACK) refers (Special) to heapauxi.o(.text) for __use_two_region_memory
    startup_lpc17xx.o(HEAP) refers (Special) to heapauxi.o(.text) for __use_two_region_memory
    startup_lpc17xx.o(RESET) refers (Special) to heapauxi.o(.text) for __use_two_region_memory
    startup_lpc17xx.o(RESET) refers to startup_lpc17xx.o(STACK) for __initial_sp
    startup_lpc17xx.o(RESET) refers to startup_lpc17xx.o(.text) for Reset_Handler
    startup_lpc17xx.o(RESET) refers to hal.o(.emb_text) for SVC_Handler
    startup_lpc17xx.o(RESET) refers to timer.o(.emb_text) for TIMER0_IRQHandler
    startup_lpc17xx.o(RESET) refers to uart_irq.o(.emb_text) for UART0_IRQHandler
    startup_lpc17xx.o(.ARM.__at_0x02FC) refers (Special) to heapauxi.o(.text) for __use_two_region_memory
    startup_lpc17xx.o(.text) refers (Special) to heapauxi.o(.text) for __use_two_region_memory
    startup_lpc17xx.o(.text) refers to system_lpc17xx.o(i.SystemInit) for SystemInit
    startup_lpc17xx.o(.text) refers to __main.o(!!!main) for __main
    startup_lpc17xx.o(.text) refers to startup_lpc17xx.o(HEAP) for Heap_Mem
    startup_lpc17xx.o(.text) refers to startup_lpc17xx.o(STACK) for Stack_Mem
    system_lpc17xx.o(i.SystemCoreClockUpdate) refers to lludivv7m.o(.text) for __aeabi_uldivmod
    system_lpc17xx.o(i.SystemCoreClockUpdate) refers to system_lpc17xx.o(.data) for SystemCoreClock
    __main.o(!!!main) refers to __rtentry.o(.ARM.Collect$$rtentry$$00000000) for __rt_entry
    __rtentry.o(.ARM.Collect$$rtentry$$00000000) refers (Special) to __rtentry2.o(.ARM.Collect$$rtentry$$0000000A) for __rt_entry_li
    __rtentry.o(.ARM.Collect$$rtentry$$00000000) refers (Special) to __rtentry2.o(.ARM.Collect$$rtentry$$0000000D) for __rt_entry_main
    __rtentry.o(.ARM.Collect$$rtentry$$00000000) refers (Special) to __rtentry2.o(.ARM.Collect$$rtentry$$0000000C) for __rt_entry_postli_1
    __rtentry.o(.ARM.Collect$$rtentry$$00000000) refers (Special) to __rtentry2.o(.ARM.Collect$$rtentry$$00000009) for __rt_entry_postsh_1
    __rtentry.o(.ARM.Collect$$rtentry$$00000000) refers (Special) to __rtentry2.o(.ARM.Collect$$rtentry$$00000002) for __rt_entry_presh_1
    __rtentry.o(.ARM.Collect$$rtentry$$00000000) refers (Special) to __rtentry4.o(.ARM.Collect$$rtentry$$00000004) for __rt_entry_sh
    aeabi_ldiv0_sigfpe.o(.text) refers to rt_div0.o(.text) for __rt_div0
    __rtentry2.o(.ARM.Collect$$rtentry$$00000008) refers to boardinit2.o(.text) for _platform_post_stackheap_init
    __rtentry2.o(.ARM.Collect$$rtentry$$0000000A) refers to libinit.o(.ARM.Collect$$libinit$$00000000) for __rt_lib_init
    __rtentry2.o(.ARM.Collect$$rtentry$$0000000B) refers to boardinit3.o(.text) for _platform_post_lib_init
    __rtentry2.o(.ARM.Collect$$rtentry$$0000000D) refers to main_svc.o(i.main) for main
    __rtentry2.o(.ARM.Collect$$rtentry$$0000000D) refers to exit.o(.text) for exit
    __rtentry2.o(.ARM.exidx) refers to __rtentry2.o(.ARM.Collect$$rtentry$$00000001) for .ARM.Collect$$rtentry$$00000001
    __rtentry2.o(.ARM.exidx) refers to __rtentry2.o(.ARM.Collect$$rtentry$$00000008) for .ARM.Collect$$rtentry$$00000008
    __rtentry2.o(.ARM.exidx) refers to __rtentry2.o(.ARM.Collect$$rtentry$$0000000A) for .ARM.Collect$$rtentry$$0000000A
    __rtentry2.o(.ARM.exidx) refers to __rtentry2.o(.ARM.Collect$$rtentry$$0000000B) for .ARM.Collect$$rtentry$$0000000B
    __rtentry2.o(.ARM.exidx) refers to __rtentry2.o(.ARM.Collect$$rtentry$$0000000D) for .ARM.Collect$$rtentry$$0000000D
    __rtentry4.o(.ARM.Collect$$rtentry$$00000004) refers to sys_stackheap_outer.o(.text) for __user_setup_stackheap
    __rtentry4.o(.ARM.exidx) refers to __rtentry4.o(.ARM.Collect$$rtentry$$00000004) for .ARM.Collect$$rtentry$$00000004
    rt_div0.o(.text) refers to defsig_fpe_outer.o(.text) for __rt_SIGFPE
    sys_stackheap_outer.o(.text) refers to libspace.o(.text) for __user_perproc_libspace
    sys_stackheap_outer.o(.text) refers to startup_lpc17xx.o(.text) for __user_initial_stackheap
    exit.o(.text) refers to rtexit.o(.ARM.Collect$$rtexit$$00000000) for __rt_exit
    defsig_fpe_outer.o(.text) refers to defsig_fpe_inner.o(.text) for __rt_SIGFPE_inner
    defsig_fpe_outer.o(.text) refers to defsig_exit.o(.text) for __sig_exit
    defsig_fpe_formal.o(.text) refers to rt_raise.o(.text) for __rt_raise
    libinit.o(.ARM.Collect$$libinit$$00000000) refers (Special) to libinit2.o(.ARM.Collect$$libinit$$0000002E) for __rt_lib_init_alloca_1
    libinit.o(.ARM.Collect$$libinit$$00000000) refers (Special) to libinit2.o(.ARM.Collect$$libinit$$0000002C) for __rt_lib_init_argv_1
    libinit.o(.ARM.Collect$$libinit$$00000000) refers (Special) to libinit2.o(.ARM.Collect$$libinit$$0000001B) for __rt_lib_init_atexit_1
    libinit.o(.ARM.Collect$$libinit$$00000000) refers (Special) to libinit2.o(.ARM.Collect$$libinit$$00000021) for __rt_lib_init_clock_1
    libinit.o(.ARM.Collect$$libinit$$00000000) refers (Special) to libinit2.o(.ARM.Collect$$libinit$$00000032) for __rt_lib_init_cpp_1
    libinit.o(.ARM.Collect$$libinit$$00000000) refers (Special) to libinit2.o(.ARM.Collect$$libinit$$00000030) for __rt_lib_init_exceptions_1
    libinit.o(.ARM.Collect$$libinit$$00000000) refers (Special) to libinit2.o(.ARM.Collect$$libinit$$00000002) for __rt_lib_init_fp_1
    libinit.o(.ARM.Collect$$libinit$$00000000) refers (Special) to libinit2.o(.ARM.Collect$$libinit$$0000001F) for __rt_lib_init_fp_trap_1
    libinit.o(.ARM.Collect$$libinit$$00000000) refers (Special) to libinit2.o(.ARM.Collect$$libinit$$00000023) for __rt_lib_init_getenv_1
    libinit.o(.ARM.Collect$$libinit$$00000000) refers (Special) to libinit2.o(.ARM.Collect$$libinit$$0000000A) for __rt_lib_init_heap_1
    libinit.o(.ARM.Collect$$libinit$$00000000) refers (Special) to libinit2.o(.ARM.Collect$$libinit$$00000011) for __rt_lib_init_lc_collate_1
    libinit.o(.ARM.Collect$$libinit$$00000000) refers (Special) to libinit2.o(.ARM.Collect$$libinit$$00000013) for __rt_lib_init_lc_ctype_1
    libinit.o(.ARM.Collect$$libinit$$00000000) refers (Special) to libinit2.o(.ARM.Collect$$libinit$$00000015) for __rt_lib_init_lc_monetary_1
    libinit.o(.ARM.Collect$$libinit$$00000000) refers (Special) to libinit2.o(.ARM.Collect$$libinit$$00000017) for __rt_lib_init_lc_numeric_1
    libinit.o(.ARM.Collect$$libinit$$00000000) refers (Special) to libinit2.o(.ARM.Collect$$libinit$$00000019) for __rt_lib_init_lc_time_1
    libinit.o(.ARM.Collect$$libinit$$00000000) refers (Special) to libinit2.o(.ARM.Collect$$libinit$$00000004) for __rt_lib_init_preinit_1
    libinit.o(.ARM.Collect$$libinit$$00000000) refers (Special) to libinit2.o(.ARM.Collect$$libinit$$0000000E) for __rt_lib_init_rand_1
    libinit.o(.ARM.Collect$$libinit$$00000000) refers (Special) to libinit2.o(.ARM.Collect$$libinit$$00000033) for __rt_lib_init_return
    libinit.o(.ARM.Collect$$libinit$$00000000) refers (Special) to libinit2.o(.ARM.Collect$$libinit$$0000001D) for __rt_lib_init_signal_1
    libinit.o(.ARM.Collect$$libinit$$00000000) refers (Special) to libinit2.o(.ARM.Collect$$libinit$$00000025) for __rt_lib_init_stdio_1
    libinit.o(.ARM.Collect$$libinit$$00000000) refers (Special) to libinit2.o(.ARM.Collect$$libinit$$0000000C) for __rt_lib_init_user_alloc_1
    libspace.o(.text) refers to libspace.o(.bss) for __libspace_start
    rtexit.o(.ARM.Collect$$rtexit$$00000000) refers (Special) to rtexit2.o(.ARM.Collect$$rtexit$$00000004) for __rt_exit_exit
    rtexit.o(.ARM.Collect$$rtexit$$00000000) refers (Special) to rtexit2.o(.ARM.Collect$$rtexit$$00000003) for __rt_exit_ls
    rtexit.o(.ARM.Collect$$rtexit$$00000000) refers (Special) to rtexit2.o(.ARM.Collect$$rtexit$$00000002) for __rt_exit_prels_1
    rtexit.o(.ARM.exidx) refers (Special) to rtexit2.o(.ARM.Collect$$rtexit$$00000004) for __rt_exit_exit
    rtexit.o(.ARM.exidx) refers (Special) to rtexit2.o(.ARM.Collect$$rtexit$$00000003) for __rt_exit_ls
    rtexit.o(.ARM.exidx) refers (Special) to rtexit2.o(.ARM.Collect$$rtexit$$00000002) for __rt_exit_prels_1
    rtexit.o(.ARM.exidx) refers to rtexit.o(.ARM.Collect$$rtexit$$00000000) for .ARM.Collect$$rtexit$$00000000
    rt_raise.o(.text) refers to __raise.o(.text) for __raise
    rt_raise.o(.text) refers to sys_exit.o(.text) for _sys_exit
    defsig_exit.o(.text) refers to sys_exit.o(.text) for _sys_exit
    defsig_fpe_inner.o(.text) refers to defsig_general.o(.text) for __default_signal_display
    libinit2.o(.ARM.Collect$$libinit$$00000010) refers to libinit2.o(.ARM.Collect$$libinit$$0000000F) for .ARM.Collect$$libinit$$0000000F
    libinit2.o(.ARM.Collect$$libinit$$00000012) refers to libinit2.o(.ARM.Collect$$libinit$$0000000F) for .ARM.Collect$$libinit$$0000000F
    libinit2.o(.ARM.Collect$$libinit$$00000014) refers to libinit2.o(.ARM.Collect$$libinit$$0000000F) for .ARM.Collect$$libinit$$0000000F
    libinit2.o(.ARM.Collect$$libinit$$00000016) refers to libinit2.o(.ARM.Collect$$libinit$$0000000F) for .ARM.Collect$$libinit$$0000000F
    libinit2.o(.ARM.Collect$$libinit$$00000018) refers to libinit2.o(.ARM.Collect$$libinit$$0000000F) for .ARM.Collect$$libinit$$0000000F
    libinit2.o(.ARM.Collect$$libinit$$00000026) refers to argv_veneer.o(.emb_text) for __ARM_argv_veneer
    libinit2.o(.ARM.Collect$$libinit$$00000027) refers to argv_veneer.o(.emb_text) for __ARM_argv_veneer
    sys_exit.o(.text) refers (Special) to use_no_semi.o(.text) for __I$use$semihosting
    sys_exit.o(.text) refers (Special) to indicate_semi.o(.text) for __semihosting_library_function
    rtexit2.o(.ARM.Collect$$rtexit$$00000003) refers to libshutdown.o(.ARM.Collect$$libshutdown$$00000000) for __rt_lib_shutdown
    rtexit2.o(.ARM.Collect$$rtexit$$00000004) refers to sys_exit.o(.text) for _sys_exit
    rtexit2.o(.ARM.exidx) refers to rtexit2.o(.ARM.Collect$$rtexit$$00000001) for .ARM.Collect$$rtexit$$00000001
    rtexit2.o(.ARM.exidx) refers to rtexit2.o(.ARM.Collect$$rtexit$$00000003) for .ARM.Collect$$rtexit$$00000003
    rtexit2.o(.ARM.exidx) refers to rtexit2.o(.ARM.Collect$$rtexit$$00000004) for .ARM.Collect$$rtexit$$00000004
    __raise.o(.text) refers to defsig.o(CL$$defsig) for __default_signal_handler
    defsig_general.o(.text) refers to sys_wrch.o(.text) for _ttywrch
    argv_veneer.o(.emb_text) refers to no_argv.o(.text) for __ARM_get_argv
    sys_wrch.o(.text) refers (Special) to use_no_semi.o(.text) for __I$use$semihosting
    sys_wrch.o(.text) refers (Special) to indicate_semi.o(.text) for __semihosting_library_function
    defsig.o(CL$$defsig) refers to defsig_fpe_inner.o(.text) for __rt_SIGFPE_inner
    defsig.o(CL$$defsig) refers to defsig_rtmem_inner.o(.text) for __rt_SIGRTMEM_inner
    _get_argv_nomalloc.o(.text) refers (Special) to hrguard.o(.text) for __heap_region$guard
    _get_argv_nomalloc.o(.text) refers to defsig_rtmem_outer.o(.text) for __rt_SIGRTMEM
    _get_argv_nomalloc.o(.text) refers to sys_command.o(.text) for _sys_command_string
    libshutdown.o(.ARM.Collect$$libshutdown$$00000000) refers (Special) to libshutdown2.o(.ARM.Collect$$libshutdown$$00000002) for __rt_lib_shutdown_cpp_1
    libshutdown.o(.ARM.Collect$$libshutdown$$00000000) refers (Special) to libshutdown2.o(.ARM.Collect$$libshutdown$$00000007) for __rt_lib_shutdown_fp_trap_1
    libshutdown.o(.ARM.Collect$$libshutdown$$00000000) refers (Special) to libshutdown2.o(.ARM.Collect$$libshutdown$$0000000F) for __rt_lib_shutdown_heap_1
    libshutdown.o(.ARM.Collect$$libshutdown$$00000000) refers (Special) to libshutdown2.o(.ARM.Collect$$libshutdown$$00000010) for __rt_lib_shutdown_return
    libshutdown.o(.ARM.Collect$$libshutdown$$00000000) refers (Special) to libshutdown2.o(.ARM.Collect$$libshutdown$$0000000A) for __rt_lib_shutdown_signal_1
    libshutdown.o(.ARM.Collect$$libshutdown$$00000000) refers (Special) to libshutdown2.o(.ARM.Collect$$libshutdown$$00000004) for __rt_lib_shutdown_stdio_1
    libshutdown.o(.ARM.Collect$$libshutdown$$00000000) refers (Special) to libshutdown2.o(.ARM.Collect$$libshutdown$$0000000C) for __rt_lib_shutdown_user_alloc_1
    sys_command.o(.text) refers (Special) to use_no_semi.o(.text) for __I$use$semihosting
    sys_command.o(.text) refers (Special) to indicate_semi.o(.text) for __semihosting_library_function
    defsig_abrt_inner.o(.text) refers to defsig_general.o(.text) for __default_signal_display
    defsig_rtred_inner.o(.text) refers to defsig_general.o(.text) for __default_signal_display
    defsig_rtmem_inner.o(.text) refers to defsig_general.o(.text) for __default_signal_display
    defsig_rtmem_outer.o(.text) refers to defsig_rtmem_inner.o(.text) for __rt_SIGRTMEM_inner
    defsig_rtmem_outer.o(.text) refers to defsig_exit.o(.text) for __sig_exit
    defsig_rtmem_formal.o(.text) refers to rt_raise.o(.text) for __rt_raise
    defsig_stak_inner.o(.text) refers to defsig_general.o(.text) for __default_signal_display
    defsig_pvfn_inner.o(.text) refers to defsig_general.o(.text) for __default_signal_display
    defsig_cppl_inner.o(.text) refers to defsig_general.o(.text) for __default_signal_display
    defsig_segv_inner.o(.text) refers to defsig_general.o(.text) for __default_signal_display
    defsig_other.o(.text) refers to defsig_general.o(.text) for __default_signal_display


==============================================================================

Removing Unused input sections from the image.

    Removing main_svc.o(.rev16_text), (4 bytes).
    Removing main_svc.o(.revsh_text), (4 bytes).
    Removing main_svc.o(.rrx_text), (6 bytes).
    Removing printf.o(i.a2d), (50 bytes).
    Removing printf.o(i.a2i), (58 bytes).
    Removing printf.o(i.i2a), (32 bytes).
    Removing printf.o(i.putchw), (82 bytes).
    Removing printf.o(i.putcp), (10 bytes).
    Removing printf.o(i.tfp_format), (296 bytes).
    Removing printf.o(i.tfp_printf), (44 bytes).
    Removing printf.o(i.tfp_sprintf), (44 bytes).
    Removing printf.o(i.ui2a), (86 bytes).
    Removing uart_polling.o(.rev16_text), (4 bytes).
    Removing uart_polling.o(.revsh_text), (4 bytes).
    Removing uart_polling.o(.rrx_text), (6 bytes).
    Removing uart_polling.o(i.uart_get_char), (48 bytes).
    Removing k_memory.o(.rev16_text), (4 bytes).
    Removing k_memory.o(.revsh_text), (4 bytes).
    Removing k_memory.o(.rrx_text), (6 bytes).
    Removing k_memory.o(i.pq_insert_blocked), (20 bytes).
    Removing k_memory.o(i.pq_remove_by_pid_blocked), (20 bytes).
    Removing k_msg.o(.rev16_text), (4 bytes).
    Removing k_msg.o(.revsh_text), (4 bytes).
    Removing k_msg.o(.rrx_text), (6 bytes).
    Removing k_msg.o(i.k_delayed_send), (32 bytes).
    Removing k_process.o(.rev16_text), (4 bytes).
    Removing k_process.o(.revsh_text), (4 bytes).
    Removing k_process.o(.rrx_text), (6 bytes).
    Removing k_process.o(i.k_get_process_priority), (30 bytes).
    Removing k_process.o(i.k_set_process_priority), (196 bytes).
    Removing k_process.o(i.pq_remove_by_pid_ready), (20 bytes).
    Removing k_process.o(i.scheduler_tms), (40 bytes).
    Removing k_rtx_init.o(.rev16_text), (4 bytes).
    Removing k_rtx_init.o(.revsh_text), (4 bytes).
    Removing k_rtx_init.o(.rrx_text), (6 bytes).
    Removing k_priority_queue.o(.rev16_text), (4 bytes).
    Removing k_priority_queue.o(.revsh_text), (4 bytes).
    Removing k_priority_queue.o(.rrx_text), (6 bytes).
    Removing k_priority_queue.o(i.pq_print), (100 bytes).
    Removing ae_util.o(i.assertTest), (92 bytes).
    Removing ae_util.o(i.printFraction), (28 bytes).
    Removing ae_util.o(i.printNumber), (74 bytes).
    Removing ae_util.o(i.printSummary), (120 bytes).
    Removing ae_util.o(i.printUart1), (48 bytes).
    Removing ae_util.o(i.strcpy), (22 bytes).
    Removing ae_util.o(i.uart0_printMsgText), (36 bytes).
    Removing k_queue.o(.rev16_text), (4 bytes).
    Removing k_queue.o(.revsh_text), (4 bytes).
    Removing k_queue.o(.rrx_text), (6 bytes).
    Removing k_sys_procs.o(.rev16_text), (4 bytes).
    Removing k_sys_procs.o(.revsh_text), (4 bytes).
    Removing k_sys_procs.o(.rrx_text), (6 bytes).
    Removing uart_irq.o(.rev16_text), (4 bytes).
    Removing uart_irq.o(.revsh_text), (4 bytes).
    Removing uart_irq.o(.rrx_text), (6 bytes).
    Removing timer.o(.rev16_text), (4 bytes).
    Removing timer.o(.revsh_text), (4 bytes).
    Removing timer.o(.rrx_text), (6 bytes).
    Removing ae_proc_11.o(.conststring), (13 bytes).
    Removing ae_proc_11.o(.data), (16 bytes).
    Removing system_lpc17xx.o(.rev16_text), (4 bytes).
    Removing system_lpc17xx.o(.revsh_text), (4 bytes).
    Removing system_lpc17xx.o(.rrx_text), (6 bytes).
    Removing system_lpc17xx.o(i.SystemCoreClockUpdate), (424 bytes).
    Removing system_lpc17xx.o(.data), (4 bytes).

65 unused section(s) (total 2253 bytes) removed from the image.

==============================================================================

Image Symbol Table

    Local Symbols

    Symbol Name                              Value     Ov Type        Size  Object(Section)

    RESET                                    0x00000000   Section      204  startup_lpc17xx.o(RESET)
    ../clib/angel/boardlib.s                 0x00000000   Number         0  boardinit1.o ABSOLUTE
    ../clib/angel/boardlib.s                 0x00000000   Number         0  boardinit2.o ABSOLUTE
    ../clib/angel/boardlib.s                 0x00000000   Number         0  boardshut.o ABSOLUTE
    ../clib/angel/boardlib.s                 0x00000000   Number         0  boardinit3.o ABSOLUTE
    ../clib/angel/handlers.s                 0x00000000   Number         0  __scatter_copy.o ABSOLUTE
    ../clib/angel/handlers.s                 0x00000000   Number         0  __scatter_zi.o ABSOLUTE
    ../clib/angel/kernel.s                   0x00000000   Number         0  rtexit2.o ABSOLUTE
    ../clib/angel/kernel.s                   0x00000000   Number         0  rtexit.o ABSOLUTE
    ../clib/angel/kernel.s                   0x00000000   Number         0  __rtentry4.o ABSOLUTE
    ../clib/angel/kernel.s                   0x00000000   Number         0  __rtentry.o ABSOLUTE
    ../clib/angel/kernel.s                   0x00000000   Number         0  __rtentry2.o ABSOLUTE
    ../clib/angel/rt.s                       0x00000000   Number         0  aeabi_ldiv0.o ABSOLUTE
    ../clib/angel/rt.s                       0x00000000   Number         0  rt_div0.o ABSOLUTE
    ../clib/angel/rt.s                       0x00000000   Number         0  rt_raise.o ABSOLUTE
    ../clib/angel/rt.s                       0x00000000   Number         0  aeabi_ldiv0_sigfpe.o ABSOLUTE
    ../clib/angel/scatter.s                  0x00000000   Number         0  __scatter.o ABSOLUTE
    ../clib/angel/startup.s                  0x00000000   Number         0  __main.o ABSOLUTE
    ../clib/angel/sys.s                      0x00000000   Number         0  libspace.o ABSOLUTE
    ../clib/angel/sys.s                      0x00000000   Number         0  use_no_semi.o ABSOLUTE
    ../clib/angel/sys.s                      0x00000000   Number         0  sys_stackheap_outer.o ABSOLUTE
    ../clib/angel/sys.s                      0x00000000   Number         0  indicate_semi.o ABSOLUTE
    ../clib/angel/sysapp.c                   0x00000000   Number         0  sys_wrch.o ABSOLUTE
    ../clib/angel/sysapp.c                   0x00000000   Number         0  sys_exit.o ABSOLUTE
    ../clib/angel/sysapp.c                   0x00000000   Number         0  sys_command.o ABSOLUTE
    ../clib/armsys.c                         0x00000000   Number         0  argv_veneer.o ABSOLUTE
    ../clib/armsys.c                         0x00000000   Number         0  argv_veneer.o ABSOLUTE
    ../clib/armsys.c                         0x00000000   Number         0  no_argv.o ABSOLUTE
    ../clib/armsys.c                         0x00000000   Number         0  _get_argv_nomalloc.o ABSOLUTE
    ../clib/heapalloc.c                      0x00000000   Number         0  hrguard.o ABSOLUTE
    ../clib/heapaux.c                        0x00000000   Number         0  heapauxi.o ABSOLUTE
    ../clib/libinit.s                        0x00000000   Number         0  libinit2.o ABSOLUTE
    ../clib/libinit.s                        0x00000000   Number         0  libshutdown2.o ABSOLUTE
    ../clib/libinit.s                        0x00000000   Number         0  libinit.o ABSOLUTE
    ../clib/libinit.s                        0x00000000   Number         0  libshutdown.o ABSOLUTE
    ../clib/longlong.s                       0x00000000   Number         0  lludivv7m.o ABSOLUTE
    ../clib/signal.c                         0x00000000   Number         0  defsig_general.o ABSOLUTE
    ../clib/signal.c                         0x00000000   Number         0  __raise.o ABSOLUTE
    ../clib/signal.c                         0x00000000   Number         0  defsig_pvfn_inner.o ABSOLUTE
    ../clib/signal.c                         0x00000000   Number         0  defsig_fpe_inner.o ABSOLUTE
    ../clib/signal.c                         0x00000000   Number         0  defsig_exit.o ABSOLUTE
    ../clib/signal.c                         0x00000000   Number         0  defsig_rtmem_formal.o ABSOLUTE
    ../clib/signal.c                         0x00000000   Number         0  defsig_rtmem_outer.o ABSOLUTE
    ../clib/signal.c                         0x00000000   Number         0  defsig_rtmem_inner.o ABSOLUTE
    ../clib/signal.c                         0x00000000   Number         0  defsig_rtred_inner.o ABSOLUTE
    ../clib/signal.c                         0x00000000   Number         0  defsig_abrt_inner.o ABSOLUTE
    ../clib/signal.c                         0x00000000   Number         0  defsig_fpe_outer.o ABSOLUTE
    ../clib/signal.c                         0x00000000   Number         0  defsig_stak_inner.o ABSOLUTE
    ../clib/signal.c                         0x00000000   Number         0  defsig_other.o ABSOLUTE
    ../clib/signal.c                         0x00000000   Number         0  defsig_segv_inner.o ABSOLUTE
    ../clib/signal.c                         0x00000000   Number         0  defsig_cppl_inner.o ABSOLUTE
    ../clib/signal.c                         0x00000000   Number         0  defsig_fpe_formal.o ABSOLUTE
    ../clib/signal.s                         0x00000000   Number         0  defsig.o ABSOLUTE
    ../clib/stdlib.c                         0x00000000   Number         0  exit.o ABSOLUTE
    ../fplib/fpinit.s                        0x00000000   Number         0  fpinit.o ABSOLUTE
    ..\Auto_Test\P3\AE11\ae11.c              0x00000000   Number         0  ae11.o ABSOLUTE
    ..\Auto_Test\P3\AE11\ae_proc_11.c        0x00000000   Number         0  ae_proc_11.o ABSOLUTE
    RTE\Device\LPC1768\startup_LPC17xx.s     0x00000000   Number         0  startup_lpc17xx.o ABSOLUTE
    RTE\Device\LPC1768\system_LPC17xx.c      0x00000000   Number         0  system_lpc17xx.o ABSOLUTE
    RTE\\Device\\LPC1768\\system_LPC17xx.c   0x00000000   Number         0  system_lpc17xx.o ABSOLUTE
    dc.s                                     0x00000000   Number         0  dc.o ABSOLUTE
    src\HAL.c                                0x00000000   Number         0  hal.o ABSOLUTE
    src\\HAL.c                               0x00000000   Number         0  hal.o ABSOLUTE
    src\\k_memory.c                          0x00000000   Number         0  k_memory.o ABSOLUTE
    src\\k_msg.c                             0x00000000   Number         0  k_msg.o ABSOLUTE
    src\\k_priority_queue.c                  0x00000000   Number         0  k_priority_queue.o ABSOLUTE
    src\\k_process.c                         0x00000000   Number         0  k_process.o ABSOLUTE
    src\\k_queue.c                           0x00000000   Number         0  k_queue.o ABSOLUTE
    src\\k_rtx_init.c                        0x00000000   Number         0  k_rtx_init.o ABSOLUTE
    src\\k_sys_procs.c                       0x00000000   Number         0  k_sys_procs.o ABSOLUTE
    src\\main_svc.c                          0x00000000   Number         0  main_svc.o ABSOLUTE
    src\\timer.c                             0x00000000   Number         0  timer.o ABSOLUTE
    src\\uart_irq.c                          0x00000000   Number         0  uart_irq.o ABSOLUTE
    src\\uart_polling.c                      0x00000000   Number         0  uart_polling.o ABSOLUTE
    src\ae_util.c                            0x00000000   Number         0  ae_util.o ABSOLUTE
    src\k_memory.c                           0x00000000   Number         0  k_memory.o ABSOLUTE
    src\k_msg.c                              0x00000000   Number         0  k_msg.o ABSOLUTE
    src\k_priority_queue.c                   0x00000000   Number         0  k_priority_queue.o ABSOLUTE
    src\k_process.c                          0x00000000   Number         0  k_process.o ABSOLUTE
    src\k_queue.c                            0x00000000   Number         0  k_queue.o ABSOLUTE
    src\k_rtx_init.c                         0x00000000   Number         0  k_rtx_init.o ABSOLUTE
    src\k_sys_procs.c                        0x00000000   Number         0  k_sys_procs.o ABSOLUTE
    src\main_svc.c                           0x00000000   Number         0  main_svc.o ABSOLUTE
    src\printf.c                             0x00000000   Number         0  printf.o ABSOLUTE
    src\timer.c                              0x00000000   Number         0  timer.o ABSOLUTE
    src\uart_irq.c                           0x00000000   Number         0  uart_irq.o ABSOLUTE
    src\uart_polling.c                       0x00000000   Number         0  uart_polling.o ABSOLUTE
    !!!main                                  0x000000cc   Section        8  __main.o(!!!main)
    !!!scatter                               0x000000d4   Section       52  __scatter.o(!!!scatter)
    !!handler_copy                           0x00000108   Section       26  __scatter_copy.o(!!handler_copy)
    !!handler_zi                             0x00000124   Section       28  __scatter_zi.o(!!handler_zi)
    .ARM.Collect$$libinit$$00000000          0x00000140   Section        2  libinit.o(.ARM.Collect$$libinit$$00000000)
    .ARM.Collect$$libinit$$00000002          0x00000142   Section        0  libinit2.o(.ARM.Collect$$libinit$$00000002)
    .ARM.Collect$$libinit$$00000004          0x00000142   Section        0  libinit2.o(.ARM.Collect$$libinit$$00000004)
    .ARM.Collect$$libinit$$0000000A          0x00000142   Section        0  libinit2.o(.ARM.Collect$$libinit$$0000000A)
    .ARM.Collect$$libinit$$0000000C          0x00000142   Section        0  libinit2.o(.ARM.Collect$$libinit$$0000000C)
    .ARM.Collect$$libinit$$0000000E          0x00000142   Section        0  libinit2.o(.ARM.Collect$$libinit$$0000000E)
    .ARM.Collect$$libinit$$00000011          0x00000142   Section        0  libinit2.o(.ARM.Collect$$libinit$$00000011)
    .ARM.Collect$$libinit$$00000013          0x00000142   Section        0  libinit2.o(.ARM.Collect$$libinit$$00000013)
    .ARM.Collect$$libinit$$00000015          0x00000142   Section        0  libinit2.o(.ARM.Collect$$libinit$$00000015)
    .ARM.Collect$$libinit$$00000017          0x00000142   Section        0  libinit2.o(.ARM.Collect$$libinit$$00000017)
    .ARM.Collect$$libinit$$00000019          0x00000142   Section        0  libinit2.o(.ARM.Collect$$libinit$$00000019)
    .ARM.Collect$$libinit$$0000001B          0x00000142   Section        0  libinit2.o(.ARM.Collect$$libinit$$0000001B)
    .ARM.Collect$$libinit$$0000001D          0x00000142   Section        0  libinit2.o(.ARM.Collect$$libinit$$0000001D)
    .ARM.Collect$$libinit$$0000001F          0x00000142   Section        0  libinit2.o(.ARM.Collect$$libinit$$0000001F)
    .ARM.Collect$$libinit$$00000021          0x00000142   Section        0  libinit2.o(.ARM.Collect$$libinit$$00000021)
    .ARM.Collect$$libinit$$00000023          0x00000142   Section        0  libinit2.o(.ARM.Collect$$libinit$$00000023)
    .ARM.Collect$$libinit$$00000025          0x00000142   Section        0  libinit2.o(.ARM.Collect$$libinit$$00000025)
    .ARM.Collect$$libinit$$0000002C          0x00000142   Section        0  libinit2.o(.ARM.Collect$$libinit$$0000002C)
    .ARM.Collect$$libinit$$0000002E          0x00000142   Section        0  libinit2.o(.ARM.Collect$$libinit$$0000002E)
    .ARM.Collect$$libinit$$00000030          0x00000142   Section        0  libinit2.o(.ARM.Collect$$libinit$$00000030)
    .ARM.Collect$$libinit$$00000032          0x00000142   Section        0  libinit2.o(.ARM.Collect$$libinit$$00000032)
    .ARM.Collect$$libinit$$00000033          0x00000142   Section        2  libinit2.o(.ARM.Collect$$libinit$$00000033)
    .ARM.Collect$$libshutdown$$00000000      0x00000144   Section        2  libshutdown.o(.ARM.Collect$$libshutdown$$00000000)
    .ARM.Collect$$libshutdown$$00000002      0x00000146   Section        0  libshutdown2.o(.ARM.Collect$$libshutdown$$00000002)
    .ARM.Collect$$libshutdown$$00000004      0x00000146   Section        0  libshutdown2.o(.ARM.Collect$$libshutdown$$00000004)
    .ARM.Collect$$libshutdown$$00000007      0x00000146   Section        0  libshutdown2.o(.ARM.Collect$$libshutdown$$00000007)
    .ARM.Collect$$libshutdown$$0000000A      0x00000146   Section        0  libshutdown2.o(.ARM.Collect$$libshutdown$$0000000A)
    .ARM.Collect$$libshutdown$$0000000C      0x00000146   Section        0  libshutdown2.o(.ARM.Collect$$libshutdown$$0000000C)
    .ARM.Collect$$libshutdown$$0000000F      0x00000146   Section        0  libshutdown2.o(.ARM.Collect$$libshutdown$$0000000F)
    .ARM.Collect$$libshutdown$$00000010      0x00000146   Section        2  libshutdown2.o(.ARM.Collect$$libshutdown$$00000010)
    .ARM.Collect$$rtentry$$00000000          0x00000148   Section        0  __rtentry.o(.ARM.Collect$$rtentry$$00000000)
    .ARM.Collect$$rtentry$$00000002          0x00000148   Section        0  __rtentry2.o(.ARM.Collect$$rtentry$$00000002)
    .ARM.Collect$$rtentry$$00000004          0x00000148   Section        6  __rtentry4.o(.ARM.Collect$$rtentry$$00000004)
    .ARM.Collect$$rtentry$$00000009          0x0000014e   Section        0  __rtentry2.o(.ARM.Collect$$rtentry$$00000009)
    .ARM.Collect$$rtentry$$0000000A          0x0000014e   Section        4  __rtentry2.o(.ARM.Collect$$rtentry$$0000000A)
    .ARM.Collect$$rtentry$$0000000C          0x00000152   Section        0  __rtentry2.o(.ARM.Collect$$rtentry$$0000000C)
    .ARM.Collect$$rtentry$$0000000D          0x00000152   Section        8  __rtentry2.o(.ARM.Collect$$rtentry$$0000000D)
    .ARM.Collect$$rtexit$$00000000           0x0000015a   Section        2  rtexit.o(.ARM.Collect$$rtexit$$00000000)
    .ARM.Collect$$rtexit$$00000002           0x0000015c   Section        0  rtexit2.o(.ARM.Collect$$rtexit$$00000002)
    .ARM.Collect$$rtexit$$00000003           0x0000015c   Section        4  rtexit2.o(.ARM.Collect$$rtexit$$00000003)
    .ARM.Collect$$rtexit$$00000004           0x00000160   Section        6  rtexit2.o(.ARM.Collect$$rtexit$$00000004)
    .emb_text                                0x00000168   Section       52  hal.o(.emb_text)
    .emb_text                                0x0000019c   Section       72  uart_irq.o(.emb_text)
    .emb_text                                0x000001e4   Section       76  timer.o(.emb_text)
    .text                                    0x00000230   Section       60  startup_lpc17xx.o(.text)
    .text                                    0x0000026c   Section        0  heapauxi.o(.text)
    .text                                    0x00000272   Section       74  sys_stackheap_outer.o(.text)
    .text                                    0x000002bc   Section        0  exit.o(.text)
    .text                                    0x000002d0   Section        8  libspace.o(.text)
    .text                                    0x000002d8   Section        0  sys_exit.o(.text)
    .text                                    0x000002e4   Section        2  use_no_semi.o(.text)
    .text                                    0x000002e6   Section        0  indicate_semi.o(.text)
    i.aProc                                  0x000002e8   Section        0  k_sys_procs.o(i.aProc)
    i.nullProc                               0x000002f8   Section        0  k_sys_procs.o(i.nullProc)
    .ARM.__at_0x02FC                         0x000002fc   Section        4  startup_lpc17xx.o(.ARM.__at_0x02FC)
    i.CRTProc                                0x00000300   Section        0  k_sys_procs.o(i.CRTProc)
    i.KCDProc                                0x0000035c   Section        0  k_sys_procs.o(i.KCDProc)
    i.SystemInit                             0x00000388   Section        0  system_lpc17xx.o(i.SystemInit)
    i.__NVIC_EnableIRQ                       0x000004c8   Section        0  uart_irq.o(i.__NVIC_EnableIRQ)
    __NVIC_EnableIRQ                         0x000004c9   Thumb Code    34  uart_irq.o(i.__NVIC_EnableIRQ)
    i.ae_init                                0x000004ea   Section        0  ae11.o(i.ae_init)
    i.ae_set_proc_info                       0x00000514   Section        0  ae11.o(i.ae_set_proc_info)
    i.alloc_stack                            0x00000580   Section        0  k_memory.o(i.alloc_stack)
    i.bProc                                  0x000005a4   Section        0  k_sys_procs.o(i.bProc)
    i.cProc                                  0x000005b4   Section        0  k_sys_procs.o(i.cProc)
    i.c_UART0_IRQHandler                     0x000005c4   Section        0  uart_irq.o(i.c_UART0_IRQHandler)
    i.clockProc                              0x000005cc   Section        0  k_sys_procs.o(i.clockProc)
    i.get_pcb_by_pid                         0x000005dc   Section        0  k_process.o(i.get_pcb_by_pid)
    i.init_printf                            0x00000614   Section        0  printf.o(i.init_printf)
    i.k_receive_message                      0x00000628   Section        0  k_msg.o(i.k_receive_message)
    i.k_receive_message_nb                   0x00000670   Section        0  k_msg.o(i.k_receive_message_nb)
    i.k_release_memory_block                 0x0000069c   Section        0  k_memory.o(i.k_release_memory_block)
    i.k_release_processor                    0x00000734   Section        0  k_process.o(i.k_release_processor)
    i.k_request_memory_block                 0x00000780   Section        0  k_memory.o(i.k_request_memory_block)
    i.k_request_memory_block_nb              0x000007d0   Section        0  k_memory.o(i.k_request_memory_block_nb)
    i.k_rtx_init                             0x000007e8   Section        0  k_rtx_init.o(i.k_rtx_init)
    i.k_run_new_process                      0x00000814   Section        0  k_process.o(i.k_run_new_process)
    i.k_send_message                         0x00000854   Section        0  k_msg.o(i.k_send_message)
    i.main                                   0x000008f4   Section        0  main_svc.o(i.main)
    i.memory_init                            0x0000093c   Section        0  k_memory.o(i.memory_init)
    i.pq_insert                              0x000009c4   Section        0  k_priority_queue.o(i.pq_insert)
    i.pq_insert_front                        0x00000a00   Section        0  k_priority_queue.o(i.pq_insert_front)
    i.pq_insert_front_ready                  0x00000a3c   Section        0  k_process.o(i.pq_insert_front_ready)
    i.pq_insert_ready                        0x00000a60   Section        0  k_process.o(i.pq_insert_ready)
    i.pq_remove                              0x00000a84   Section        0  k_priority_queue.o(i.pq_remove)
    i.pq_remove_by_pid                       0x00000a9a   Section        0  k_priority_queue.o(i.pq_remove_by_pid)
    i.pre_rtx_init                           0x00000ade   Section        0  main_svc.o(i.pre_rtx_init)
    i.proc1                                  0x00000ae4   Section        0  ae_proc_11.o(i.proc1)
    i.proc2                                  0x00000af4   Section        0  ae_proc_11.o(i.proc2)
    i.proc3                                  0x00000b04   Section        0  ae_proc_11.o(i.proc3)
    i.proc4                                  0x00000b14   Section        0  ae_proc_11.o(i.proc4)
    i.proc5                                  0x00000b24   Section        0  ae_proc_11.o(i.proc5)
    i.proc6                                  0x00000b34   Section        0  ae_proc_11.o(i.proc6)
    i.process_init                           0x00000b44   Section        0  k_process.o(i.process_init)
    i.process_switch                         0x00000e08   Section        0  k_process.o(i.process_switch)
    i.putc                                   0x00000e98   Section        0  uart_polling.o(i.putc)
    i.q_insert                               0x00000edc   Section        0  k_queue.o(i.q_insert)
    i.q_remove                               0x00000efa   Section        0  k_queue.o(i.q_remove)
    i.q_remove_by_addr                       0x00000f14   Section        0  k_queue.o(i.q_remove_by_addr)
    i.scheduler                              0x00000f54   Section        0  k_process.o(i.scheduler)
    i.setPrioProc                            0x00000f84   Section        0  k_sys_procs.o(i.setPrioProc)
    i.timer0_iproc                           0x00000f94   Section        0  timer.o(i.timer0_iproc)
    i.timerIProc                             0x00000fb4   Section        0  k_sys_procs.o(i.timerIProc)
    i.timer_init                             0x00001070   Section        0  timer.o(i.timer_init)
    i.uartIProc                              0x000010c4   Section        0  k_sys_procs.o(i.uartIProc)
    i.uart_init                              0x000011c8   Section        0  uart_polling.o(i.uart_init)
    i.uart_irq_init                          0x00001234   Section        0  uart_irq.o(i.uart_irq_init)
    i.uart_put_char                          0x000012c4   Section        0  uart_polling.o(i.uart_put_char)
    i.uart_put_string                        0x000012f8   Section        0  uart_polling.o(i.uart_put_string)
    .data                                    0x10000000   Section        8  printf.o(.data)
    stdout_putf                              0x10000000   Data           4  printf.o(.data)
    stdout_putp                              0x10000004   Data           4  printf.o(.data)
    .data                                    0x10000008   Section       16  k_memory.o(.data)
    .data                                    0x10000018   Section        4  k_msg.o(.data)
    .data                                    0x1000001c   Section       24  k_process.o(.data)
    .data                                    0x10000034   Section       36  k_sys_procs.o(.data)
    .data                                    0x10000058   Section        4  timer.o(.data)
    .bss                                     0x1000005c   Section      112  k_process.o(.bss)
    .bss                                     0x100000cc   Section       96  libspace.o(.bss)
    HEAP                                     0x10000130   Section        0  startup_lpc17xx.o(HEAP)
    STACK                                    0x10000130   Section      512  startup_lpc17xx.o(STACK)
    Heap_Mem                                 0x10000130   Data           0  startup_lpc17xx.o(HEAP)
    Stack_Mem                                0x10000130   Data         512  startup_lpc17xx.o(STACK)
    __initial_sp                             0x10000330   Data           0  startup_lpc17xx.o(STACK)

    Global Symbols

    Symbol Name                              Value     Ov Type        Size  Object(Section)

    BuildAttributes$$THM_ISAv4$P$D$K$B$S$PE$A:L22UL41UL21$X:L11$S22US41US21$IEEE1$IW$USESV6$~STKCKD$USESV7$~SHL$OSPACE$ROPI$EBA8$UX$STANDARDLIB$REQ8$PRES8$EABIv2 0x00000000   Number         0  anon$$obj.o ABSOLUTE
    __ARM_use_no_argv                        0x00000000   Number         0  main_svc.o ABSOLUTE
    __Vectors                                0x00000000   Data           4  startup_lpc17xx.o(RESET)
    __ARM_exceptions_init                     - Undefined Weak Reference
    __alloca_initialize                       - Undefined Weak Reference
    __arm_preinit_                            - Undefined Weak Reference
    __cpp_initialize__aeabi_                  - Undefined Weak Reference
    __cxa_finalize                            - Undefined Weak Reference
    __rt_locale                               - Undefined Weak Reference
    __sigvec_lookup                           - Undefined Weak Reference
    _atexit_init                              - Undefined Weak Reference
    _call_atexit_fns                          - Undefined Weak Reference
    _clock_init                               - Undefined Weak Reference
    _fp_trap_init                             - Undefined Weak Reference
    _fp_trap_shutdown                         - Undefined Weak Reference
    _get_lc_collate                           - Undefined Weak Reference
    _get_lc_ctype                             - Undefined Weak Reference
    _get_lc_monetary                          - Undefined Weak Reference
    _get_lc_numeric                           - Undefined Weak Reference
    _get_lc_time                              - Undefined Weak Reference
    _getenv_init                              - Undefined Weak Reference
    _handle_redirection                       - Undefined Weak Reference
    _init_alloc                               - Undefined Weak Reference
    _init_user_alloc                          - Undefined Weak Reference
    _initio                                   - Undefined Weak Reference
    _rand_init                                - Undefined Weak Reference
    _signal_finish                            - Undefined Weak Reference
    _signal_init                              - Undefined Weak Reference
    _terminate_alloc                          - Undefined Weak Reference
    _terminate_user_alloc                     - Undefined Weak Reference
    _terminateio                              - Undefined Weak Reference
    __main                                   0x000000cd   Thumb Code     8  __main.o(!!!main)
    __scatterload                            0x000000d5   Thumb Code     0  __scatter.o(!!!scatter)
    __scatterload_rt2                        0x000000d5   Thumb Code    44  __scatter.o(!!!scatter)
    __scatterload_rt2_thumb_only             0x000000d5   Thumb Code     0  __scatter.o(!!!scatter)
    __scatterload_null                       0x000000e3   Thumb Code     0  __scatter.o(!!!scatter)
    __scatterload_copy                       0x00000109   Thumb Code    26  __scatter_copy.o(!!handler_copy)
    __scatterload_zeroinit                   0x00000125   Thumb Code    28  __scatter_zi.o(!!handler_zi)
    __rt_lib_init                            0x00000141   Thumb Code     0  libinit.o(.ARM.Collect$$libinit$$00000000)
    __rt_lib_init_alloca_1                   0x00000143   Thumb Code     0  libinit2.o(.ARM.Collect$$libinit$$0000002E)
    __rt_lib_init_argv_1                     0x00000143   Thumb Code     0  libinit2.o(.ARM.Collect$$libinit$$0000002C)
    __rt_lib_init_atexit_1                   0x00000143   Thumb Code     0  libinit2.o(.ARM.Collect$$libinit$$0000001B)
    __rt_lib_init_clock_1                    0x00000143   Thumb Code     0  libinit2.o(.ARM.Collect$$libinit$$00000021)
    __rt_lib_init_cpp_1                      0x00000143   Thumb Code     0  libinit2.o(.ARM.Collect$$libinit$$00000032)
    __rt_lib_init_exceptions_1               0x00000143   Thumb Code     0  libinit2.o(.ARM.Collect$$libinit$$00000030)
    __rt_lib_init_fp_1                       0x00000143   Thumb Code     0  libinit2.o(.ARM.Collect$$libinit$$00000002)
    __rt_lib_init_fp_trap_1                  0x00000143   Thumb Code     0  libinit2.o(.ARM.Collect$$libinit$$0000001F)
    __rt_lib_init_getenv_1                   0x00000143   Thumb Code     0  libinit2.o(.ARM.Collect$$libinit$$00000023)
    __rt_lib_init_heap_1                     0x00000143   Thumb Code     0  libinit2.o(.ARM.Collect$$libinit$$0000000A)
    __rt_lib_init_lc_collate_1               0x00000143   Thumb Code     0  libinit2.o(.ARM.Collect$$libinit$$00000011)
    __rt_lib_init_lc_ctype_1                 0x00000143   Thumb Code     0  libinit2.o(.ARM.Collect$$libinit$$00000013)
    __rt_lib_init_lc_monetary_1              0x00000143   Thumb Code     0  libinit2.o(.ARM.Collect$$libinit$$00000015)
    __rt_lib_init_lc_numeric_1               0x00000143   Thumb Code     0  libinit2.o(.ARM.Collect$$libinit$$00000017)
    __rt_lib_init_lc_time_1                  0x00000143   Thumb Code     0  libinit2.o(.ARM.Collect$$libinit$$00000019)
    __rt_lib_init_preinit_1                  0x00000143   Thumb Code     0  libinit2.o(.ARM.Collect$$libinit$$00000004)
    __rt_lib_init_rand_1                     0x00000143   Thumb Code     0  libinit2.o(.ARM.Collect$$libinit$$0000000E)
    __rt_lib_init_return                     0x00000143   Thumb Code     0  libinit2.o(.ARM.Collect$$libinit$$00000033)
    __rt_lib_init_signal_1                   0x00000143   Thumb Code     0  libinit2.o(.ARM.Collect$$libinit$$0000001D)
    __rt_lib_init_stdio_1                    0x00000143   Thumb Code     0  libinit2.o(.ARM.Collect$$libinit$$00000025)
    __rt_lib_init_user_alloc_1               0x00000143   Thumb Code     0  libinit2.o(.ARM.Collect$$libinit$$0000000C)
    __rt_lib_shutdown                        0x00000145   Thumb Code     0  libshutdown.o(.ARM.Collect$$libshutdown$$00000000)
    __rt_lib_shutdown_cpp_1                  0x00000147   Thumb Code     0  libshutdown2.o(.ARM.Collect$$libshutdown$$00000002)
    __rt_lib_shutdown_fp_trap_1              0x00000147   Thumb Code     0  libshutdown2.o(.ARM.Collect$$libshutdown$$00000007)
    __rt_lib_shutdown_heap_1                 0x00000147   Thumb Code     0  libshutdown2.o(.ARM.Collect$$libshutdown$$0000000F)
    __rt_lib_shutdown_return                 0x00000147   Thumb Code     0  libshutdown2.o(.ARM.Collect$$libshutdown$$00000010)
    __rt_lib_shutdown_signal_1               0x00000147   Thumb Code     0  libshutdown2.o(.ARM.Collect$$libshutdown$$0000000A)
    __rt_lib_shutdown_stdio_1                0x00000147   Thumb Code     0  libshutdown2.o(.ARM.Collect$$libshutdown$$00000004)
    __rt_lib_shutdown_user_alloc_1           0x00000147   Thumb Code     0  libshutdown2.o(.ARM.Collect$$libshutdown$$0000000C)
    __rt_entry                               0x00000149   Thumb Code     0  __rtentry.o(.ARM.Collect$$rtentry$$00000000)
    __rt_entry_presh_1                       0x00000149   Thumb Code     0  __rtentry2.o(.ARM.Collect$$rtentry$$00000002)
    __rt_entry_sh                            0x00000149   Thumb Code     0  __rtentry4.o(.ARM.Collect$$rtentry$$00000004)
    __rt_entry_li                            0x0000014f   Thumb Code     0  __rtentry2.o(.ARM.Collect$$rtentry$$0000000A)
    __rt_entry_postsh_1                      0x0000014f   Thumb Code     0  __rtentry2.o(.ARM.Collect$$rtentry$$00000009)
    __rt_entry_main                          0x00000153   Thumb Code     0  __rtentry2.o(.ARM.Collect$$rtentry$$0000000D)
    __rt_entry_postli_1                      0x00000153   Thumb Code     0  __rtentry2.o(.ARM.Collect$$rtentry$$0000000C)
    __rt_exit                                0x0000015b   Thumb Code     0  rtexit.o(.ARM.Collect$$rtexit$$00000000)
    __rt_exit_ls                             0x0000015d   Thumb Code     0  rtexit2.o(.ARM.Collect$$rtexit$$00000003)
    __rt_exit_prels_1                        0x0000015d   Thumb Code     0  rtexit2.o(.ARM.Collect$$rtexit$$00000002)
    __rt_exit_exit                           0x00000161   Thumb Code     0  rtexit2.o(.ARM.Collect$$rtexit$$00000004)
    __rte                                    0x00000169   Thumb Code     8  hal.o(.emb_text)
    SVC_Handler                              0x00000171   Thumb Code    44  hal.o(.emb_text)
    UART0_IRQHandler                         0x0000019d   Thumb Code    60  uart_irq.o(.emb_text)
    TIMER0_IRQHandler                        0x000001e5   Thumb Code    64  timer.o(.emb_text)
    Reset_Handler                            0x00000231   Thumb Code     8  startup_lpc17xx.o(.text)
    NMI_Handler                              0x00000239   Thumb Code     2  startup_lpc17xx.o(.text)
    HardFault_Handler                        0x0000023b   Thumb Code     2  startup_lpc17xx.o(.text)
    MemManage_Handler                        0x0000023d   Thumb Code     2  startup_lpc17xx.o(.text)
    BusFault_Handler                         0x0000023f   Thumb Code     2  startup_lpc17xx.o(.text)
    UsageFault_Handler                       0x00000241   Thumb Code     2  startup_lpc17xx.o(.text)
    DebugMon_Handler                         0x00000245   Thumb Code     2  startup_lpc17xx.o(.text)
    PendSV_Handler                           0x00000247   Thumb Code     2  startup_lpc17xx.o(.text)
    SysTick_Handler                          0x00000249   Thumb Code     2  startup_lpc17xx.o(.text)
    ADC_IRQHandler                           0x0000024b   Thumb Code     0  startup_lpc17xx.o(.text)
    BOD_IRQHandler                           0x0000024b   Thumb Code     0  startup_lpc17xx.o(.text)
    CANActivity_IRQHandler                   0x0000024b   Thumb Code     0  startup_lpc17xx.o(.text)
    CAN_IRQHandler                           0x0000024b   Thumb Code     0  startup_lpc17xx.o(.text)
    DMA_IRQHandler                           0x0000024b   Thumb Code     0  startup_lpc17xx.o(.text)
    EINT0_IRQHandler                         0x0000024b   Thumb Code     0  startup_lpc17xx.o(.text)
    EINT1_IRQHandler                         0x0000024b   Thumb Code     0  startup_lpc17xx.o(.text)
    EINT2_IRQHandler                         0x0000024b   Thumb Code     0  startup_lpc17xx.o(.text)
    EINT3_IRQHandler                         0x0000024b   Thumb Code     0  startup_lpc17xx.o(.text)
    ENET_IRQHandler                          0x0000024b   Thumb Code     0  startup_lpc17xx.o(.text)
    I2C0_IRQHandler                          0x0000024b   Thumb Code     0  startup_lpc17xx.o(.text)
    I2C1_IRQHandler                          0x0000024b   Thumb Code     0  startup_lpc17xx.o(.text)
    I2C2_IRQHandler                          0x0000024b   Thumb Code     0  startup_lpc17xx.o(.text)
    I2S_IRQHandler                           0x0000024b   Thumb Code     0  startup_lpc17xx.o(.text)
    MCPWM_IRQHandler                         0x0000024b   Thumb Code     0  startup_lpc17xx.o(.text)
    PLL0_IRQHandler                          0x0000024b   Thumb Code     0  startup_lpc17xx.o(.text)
    PLL1_IRQHandler                          0x0000024b   Thumb Code     0  startup_lpc17xx.o(.text)
    PWM1_IRQHandler                          0x0000024b   Thumb Code     0  startup_lpc17xx.o(.text)
    QEI_IRQHandler                           0x0000024b   Thumb Code     0  startup_lpc17xx.o(.text)
    RIT_IRQHandler                           0x0000024b   Thumb Code     0  startup_lpc17xx.o(.text)
    RTC_IRQHandler                           0x0000024b   Thumb Code     0  startup_lpc17xx.o(.text)
    SPI_IRQHandler                           0x0000024b   Thumb Code     0  startup_lpc17xx.o(.text)
    SSP0_IRQHandler                          0x0000024b   Thumb Code     0  startup_lpc17xx.o(.text)
    SSP1_IRQHandler                          0x0000024b   Thumb Code     0  startup_lpc17xx.o(.text)
    TIMER1_IRQHandler                        0x0000024b   Thumb Code     0  startup_lpc17xx.o(.text)
    TIMER2_IRQHandler                        0x0000024b   Thumb Code     0  startup_lpc17xx.o(.text)
    TIMER3_IRQHandler                        0x0000024b   Thumb Code     0  startup_lpc17xx.o(.text)
    UART1_IRQHandler                         0x0000024b   Thumb Code     0  startup_lpc17xx.o(.text)
    UART2_IRQHandler                         0x0000024b   Thumb Code     0  startup_lpc17xx.o(.text)
    UART3_IRQHandler                         0x0000024b   Thumb Code     0  startup_lpc17xx.o(.text)
    USBActivity_IRQHandler                   0x0000024b   Thumb Code     0  startup_lpc17xx.o(.text)
    USB_IRQHandler                           0x0000024b   Thumb Code     0  startup_lpc17xx.o(.text)
    WDT_IRQHandler                           0x0000024b   Thumb Code     0  startup_lpc17xx.o(.text)
    __user_initial_stackheap                 0x0000024d   Thumb Code     0  startup_lpc17xx.o(.text)
    __use_two_region_memory                  0x0000026d   Thumb Code     2  heapauxi.o(.text)
    __rt_heap_escrow$2region                 0x0000026f   Thumb Code     2  heapauxi.o(.text)
    __rt_heap_expand$2region                 0x00000271   Thumb Code     2  heapauxi.o(.text)
    __user_setup_stackheap                   0x00000273   Thumb Code    74  sys_stackheap_outer.o(.text)
    exit                                     0x000002bd   Thumb Code    18  exit.o(.text)
    __user_libspace                          0x000002d1   Thumb Code     8  libspace.o(.text)
    __user_perproc_libspace                  0x000002d1   Thumb Code     0  libspace.o(.text)
    __user_perthread_libspace                0x000002d1   Thumb Code     0  libspace.o(.text)
    _sys_exit                                0x000002d9   Thumb Code     8  sys_exit.o(.text)
    __I$use$semihosting                      0x000002e5   Thumb Code     0  use_no_semi.o(.text)
    __use_no_semihosting_swi                 0x000002e5   Thumb Code     2  use_no_semi.o(.text)
    __semihosting_library_function           0x000002e7   Thumb Code     0  indicate_semi.o(.text)
    aProc                                    0x000002e9   Thumb Code    10  k_sys_procs.o(i.aProc)
    nullProc                                 0x000002f9   Thumb Code     4  k_sys_procs.o(i.nullProc)
    CRTProc                                  0x00000301   Thumb Code    74  k_sys_procs.o(i.CRTProc)
    KCDProc                                  0x0000035d   Thumb Code    36  k_sys_procs.o(i.KCDProc)
    SystemInit                               0x00000389   Thumb Code   302  system_lpc17xx.o(i.SystemInit)
    ae_init                                  0x000004eb   Thumb Code    42  ae11.o(i.ae_init)
    ae_set_proc_info                         0x00000515   Thumb Code    82  ae11.o(i.ae_set_proc_info)
    alloc_stack                              0x00000581   Thumb Code    32  k_memory.o(i.alloc_stack)
    bProc                                    0x000005a5   Thumb Code    10  k_sys_procs.o(i.bProc)
    cProc                                    0x000005b5   Thumb Code    10  k_sys_procs.o(i.cProc)
    c_UART0_IRQHandler                       0x000005c5   Thumb Code     8  uart_irq.o(i.c_UART0_IRQHandler)
    clockProc                                0x000005cd   Thumb Code    10  k_sys_procs.o(i.clockProc)
    get_pcb_by_pid                           0x000005dd   Thumb Code    50  k_process.o(i.get_pcb_by_pid)
    init_printf                              0x00000615   Thumb Code    10  printf.o(i.init_printf)
    k_receive_message                        0x00000629   Thumb Code    66  k_msg.o(i.k_receive_message)
    k_receive_message_nb                     0x00000671   Thumb Code    38  k_msg.o(i.k_receive_message_nb)
    k_release_memory_block                   0x0000069d   Thumb Code   130  k_memory.o(i.k_release_memory_block)
    k_release_processor                      0x00000735   Thumb Code    72  k_process.o(i.k_release_processor)
    k_request_memory_block                   0x00000781   Thumb Code    70  k_memory.o(i.k_request_memory_block)
    k_request_memory_block_nb                0x000007d1   Thumb Code    20  k_memory.o(i.k_request_memory_block_nb)
    k_rtx_init                               0x000007e9   Thumb Code    44  k_rtx_init.o(i.k_rtx_init)
    k_run_new_process                        0x00000815   Thumb Code    58  k_process.o(i.k_run_new_process)
    k_send_message                           0x00000855   Thumb Code   154  k_msg.o(i.k_send_message)
    main                                     0x000008f5   Thumb Code    58  main_svc.o(i.main)
    memory_init                              0x0000093d   Thumb Code   106  k_memory.o(i.memory_init)
    pq_insert                                0x000009c5   Thumb Code    60  k_priority_queue.o(i.pq_insert)
    pq_insert_front                          0x00000a01   Thumb Code    60  k_priority_queue.o(i.pq_insert_front)
    pq_insert_front_ready                    0x00000a3d   Thumb Code    32  k_process.o(i.pq_insert_front_ready)
    pq_insert_ready                          0x00000a61   Thumb Code    32  k_process.o(i.pq_insert_ready)
    pq_remove                                0x00000a85   Thumb Code    22  k_priority_queue.o(i.pq_remove)
    pq_remove_by_pid                         0x00000a9b   Thumb Code    68  k_priority_queue.o(i.pq_remove_by_pid)
    pre_rtx_init                             0x00000adf   Thumb Code     6  main_svc.o(i.pre_rtx_init)
    proc1                                    0x00000ae5   Thumb Code    10  ae_proc_11.o(i.proc1)
    proc2                                    0x00000af5   Thumb Code    10  ae_proc_11.o(i.proc2)
    proc3                                    0x00000b05   Thumb Code    10  ae_proc_11.o(i.proc3)
    proc4                                    0x00000b15   Thumb Code    10  ae_proc_11.o(i.proc4)
    proc5                                    0x00000b25   Thumb Code    10  ae_proc_11.o(i.proc5)
    proc6                                    0x00000b35   Thumb Code    10  ae_proc_11.o(i.proc6)
    process_init                             0x00000b45   Thumb Code   656  k_process.o(i.process_init)
    process_switch                           0x00000e09   Thumb Code   136  k_process.o(i.process_switch)
    putc                                     0x00000e99   Thumb Code    28  uart_polling.o(i.putc)
    q_insert                                 0x00000edd   Thumb Code    30  k_queue.o(i.q_insert)
    q_remove                                 0x00000efb   Thumb Code    26  k_queue.o(i.q_remove)
    q_remove_by_addr                         0x00000f15   Thumb Code    62  k_queue.o(i.q_remove_by_addr)
    scheduler                                0x00000f55   Thumb Code    40  k_process.o(i.scheduler)
    setPrioProc                              0x00000f85   Thumb Code    10  k_sys_procs.o(i.setPrioProc)
    timer0_iproc                             0x00000f95   Thumb Code    26  timer.o(i.timer0_iproc)
    timerIProc                               0x00000fb5   Thumb Code   182  k_sys_procs.o(i.timerIProc)
    timer_init                               0x00001071   Thumb Code    80  timer.o(i.timer_init)
    uartIProc                                0x000010c5   Thumb Code   238  k_sys_procs.o(i.uartIProc)
    uart_init                                0x000011c9   Thumb Code    96  uart_polling.o(i.uart_init)
    uart_irq_init                            0x00001235   Thumb Code   132  uart_irq.o(i.uart_irq_init)
    uart_put_char                            0x000012c5   Thumb Code    42  uart_polling.o(i.uart_put_char)
    uart_put_string                          0x000012f9   Thumb Code    38  uart_polling.o(i.uart_put_string)
    Region$$Table$$Base                      0x00001320   Number         0  anon$$obj.o(Region$$Table)
    Region$$Table$$Limit                     0x00001340   Number         0  anon$$obj.o(Region$$Table)
    gp_stack                                 0x10000008   Data           4  k_memory.o(.data)
    heap_start                               0x1000000c   Data           4  k_memory.o(.data)
    freeList                                 0x10000010   Data           4  k_memory.o(.data)
    proc_blocked_queue                       0x10000014   Data           4  k_memory.o(.data)
    delayed_msg_queue                        0x10000018   Data           4  k_msg.o(.data)
    gp_pcbs                                  0x1000001c   Data           4  k_process.o(.data)
    gp_current_process                       0x10000020   Data           4  k_process.o(.data)
    gp_pcb_timer_iproc                       0x10000024   Data           4  k_process.o(.data)
    gp_pcb_uart_iproc                        0x10000028   Data           4  k_process.o(.data)
    gp_pcb_interrupted                       0x1000002c   Data           4  k_process.o(.data)
    proc_ready_queue                         0x10000030   Data           4  k_process.o(.data)
    time                                     0x10000034   Data           4  k_sys_procs.o(.data)
    g_buffer                                 0x10000038   Data          16  k_sys_procs.o(.data)
    gp_buffer                                0x10000048   Data           4  k_sys_procs.o(.data)
    g_char_in                                0x1000004c   Data           1  k_sys_procs.o(.data)
    g_char_out                               0x1000004d   Data           1  k_sys_procs.o(.data)
    currMsg                                  0x10000050   Data           4  k_sys_procs.o(.data)
    msg_char_ptr                             0x10000054   Data           4  k_sys_procs.o(.data)
    g_timer_count                            0x10000058   Data           4  timer.o(.data)
    g_proc_table                             0x1000005c   Data         112  k_process.o(.bss)
    __libspace_start                         0x100000cc   Data          96  libspace.o(.bss)
    __temporary_stack_top$libspace           0x1000012c   Data           0  libspace.o(.bss)
    Image$$RW_IRAM1$$ZI$$Limit               0x10000330   Number         0  anon$$obj.o ABSOLUTE



==============================================================================

Memory Map of the image

  Image Entry point : 0x000000cd

  Load Region LR_IROM1 (Base: 0x00000000, Size: 0x0000139c, Max: 0x00080000, ABSOLUTE)

    Execution Region ER_IROM1 (Exec base: 0x00000000, Load base: 0x00000000, Size: 0x00001340, Max: 0x00080000, ABSOLUTE)

    Exec Addr    Load Addr    Size         Type   Attr      Idx    E Section Name        Object

    0x00000000   0x00000000   0x000000cc   Data   RO          885    RESET               startup_lpc17xx.o
    0x000000cc   0x000000cc   0x00000008   Code   RO          935  * !!!main             c_w.l(__main.o)
    0x000000d4   0x000000d4   0x00000034   Code   RO         1102    !!!scatter          c_w.l(__scatter.o)
    0x00000108   0x00000108   0x0000001a   Code   RO         1104    !!handler_copy      c_w.l(__scatter_copy.o)
    0x00000122   0x00000122   0x00000002   PAD
    0x00000124   0x00000124   0x0000001c   Code   RO         1106    !!handler_zi        c_w.l(__scatter_zi.o)
    0x00000140   0x00000140   0x00000002   Code   RO          972    .ARM.Collect$$libinit$$00000000  c_w.l(libinit.o)
    0x00000142   0x00000142   0x00000000   Code   RO          985    .ARM.Collect$$libinit$$00000002  c_w.l(libinit2.o)
    0x00000142   0x00000142   0x00000000   Code   RO          987    .ARM.Collect$$libinit$$00000004  c_w.l(libinit2.o)
    0x00000142   0x00000142   0x00000000   Code   RO          990    .ARM.Collect$$libinit$$0000000A  c_w.l(libinit2.o)
    0x00000142   0x00000142   0x00000000   Code   RO          992    .ARM.Collect$$libinit$$0000000C  c_w.l(libinit2.o)
    0x00000142   0x00000142   0x00000000   Code   RO          994    .ARM.Collect$$libinit$$0000000E  c_w.l(libinit2.o)
    0x00000142   0x00000142   0x00000000   Code   RO          997    .ARM.Collect$$libinit$$00000011  c_w.l(libinit2.o)
    0x00000142   0x00000142   0x00000000   Code   RO          999    .ARM.Collect$$libinit$$00000013  c_w.l(libinit2.o)
    0x00000142   0x00000142   0x00000000   Code   RO         1001    .ARM.Collect$$libinit$$00000015  c_w.l(libinit2.o)
    0x00000142   0x00000142   0x00000000   Code   RO         1003    .ARM.Collect$$libinit$$00000017  c_w.l(libinit2.o)
    0x00000142   0x00000142   0x00000000   Code   RO         1005    .ARM.Collect$$libinit$$00000019  c_w.l(libinit2.o)
    0x00000142   0x00000142   0x00000000   Code   RO         1007    .ARM.Collect$$libinit$$0000001B  c_w.l(libinit2.o)
    0x00000142   0x00000142   0x00000000   Code   RO         1009    .ARM.Collect$$libinit$$0000001D  c_w.l(libinit2.o)
    0x00000142   0x00000142   0x00000000   Code   RO         1011    .ARM.Collect$$libinit$$0000001F  c_w.l(libinit2.o)
    0x00000142   0x00000142   0x00000000   Code   RO         1013    .ARM.Collect$$libinit$$00000021  c_w.l(libinit2.o)
    0x00000142   0x00000142   0x00000000   Code   RO         1015    .ARM.Collect$$libinit$$00000023  c_w.l(libinit2.o)
    0x00000142   0x00000142   0x00000000   Code   RO         1017    .ARM.Collect$$libinit$$00000025  c_w.l(libinit2.o)
    0x00000142   0x00000142   0x00000000   Code   RO         1021    .ARM.Collect$$libinit$$0000002C  c_w.l(libinit2.o)
    0x00000142   0x00000142   0x00000000   Code   RO         1023    .ARM.Collect$$libinit$$0000002E  c_w.l(libinit2.o)
    0x00000142   0x00000142   0x00000000   Code   RO         1025    .ARM.Collect$$libinit$$00000030  c_w.l(libinit2.o)
    0x00000142   0x00000142   0x00000000   Code   RO         1027    .ARM.Collect$$libinit$$00000032  c_w.l(libinit2.o)
    0x00000142   0x00000142   0x00000002   Code   RO         1028    .ARM.Collect$$libinit$$00000033  c_w.l(libinit2.o)
    0x00000144   0x00000144   0x00000002   Code   RO         1059    .ARM.Collect$$libshutdown$$00000000  c_w.l(libshutdown.o)
    0x00000146   0x00000146   0x00000000   Code   RO         1085    .ARM.Collect$$libshutdown$$00000002  c_w.l(libshutdown2.o)
    0x00000146   0x00000146   0x00000000   Code   RO         1087    .ARM.Collect$$libshutdown$$00000004  c_w.l(libshutdown2.o)
    0x00000146   0x00000146   0x00000000   Code   RO         1090    .ARM.Collect$$libshutdown$$00000007  c_w.l(libshutdown2.o)
    0x00000146   0x00000146   0x00000000   Code   RO         1093    .ARM.Collect$$libshutdown$$0000000A  c_w.l(libshutdown2.o)
    0x00000146   0x00000146   0x00000000   Code   RO         1095    .ARM.Collect$$libshutdown$$0000000C  c_w.l(libshutdown2.o)
    0x00000146   0x00000146   0x00000000   Code   RO         1098    .ARM.Collect$$libshutdown$$0000000F  c_w.l(libshutdown2.o)
    0x00000146   0x00000146   0x00000002   Code   RO         1099    .ARM.Collect$$libshutdown$$00000010  c_w.l(libshutdown2.o)
    0x00000148   0x00000148   0x00000000   Code   RO          937    .ARM.Collect$$rtentry$$00000000  c_w.l(__rtentry.o)
    0x00000148   0x00000148   0x00000000   Code   RO          943    .ARM.Collect$$rtentry$$00000002  c_w.l(__rtentry2.o)
    0x00000148   0x00000148   0x00000006   Code   RO          955    .ARM.Collect$$rtentry$$00000004  c_w.l(__rtentry4.o)
    0x0000014e   0x0000014e   0x00000000   Code   RO          945    .ARM.Collect$$rtentry$$00000009  c_w.l(__rtentry2.o)
    0x0000014e   0x0000014e   0x00000004   Code   RO          946    .ARM.Collect$$rtentry$$0000000A  c_w.l(__rtentry2.o)
    0x00000152   0x00000152   0x00000000   Code   RO          948    .ARM.Collect$$rtentry$$0000000C  c_w.l(__rtentry2.o)
    0x00000152   0x00000152   0x00000008   Code   RO          949    .ARM.Collect$$rtentry$$0000000D  c_w.l(__rtentry2.o)
    0x0000015a   0x0000015a   0x00000002   Code   RO          976    .ARM.Collect$$rtexit$$00000000  c_w.l(rtexit.o)
    0x0000015c   0x0000015c   0x00000000   Code   RO         1032    .ARM.Collect$$rtexit$$00000002  c_w.l(rtexit2.o)
    0x0000015c   0x0000015c   0x00000004   Code   RO         1033    .ARM.Collect$$rtexit$$00000003  c_w.l(rtexit2.o)
    0x00000160   0x00000160   0x00000006   Code   RO         1034    .ARM.Collect$$rtexit$$00000004  c_w.l(rtexit2.o)
    0x00000166   0x00000166   0x00000002   PAD
    0x00000168   0x00000168   0x00000034   Code   RO          194    .emb_text           hal.o
    0x0000019c   0x0000019c   0x00000048   Code   RO          706    .emb_text           uart_irq.o
    0x000001e4   0x000001e4   0x0000004c   Code   RO          753    .emb_text           timer.o
    0x00000230   0x00000230   0x0000003c   Code   RO          887    .text               startup_lpc17xx.o
    0x0000026c   0x0000026c   0x00000006   Code   RO          933    .text               c_w.l(heapauxi.o)
    0x00000272   0x00000272   0x0000004a   Code   RO          959    .text               c_w.l(sys_stackheap_outer.o)
    0x000002bc   0x000002bc   0x00000012   Code   RO          961    .text               c_w.l(exit.o)
    0x000002ce   0x000002ce   0x00000002   PAD
    0x000002d0   0x000002d0   0x00000008   Code   RO          973    .text               c_w.l(libspace.o)
    0x000002d8   0x000002d8   0x0000000c   Code   RO         1029    .text               c_w.l(sys_exit.o)
    0x000002e4   0x000002e4   0x00000002   Code   RO         1048    .text               c_w.l(use_no_semi.o)
    0x000002e6   0x000002e6   0x00000000   Code   RO         1050    .text               c_w.l(indicate_semi.o)
    0x000002e6   0x000002e6   0x00000002   PAD
    0x000002e8   0x000002e8   0x00000010   Code   RO          623    i.aProc             k_sys_procs.o
    0x000002f8   0x000002f8   0x00000004   Code   RO          627    i.nullProc          k_sys_procs.o
    0x000002fc   0x000002fc   0x00000004   Code   RO          886    .ARM.__at_0x02FC    startup_lpc17xx.o
    0x00000300   0x00000300   0x0000005c   Code   RO          621    i.CRTProc           k_sys_procs.o
    0x0000035c   0x0000035c   0x0000002c   Code   RO          622    i.KCDProc           k_sys_procs.o
    0x00000388   0x00000388   0x00000140   Code   RO          897    i.SystemInit        system_lpc17xx.o
    0x000004c8   0x000004c8   0x00000022   Code   RO          707    i.__NVIC_EnableIRQ  uart_irq.o
    0x000004ea   0x000004ea   0x0000002a   Code   RO          862    i.ae_init           ae11.o
    0x00000514   0x00000514   0x0000006c   Code   RO          863    i.ae_set_proc_info  ae11.o
    0x00000580   0x00000580   0x00000024   Code   RO          204    i.alloc_stack       k_memory.o
    0x000005a4   0x000005a4   0x00000010   Code   RO          624    i.bProc             k_sys_procs.o
    0x000005b4   0x000005b4   0x00000010   Code   RO          625    i.cProc             k_sys_procs.o
    0x000005c4   0x000005c4   0x00000008   Code   RO          708    i.c_UART0_IRQHandler  uart_irq.o
    0x000005cc   0x000005cc   0x00000010   Code   RO          626    i.clockProc         k_sys_procs.o
    0x000005dc   0x000005dc   0x00000038   Code   RO          347    i.get_pcb_by_pid    k_process.o
    0x00000614   0x00000614   0x00000014   Code   RO           84    i.init_printf       printf.o
    0x00000628   0x00000628   0x00000048   Code   RO          296    i.k_receive_message  k_msg.o
    0x00000670   0x00000670   0x0000002c   Code   RO          297    i.k_receive_message_nb  k_msg.o
    0x0000069c   0x0000069c   0x00000098   Code   RO          205    i.k_release_memory_block  k_memory.o
    0x00000734   0x00000734   0x0000004c   Code   RO          349    i.k_release_processor  k_process.o
    0x00000780   0x00000780   0x00000050   Code   RO          206    i.k_request_memory_block  k_memory.o
    0x000007d0   0x000007d0   0x00000018   Code   RO          207    i.k_request_memory_block_nb  k_memory.o
    0x000007e8   0x000007e8   0x0000002c   Code   RO          451    i.k_rtx_init        k_rtx_init.o
    0x00000814   0x00000814   0x00000040   Code   RO          350    i.k_run_new_process  k_process.o
    0x00000854   0x00000854   0x000000a0   Code   RO          298    i.k_send_message    k_msg.o
    0x000008f4   0x000008f4   0x00000048   Code   RO            4    i.main              main_svc.o
    0x0000093c   0x0000093c   0x00000088   Code   RO          208    i.memory_init       k_memory.o
    0x000009c4   0x000009c4   0x0000003c   Code   RO          482    i.pq_insert         k_priority_queue.o
    0x00000a00   0x00000a00   0x0000003c   Code   RO          483    i.pq_insert_front   k_priority_queue.o
    0x00000a3c   0x00000a3c   0x00000024   Code   RO          352    i.pq_insert_front_ready  k_process.o
    0x00000a60   0x00000a60   0x00000024   Code   RO          353    i.pq_insert_ready   k_process.o
    0x00000a84   0x00000a84   0x00000016   Code   RO          485    i.pq_remove         k_priority_queue.o
    0x00000a9a   0x00000a9a   0x00000044   Code   RO          486    i.pq_remove_by_pid  k_priority_queue.o
    0x00000ade   0x00000ade   0x00000006   Code   RO            5    i.pre_rtx_init      main_svc.o
    0x00000ae4   0x00000ae4   0x00000010   Code   RO          795    i.proc1             ae_proc_11.o
    0x00000af4   0x00000af4   0x00000010   Code   RO          796    i.proc2             ae_proc_11.o
    0x00000b04   0x00000b04   0x00000010   Code   RO          797    i.proc3             ae_proc_11.o
    0x00000b14   0x00000b14   0x00000010   Code   RO          798    i.proc4             ae_proc_11.o
    0x00000b24   0x00000b24   0x00000010   Code   RO          799    i.proc5             ae_proc_11.o
    0x00000b34   0x00000b34   0x00000010   Code   RO          800    i.proc6             ae_proc_11.o
    0x00000b44   0x00000b44   0x000002c4   Code   RO          355    i.process_init      k_process.o
    0x00000e08   0x00000e08   0x00000090   Code   RO          356    i.process_switch    k_process.o
    0x00000e98   0x00000e98   0x00000044   Code   RO          146    i.putc              uart_polling.o
    0x00000edc   0x00000edc   0x0000001e   Code   RO          585    i.q_insert          k_queue.o
    0x00000efa   0x00000efa   0x0000001a   Code   RO          586    i.q_remove          k_queue.o
    0x00000f14   0x00000f14   0x0000003e   Code   RO          587    i.q_remove_by_addr  k_queue.o
    0x00000f52   0x00000f52   0x00000002   PAD
    0x00000f54   0x00000f54   0x00000030   Code   RO          357    i.scheduler         k_process.o
    0x00000f84   0x00000f84   0x00000010   Code   RO          628    i.setPrioProc       k_sys_procs.o
    0x00000f94   0x00000f94   0x00000020   Code   RO          754    i.timer0_iproc      timer.o
    0x00000fb4   0x00000fb4   0x000000bc   Code   RO          629    i.timerIProc        k_sys_procs.o
    0x00001070   0x00001070   0x00000054   Code   RO          755    i.timer_init        timer.o
    0x000010c4   0x000010c4   0x00000104   Code   RO          630    i.uartIProc         k_sys_procs.o
    0x000011c8   0x000011c8   0x0000006c   Code   RO          148    i.uart_init         uart_polling.o
    0x00001234   0x00001234   0x00000090   Code   RO          709    i.uart_irq_init     uart_irq.o
    0x000012c4   0x000012c4   0x00000034   Code   RO          149    i.uart_put_char     uart_polling.o
    0x000012f8   0x000012f8   0x00000026   Code   RO          150    i.uart_put_string   uart_polling.o
    0x0000131e   0x0000131e   0x00000002   PAD
    0x00001320   0x00001320   0x00000020   Data   RO         1100    Region$$Table       anon$$obj.o


    Execution Region RW_IRAM1 (Exec base: 0x10000000, Load base: 0x00001340, Size: 0x00000330, Max: 0x00008000, ABSOLUTE)

    Exec Addr    Load Addr    Size         Type   Attr      Idx    E Section Name        Object

    0x10000000   0x00001340   0x00000008   Data   RW           91    .data               printf.o
    0x10000008   0x00001348   0x00000010   Data   RW          211    .data               k_memory.o
    0x10000018   0x00001358   0x00000004   Data   RW          299    .data               k_msg.o
    0x1000001c   0x0000135c   0x00000018   Data   RW          360    .data               k_process.o
    0x10000034   0x00001374   0x00000024   Data   RW          631    .data               k_sys_procs.o
    0x10000058   0x00001398   0x00000004   Data   RW          756    .data               timer.o
    0x1000005c        -       0x00000070   Zero   RW          359    .bss                k_process.o
    0x100000cc        -       0x00000060   Zero   RW          974    .bss                c_w.l(libspace.o)
    0x1000012c   0x0000139c   0x00000004   PAD
    0x10000130        -       0x00000000   Zero   RW          884    HEAP                startup_lpc17xx.o
    0x10000130        -       0x00000200   Zero   RW          883    STACK               startup_lpc17xx.o


==============================================================================

Image component sizes


      Code (inc. data)   RO Data    RW Data    ZI Data      Debug   Object Name

       150         26          0          0          0       1649   ae11.o
        96         36          0          0          0       3564   ae_proc_11.o
        52          0          0          0          0        360   hal.o
       428         70          0         16          0       5405   k_memory.o
       276         18          0          4          0       4380   k_msg.o
       210          0          0          0          0       3999   k_priority_queue.o
      1168         92          0         24        112      11298   k_process.o
       118          0          0          0          0       2045   k_queue.o
        44          0          0          0          0       4605   k_rtx_init.o
       668         84          0         36          0       7368   k_sys_procs.o
        78         14          0          0          0      23382   main_svc.o
        20         10          0          8          0       1034   printf.o
        64         26        204          0        512       1016   startup_lpc17xx.o
       320         18          0          0          0        581   system_lpc17xx.o
       192         22          0          4          0      28575   timer.o
       258         24          0          0          0       2321   uart_irq.o
       266         62          0          0          0       2733   uart_polling.o

    ----------------------------------------------------------------------
      4412        502        236         92        624     104315   Object Totals
         0          0         32          0          0          0   (incl. Generated)
         4          0          0          0          0          0   (incl. Padding)

    ----------------------------------------------------------------------

      Code (inc. data)   RO Data    RW Data    ZI Data      Debug   Library Member Name

         8          0          0          0          0         68   __main.o
         0          0          0          0          0          0   __rtentry.o
        12          0          0          0          0          0   __rtentry2.o
         6          0          0          0          0          0   __rtentry4.o
        52          8          0          0          0          0   __scatter.o
        26          0          0          0          0          0   __scatter_copy.o
        28          0          0          0          0          0   __scatter_zi.o
        18          0          0          0          0         80   exit.o
         6          0          0          0          0        152   heapauxi.o
         0          0          0          0          0          0   indicate_semi.o
         2          0          0          0          0          0   libinit.o
         2          0          0          0          0          0   libinit2.o
         2          0          0          0          0          0   libshutdown.o
         2          0          0          0          0          0   libshutdown2.o
         8          4          0          0         96         68   libspace.o
         2          0          0          0          0          0   rtexit.o
        10          0          0          0          0          0   rtexit2.o
        12          4          0          0          0         68   sys_exit.o
        74          0          0          0          0         80   sys_stackheap_outer.o
         2          0          0          0          0         68   use_no_semi.o

    ----------------------------------------------------------------------
       280         16          0          0        100        584   Library Totals
         8          0          0          0          4          0   (incl. Padding)

    ----------------------------------------------------------------------

      Code (inc. data)   RO Data    RW Data    ZI Data      Debug   Library Name

       272         16          0          0         96        584   c_w.l

    ----------------------------------------------------------------------
       280         16          0          0        100        584   Library Totals

    ----------------------------------------------------------------------

==============================================================================


      Code (inc. data)   RO Data    RW Data    ZI Data      Debug   

      4692        518        236         92        724     101931   Grand Totals
      4692        518        236         92        724     101931   ELF Image Totals
      4692        518        236         92          0          0   ROM Totals

==============================================================================

    Total RO  Size (Code + RO Data)                 4928 (   4.81kB)
    Total RW  Size (RW Data + ZI Data)               816 (   0.80kB)
    Total ROM Size (Code + RO Data + RW Data)       5020 (   4.90kB)

==============================================================================

