Component: ARM Compiler 5.06 update 6 (build 750) Tool: armlink [4d35ed]

==============================================================================

Section Cross References

    main_svc.o(i.main) refers to system_lpc17xx.o(i.SystemInit) for SystemInit
    main_svc.o(i.main) refers to uart_polling.o(i.uart_init) for uart_init
    main_svc.o(i.main) refers to printf.o(i.init_printf) for init_printf
    main_svc.o(i.main) refers to ae2.o(i.ae_init) for ae_init
    main_svc.o(i.main) refers to uart_polling.o(i.putc) for putc
    main_svc.o(i.main) refers to main_svc.o(i.pre_rtx_init) for pre_rtx_init
    main_svc.o(i.main) refers to k_rtx_init.o(i.k_rtx_init) for k_rtx_init
    printf.o(i.a2i) refers to printf.o(i.a2d) for a2d
    printf.o(i.i2a) refers to printf.o(i.ui2a) for ui2a
    printf.o(i.init_printf) refers to printf.o(.data) for stdout_putf
    printf.o(i.tfp_format) refers to printf.o(i.a2i) for a2i
    printf.o(i.tfp_format) refers to printf.o(i.ui2a) for ui2a
    printf.o(i.tfp_format) refers to printf.o(i.putchw) for putchw
    printf.o(i.tfp_format) refers to printf.o(i.i2a) for i2a
    printf.o(i.tfp_printf) refers to printf.o(i.tfp_format) for tfp_format
    printf.o(i.tfp_printf) refers to printf.o(.data) for stdout_putf
    printf.o(i.tfp_sprintf) refers to printf.o(i.tfp_format) for tfp_format
    printf.o(i.tfp_sprintf) refers to printf.o(i.putcp) for putcp
    uart_polling.o(i.putc) refers to uart_polling.o(i.uart_put_string) for uart_put_string
    uart_polling.o(i.putc) refers to uart_polling.o(i.uart_put_char) for uart_put_char
    uart_polling.o(i.uart_put_string) refers to uart_polling.o(i.uart_put_char) for uart_put_char
    ae_util.o(i.assertTest) refers to uart_polling.o(i.uart_put_string) for uart_put_string
    ae_util.o(i.printFraction) refers to uart_polling.o(i.uart_put_char) for uart_put_char
    ae_util.o(i.printSummary) refers to uart_polling.o(i.uart_put_string) for uart_put_string
    ae_util.o(i.printSummary) refers to ae_util.o(i.printFraction) for printFraction
    ae_util.o(i.printSummary) refers to ae_util.o(i.printUart0) for printUart0
    ae_util.o(i.printUart0) refers to uart_polling.o(i.uart_put_string) for uart_put_string
    k_memory.o(i.alloc_stack) refers to k_memory.o(.data) for gp_stack
    k_memory.o(i.k_release_memory_block) refers to k_priority_queue.o(i.pq_remove) for pq_remove
    k_memory.o(i.k_release_memory_block) refers to k_process.o(i.pq_insert_front_ready) for pq_insert_front_ready
    k_memory.o(i.k_release_memory_block) refers to k_process.o(i.process_switch) for process_switch
    k_memory.o(i.k_release_memory_block) refers to k_process.o(i.pq_insert_ready) for pq_insert_ready
    k_memory.o(i.k_release_memory_block) refers to k_memory.o(.data) for proc_blocked_queue
    k_memory.o(i.k_release_memory_block) refers to k_process.o(.data) for gp_current_process
    k_memory.o(i.k_request_memory_block) refers to k_memory.o(i.k_request_memory_block_nb) for k_request_memory_block_nb
    k_memory.o(i.k_request_memory_block) refers to k_priority_queue.o(i.pq_insert) for pq_insert
    k_memory.o(i.k_request_memory_block) refers to k_process.o(i.scheduler) for scheduler
    k_memory.o(i.k_request_memory_block) refers to k_process.o(i.process_switch) for process_switch
    k_memory.o(i.k_request_memory_block) refers to k_process.o(.data) for gp_current_process
    k_memory.o(i.k_request_memory_block) refers to k_memory.o(.data) for proc_blocked_queue
    k_memory.o(i.k_request_memory_block_nb) refers to k_memory.o(.data) for freeList
    k_memory.o(i.memory_init) refers to k_process.o(.data) for gp_pcbs
    k_memory.o(i.memory_init) refers to k_memory.o(.data) for gp_stack
    k_memory.o(i.pq_insert_blocked) refers to k_priority_queue.o(i.pq_insert) for pq_insert
    k_memory.o(i.pq_insert_blocked) refers to k_memory.o(.data) for proc_blocked_queue
    k_memory.o(i.pq_remove_by_pid_blocked) refers to k_priority_queue.o(i.pq_remove_by_pid) for pq_remove_by_pid
    k_memory.o(i.pq_remove_by_pid_blocked) refers to k_memory.o(.data) for proc_blocked_queue
    k_process.o(i.get_pcb_by_pid) refers to k_process.o(.data) for gp_pcbs
    k_process.o(i.k_get_process_priority) refers to k_process.o(i.get_pcb_by_pid) for get_pcb_by_pid
    k_process.o(i.k_release_processor) refers to k_process.o(i.scheduler) for scheduler
    k_process.o(i.k_release_processor) refers to k_process.o(i.process_switch) for process_switch
    k_process.o(i.k_release_processor) refers to k_priority_queue.o(i.pq_insert) for pq_insert
    k_process.o(i.k_release_processor) refers to k_process.o(.data) for gp_current_process
    k_process.o(i.k_set_process_priority) refers to k_process.o(i.get_pcb_by_pid) for get_pcb_by_pid
    k_process.o(i.k_set_process_priority) refers to k_process.o(i.pq_insert_ready) for pq_insert_ready
    k_process.o(i.k_set_process_priority) refers to k_priority_queue.o(i.pq_remove_by_pid) for pq_remove_by_pid
    k_process.o(i.k_set_process_priority) refers to k_process.o(i.pq_insert_front_ready) for pq_insert_front_ready
    k_process.o(i.k_set_process_priority) refers to k_memory.o(i.pq_remove_by_pid_blocked) for pq_remove_by_pid_blocked
    k_process.o(i.k_set_process_priority) refers to k_memory.o(i.pq_insert_blocked) for pq_insert_blocked
    k_process.o(i.k_set_process_priority) refers to k_process.o(i.scheduler) for scheduler
    k_process.o(i.k_set_process_priority) refers to k_priority_queue.o(i.pq_remove) for pq_remove
    k_process.o(i.k_set_process_priority) refers to k_process.o(i.process_switch) for process_switch
    k_process.o(i.k_set_process_priority) refers to k_process.o(.data) for gp_current_process
    k_process.o(i.pq_insert_front_ready) refers to k_priority_queue.o(i.pq_insert_front) for pq_insert_front
    k_process.o(i.pq_insert_front_ready) refers to k_process.o(.data) for proc_ready_queue
    k_process.o(i.pq_insert_ready) refers to k_priority_queue.o(i.pq_insert) for pq_insert
    k_process.o(i.pq_insert_ready) refers to k_process.o(.data) for proc_ready_queue
    k_process.o(i.pq_remove_by_pid_ready) refers to k_priority_queue.o(i.pq_remove_by_pid) for pq_remove_by_pid
    k_process.o(i.pq_remove_by_pid_ready) refers to k_process.o(.data) for proc_ready_queue
    k_process.o(i.process_init) refers to k_memory.o(i.alloc_stack) for alloc_stack
    k_process.o(i.process_init) refers to k_priority_queue.o(i.pq_insert) for pq_insert
    k_process.o(i.process_init) refers to k_process.o(.bss) for g_proc_table
    k_process.o(i.process_init) refers to nullproc.o(i.nullProc) for nullProc
    k_process.o(i.process_init) refers to k_process.o(.data) for gp_pcbs
    k_process.o(i.process_switch) refers to k_priority_queue.o(i.pq_remove_by_pid) for pq_remove_by_pid
    k_process.o(i.process_switch) refers to hal.o(.emb_text) for __rte
    k_process.o(i.process_switch) refers to k_process.o(.data) for gp_current_process
    k_process.o(i.release_if_preempted) refers to k_process.o(i.scheduler) for scheduler
    k_process.o(i.release_if_preempted) refers to k_priority_queue.o(i.pq_insert) for pq_insert
    k_process.o(i.release_if_preempted) refers to k_process.o(i.process_switch) for process_switch
    k_process.o(i.release_if_preempted) refers to k_process.o(.data) for gp_current_process
    k_process.o(i.scheduler) refers to k_priority_queue.o(i.pq_remove) for pq_remove
    k_process.o(i.scheduler) refers to k_process.o(.data) for gp_current_process
    k_rtx_init.o(i.k_rtx_init) refers to k_memory.o(i.memory_init) for memory_init
    k_rtx_init.o(i.k_rtx_init) refers to k_process.o(i.process_init) for process_init
    k_rtx_init.o(i.k_rtx_init) refers to k_process.o(i.k_release_processor) for k_release_processor
    k_priority_queue.o(i.pq_print) refers to printf.o(i.tfp_printf) for tfp_printf
    ae_proc_2.o(i.proc1) refers to uart_polling.o(i.uart_put_string) for uart_put_string
    ae_proc_2.o(i.proc1) refers to uart_polling.o(i.uart_put_char) for uart_put_char
    ae_proc_2.o(i.proc1) refers to k_memory.o(i.k_request_memory_block) for k_request_memory_block
    ae_proc_2.o(i.proc2) refers to uart_polling.o(i.uart_put_string) for uart_put_string
    ae_proc_2.o(i.proc2) refers to uart_polling.o(i.uart_put_char) for uart_put_char
    ae_proc_2.o(i.proc2) refers to k_memory.o(i.k_request_memory_block) for k_request_memory_block
    ae_proc_2.o(i.proc2) refers to k_process.o(i.k_set_process_priority) for k_set_process_priority
    ae_proc_2.o(i.proc2) refers to k_memory.o(i.k_release_memory_block) for k_release_memory_block
    ae_proc_2.o(i.proc2) refers to k_process.o(i.k_release_processor) for k_release_processor
    ae_proc_2.o(i.proc3) refers to uart_polling.o(i.uart_put_string) for uart_put_string
    ae_proc_2.o(i.proc3) refers to k_process.o(i.k_release_processor) for k_release_processor
    ae_proc_2.o(i.proc4) refers to uart_polling.o(i.uart_put_string) for uart_put_string
    ae_proc_2.o(i.proc4) refers to k_process.o(i.k_release_processor) for k_release_processor
    ae_proc_2.o(i.proc5) refers to uart_polling.o(i.uart_put_string) for uart_put_string
    ae_proc_2.o(i.proc5) refers to k_process.o(i.k_release_processor) for k_release_processor
    ae_proc_2.o(i.proc6) refers to uart_polling.o(i.uart_put_string) for uart_put_string
    ae_proc_2.o(i.proc6) refers to k_process.o(i.k_release_processor) for k_release_processor
    ae2.o(i.ae_init) refers to ae2.o(i.ae_set_proc_info) for ae_set_proc_info
    ae2.o(i.ae_set_proc_info) refers to ae_proc_2.o(i.proc1) for proc1
    ae2.o(i.ae_set_proc_info) refers to ae_proc_2.o(i.proc2) for proc2
    ae2.o(i.ae_set_proc_info) refers to ae_proc_2.o(i.proc3) for proc3
    ae2.o(i.ae_set_proc_info) refers to ae_proc_2.o(i.proc4) for proc4
    ae2.o(i.ae_set_proc_info) refers to ae_proc_2.o(i.proc5) for proc5
    ae2.o(i.ae_set_proc_info) refers to ae_proc_2.o(i.proc6) for proc6
    startup_lpc17xx.o(STACK) refers (Special) to heapauxi.o(.text) for __use_two_region_memory
    startup_lpc17xx.o(HEAP) refers (Special) to heapauxi.o(.text) for __use_two_region_memory
    startup_lpc17xx.o(RESET) refers (Special) to heapauxi.o(.text) for __use_two_region_memory
    startup_lpc17xx.o(RESET) refers to startup_lpc17xx.o(STACK) for __initial_sp
    startup_lpc17xx.o(RESET) refers to startup_lpc17xx.o(.text) for Reset_Handler
    startup_lpc17xx.o(RESET) refers to hal.o(.emb_text) for SVC_Handler
    startup_lpc17xx.o(.ARM.__at_0x02FC) refers (Special) to heapauxi.o(.text) for __use_two_region_memory
    startup_lpc17xx.o(.text) refers (Special) to heapauxi.o(.text) for __use_two_region_memory
    startup_lpc17xx.o(.text) refers to system_lpc17xx.o(i.SystemInit) for SystemInit
    startup_lpc17xx.o(.text) refers to __main.o(!!!main) for __main
    startup_lpc17xx.o(.text) refers to startup_lpc17xx.o(HEAP) for Heap_Mem
    startup_lpc17xx.o(.text) refers to startup_lpc17xx.o(STACK) for Stack_Mem
    system_lpc17xx.o(i.SystemCoreClockUpdate) refers to lludivv7m.o(.text) for __aeabi_uldivmod
    system_lpc17xx.o(i.SystemCoreClockUpdate) refers to system_lpc17xx.o(.data) for SystemCoreClock
    __main.o(!!!main) refers to __rtentry.o(.ARM.Collect$$rtentry$$00000000) for __rt_entry
    __rtentry.o(.ARM.Collect$$rtentry$$00000000) refers (Special) to __rtentry2.o(.ARM.Collect$$rtentry$$0000000A) for __rt_entry_li
    __rtentry.o(.ARM.Collect$$rtentry$$00000000) refers (Special) to __rtentry2.o(.ARM.Collect$$rtentry$$0000000D) for __rt_entry_main
    __rtentry.o(.ARM.Collect$$rtentry$$00000000) refers (Special) to __rtentry2.o(.ARM.Collect$$rtentry$$0000000C) for __rt_entry_postli_1
    __rtentry.o(.ARM.Collect$$rtentry$$00000000) refers (Special) to __rtentry2.o(.ARM.Collect$$rtentry$$00000009) for __rt_entry_postsh_1
    __rtentry.o(.ARM.Collect$$rtentry$$00000000) refers (Special) to __rtentry2.o(.ARM.Collect$$rtentry$$00000002) for __rt_entry_presh_1
    __rtentry.o(.ARM.Collect$$rtentry$$00000000) refers (Special) to __rtentry4.o(.ARM.Collect$$rtentry$$00000004) for __rt_entry_sh
    aeabi_ldiv0_sigfpe.o(.text) refers to rt_div0.o(.text) for __rt_div0
    __rtentry2.o(.ARM.Collect$$rtentry$$00000008) refers to boardinit2.o(.text) for _platform_post_stackheap_init
    __rtentry2.o(.ARM.Collect$$rtentry$$0000000A) refers to libinit.o(.ARM.Collect$$libinit$$00000000) for __rt_lib_init
    __rtentry2.o(.ARM.Collect$$rtentry$$0000000B) refers to boardinit3.o(.text) for _platform_post_lib_init
    __rtentry2.o(.ARM.Collect$$rtentry$$0000000D) refers to main_svc.o(i.main) for main
    __rtentry2.o(.ARM.Collect$$rtentry$$0000000D) refers to exit.o(.text) for exit
    __rtentry2.o(.ARM.exidx) refers to __rtentry2.o(.ARM.Collect$$rtentry$$00000001) for .ARM.Collect$$rtentry$$00000001
    __rtentry2.o(.ARM.exidx) refers to __rtentry2.o(.ARM.Collect$$rtentry$$00000008) for .ARM.Collect$$rtentry$$00000008
    __rtentry2.o(.ARM.exidx) refers to __rtentry2.o(.ARM.Collect$$rtentry$$0000000A) for .ARM.Collect$$rtentry$$0000000A
    __rtentry2.o(.ARM.exidx) refers to __rtentry2.o(.ARM.Collect$$rtentry$$0000000B) for .ARM.Collect$$rtentry$$0000000B
    __rtentry2.o(.ARM.exidx) refers to __rtentry2.o(.ARM.Collect$$rtentry$$0000000D) for .ARM.Collect$$rtentry$$0000000D
    __rtentry4.o(.ARM.Collect$$rtentry$$00000004) refers to sys_stackheap_outer.o(.text) for __user_setup_stackheap
    __rtentry4.o(.ARM.exidx) refers to __rtentry4.o(.ARM.Collect$$rtentry$$00000004) for .ARM.Collect$$rtentry$$00000004
    rt_div0.o(.text) refers to defsig_fpe_outer.o(.text) for __rt_SIGFPE
    sys_stackheap_outer.o(.text) refers to libspace.o(.text) for __user_perproc_libspace
    sys_stackheap_outer.o(.text) refers to startup_lpc17xx.o(.text) for __user_initial_stackheap
    exit.o(.text) refers to rtexit.o(.ARM.Collect$$rtexit$$00000000) for __rt_exit
    defsig_fpe_outer.o(.text) refers to defsig_fpe_inner.o(.text) for __rt_SIGFPE_inner
    defsig_fpe_outer.o(.text) refers to defsig_exit.o(.text) for __sig_exit
    defsig_fpe_formal.o(.text) refers to rt_raise.o(.text) for __rt_raise
    libinit.o(.ARM.Collect$$libinit$$00000000) refers (Special) to libinit2.o(.ARM.Collect$$libinit$$0000002E) for __rt_lib_init_alloca_1
    libinit.o(.ARM.Collect$$libinit$$00000000) refers (Special) to libinit2.o(.ARM.Collect$$libinit$$0000002C) for __rt_lib_init_argv_1
    libinit.o(.ARM.Collect$$libinit$$00000000) refers (Special) to libinit2.o(.ARM.Collect$$libinit$$0000001B) for __rt_lib_init_atexit_1
    libinit.o(.ARM.Collect$$libinit$$00000000) refers (Special) to libinit2.o(.ARM.Collect$$libinit$$00000021) for __rt_lib_init_clock_1
    libinit.o(.ARM.Collect$$libinit$$00000000) refers (Special) to libinit2.o(.ARM.Collect$$libinit$$00000032) for __rt_lib_init_cpp_1
    libinit.o(.ARM.Collect$$libinit$$00000000) refers (Special) to libinit2.o(.ARM.Collect$$libinit$$00000030) for __rt_lib_init_exceptions_1
    libinit.o(.ARM.Collect$$libinit$$00000000) refers (Special) to libinit2.o(.ARM.Collect$$libinit$$00000002) for __rt_lib_init_fp_1
    libinit.o(.ARM.Collect$$libinit$$00000000) refers (Special) to libinit2.o(.ARM.Collect$$libinit$$0000001F) for __rt_lib_init_fp_trap_1
    libinit.o(.ARM.Collect$$libinit$$00000000) refers (Special) to libinit2.o(.ARM.Collect$$libinit$$00000023) for __rt_lib_init_getenv_1
    libinit.o(.ARM.Collect$$libinit$$00000000) refers (Special) to libinit2.o(.ARM.Collect$$libinit$$0000000A) for __rt_lib_init_heap_1
    libinit.o(.ARM.Collect$$libinit$$00000000) refers (Special) to libinit2.o(.ARM.Collect$$libinit$$00000011) for __rt_lib_init_lc_collate_1
    libinit.o(.ARM.Collect$$libinit$$00000000) refers (Special) to libinit2.o(.ARM.Collect$$libinit$$00000013) for __rt_lib_init_lc_ctype_1
    libinit.o(.ARM.Collect$$libinit$$00000000) refers (Special) to libinit2.o(.ARM.Collect$$libinit$$00000015) for __rt_lib_init_lc_monetary_1
    libinit.o(.ARM.Collect$$libinit$$00000000) refers (Special) to libinit2.o(.ARM.Collect$$libinit$$00000017) for __rt_lib_init_lc_numeric_1
    libinit.o(.ARM.Collect$$libinit$$00000000) refers (Special) to libinit2.o(.ARM.Collect$$libinit$$00000019) for __rt_lib_init_lc_time_1
    libinit.o(.ARM.Collect$$libinit$$00000000) refers (Special) to libinit2.o(.ARM.Collect$$libinit$$00000004) for __rt_lib_init_preinit_1
    libinit.o(.ARM.Collect$$libinit$$00000000) refers (Special) to libinit2.o(.ARM.Collect$$libinit$$0000000E) for __rt_lib_init_rand_1
    libinit.o(.ARM.Collect$$libinit$$00000000) refers (Special) to libinit2.o(.ARM.Collect$$libinit$$00000033) for __rt_lib_init_return
    libinit.o(.ARM.Collect$$libinit$$00000000) refers (Special) to libinit2.o(.ARM.Collect$$libinit$$0000001D) for __rt_lib_init_signal_1
    libinit.o(.ARM.Collect$$libinit$$00000000) refers (Special) to libinit2.o(.ARM.Collect$$libinit$$00000025) for __rt_lib_init_stdio_1
    libinit.o(.ARM.Collect$$libinit$$00000000) refers (Special) to libinit2.o(.ARM.Collect$$libinit$$0000000C) for __rt_lib_init_user_alloc_1
    libspace.o(.text) refers to libspace.o(.bss) for __libspace_start
    rtexit.o(.ARM.Collect$$rtexit$$00000000) refers (Special) to rtexit2.o(.ARM.Collect$$rtexit$$00000004) for __rt_exit_exit
    rtexit.o(.ARM.Collect$$rtexit$$00000000) refers (Special) to rtexit2.o(.ARM.Collect$$rtexit$$00000003) for __rt_exit_ls
    rtexit.o(.ARM.Collect$$rtexit$$00000000) refers (Special) to rtexit2.o(.ARM.Collect$$rtexit$$00000002) for __rt_exit_prels_1
    rtexit.o(.ARM.exidx) refers (Special) to rtexit2.o(.ARM.Collect$$rtexit$$00000004) for __rt_exit_exit
    rtexit.o(.ARM.exidx) refers (Special) to rtexit2.o(.ARM.Collect$$rtexit$$00000003) for __rt_exit_ls
    rtexit.o(.ARM.exidx) refers (Special) to rtexit2.o(.ARM.Collect$$rtexit$$00000002) for __rt_exit_prels_1
    rtexit.o(.ARM.exidx) refers to rtexit.o(.ARM.Collect$$rtexit$$00000000) for .ARM.Collect$$rtexit$$00000000
    rt_raise.o(.text) refers to __raise.o(.text) for __raise
    rt_raise.o(.text) refers to sys_exit.o(.text) for _sys_exit
    defsig_exit.o(.text) refers to sys_exit.o(.text) for _sys_exit
    defsig_fpe_inner.o(.text) refers to defsig_general.o(.text) for __default_signal_display
    libinit2.o(.ARM.Collect$$libinit$$00000010) refers to libinit2.o(.ARM.Collect$$libinit$$0000000F) for .ARM.Collect$$libinit$$0000000F
    libinit2.o(.ARM.Collect$$libinit$$00000012) refers to libinit2.o(.ARM.Collect$$libinit$$0000000F) for .ARM.Collect$$libinit$$0000000F
    libinit2.o(.ARM.Collect$$libinit$$00000014) refers to libinit2.o(.ARM.Collect$$libinit$$0000000F) for .ARM.Collect$$libinit$$0000000F
    libinit2.o(.ARM.Collect$$libinit$$00000016) refers to libinit2.o(.ARM.Collect$$libinit$$0000000F) for .ARM.Collect$$libinit$$0000000F
    libinit2.o(.ARM.Collect$$libinit$$00000018) refers to libinit2.o(.ARM.Collect$$libinit$$0000000F) for .ARM.Collect$$libinit$$0000000F
    libinit2.o(.ARM.Collect$$libinit$$00000026) refers to argv_veneer.o(.emb_text) for __ARM_argv_veneer
    libinit2.o(.ARM.Collect$$libinit$$00000027) refers to argv_veneer.o(.emb_text) for __ARM_argv_veneer
    sys_exit.o(.text) refers (Special) to use_no_semi.o(.text) for __I$use$semihosting
    sys_exit.o(.text) refers (Special) to indicate_semi.o(.text) for __semihosting_library_function
    rtexit2.o(.ARM.Collect$$rtexit$$00000003) refers to libshutdown.o(.ARM.Collect$$libshutdown$$00000000) for __rt_lib_shutdown
    rtexit2.o(.ARM.Collect$$rtexit$$00000004) refers to sys_exit.o(.text) for _sys_exit
    rtexit2.o(.ARM.exidx) refers to rtexit2.o(.ARM.Collect$$rtexit$$00000001) for .ARM.Collect$$rtexit$$00000001
    rtexit2.o(.ARM.exidx) refers to rtexit2.o(.ARM.Collect$$rtexit$$00000003) for .ARM.Collect$$rtexit$$00000003
    rtexit2.o(.ARM.exidx) refers to rtexit2.o(.ARM.Collect$$rtexit$$00000004) for .ARM.Collect$$rtexit$$00000004
    __raise.o(.text) refers to defsig.o(CL$$defsig) for __default_signal_handler
    defsig_general.o(.text) refers to sys_wrch.o(.text) for _ttywrch
    argv_veneer.o(.emb_text) refers to no_argv.o(.text) for __ARM_get_argv
    sys_wrch.o(.text) refers (Special) to use_no_semi.o(.text) for __I$use$semihosting
    sys_wrch.o(.text) refers (Special) to indicate_semi.o(.text) for __semihosting_library_function
    defsig.o(CL$$defsig) refers to defsig_fpe_inner.o(.text) for __rt_SIGFPE_inner
    defsig.o(CL$$defsig) refers to defsig_rtmem_inner.o(.text) for __rt_SIGRTMEM_inner
    _get_argv_nomalloc.o(.text) refers (Special) to hrguard.o(.text) for __heap_region$guard
    _get_argv_nomalloc.o(.text) refers to defsig_rtmem_outer.o(.text) for __rt_SIGRTMEM
    _get_argv_nomalloc.o(.text) refers to sys_command.o(.text) for _sys_command_string
    libshutdown.o(.ARM.Collect$$libshutdown$$00000000) refers (Special) to libshutdown2.o(.ARM.Collect$$libshutdown$$00000002) for __rt_lib_shutdown_cpp_1
    libshutdown.o(.ARM.Collect$$libshutdown$$00000000) refers (Special) to libshutdown2.o(.ARM.Collect$$libshutdown$$00000007) for __rt_lib_shutdown_fp_trap_1
    libshutdown.o(.ARM.Collect$$libshutdown$$00000000) refers (Special) to libshutdown2.o(.ARM.Collect$$libshutdown$$0000000F) for __rt_lib_shutdown_heap_1
    libshutdown.o(.ARM.Collect$$libshutdown$$00000000) refers (Special) to libshutdown2.o(.ARM.Collect$$libshutdown$$00000010) for __rt_lib_shutdown_return
    libshutdown.o(.ARM.Collect$$libshutdown$$00000000) refers (Special) to libshutdown2.o(.ARM.Collect$$libshutdown$$0000000A) for __rt_lib_shutdown_signal_1
    libshutdown.o(.ARM.Collect$$libshutdown$$00000000) refers (Special) to libshutdown2.o(.ARM.Collect$$libshutdown$$00000004) for __rt_lib_shutdown_stdio_1
    libshutdown.o(.ARM.Collect$$libshutdown$$00000000) refers (Special) to libshutdown2.o(.ARM.Collect$$libshutdown$$0000000C) for __rt_lib_shutdown_user_alloc_1
    sys_command.o(.text) refers (Special) to use_no_semi.o(.text) for __I$use$semihosting
    sys_command.o(.text) refers (Special) to indicate_semi.o(.text) for __semihosting_library_function
    defsig_abrt_inner.o(.text) refers to defsig_general.o(.text) for __default_signal_display
    defsig_rtred_inner.o(.text) refers to defsig_general.o(.text) for __default_signal_display
    defsig_rtmem_inner.o(.text) refers to defsig_general.o(.text) for __default_signal_display
    defsig_rtmem_outer.o(.text) refers to defsig_rtmem_inner.o(.text) for __rt_SIGRTMEM_inner
    defsig_rtmem_outer.o(.text) refers to defsig_exit.o(.text) for __sig_exit
    defsig_rtmem_formal.o(.text) refers to rt_raise.o(.text) for __rt_raise
    defsig_stak_inner.o(.text) refers to defsig_general.o(.text) for __default_signal_display
    defsig_pvfn_inner.o(.text) refers to defsig_general.o(.text) for __default_signal_display
    defsig_cppl_inner.o(.text) refers to defsig_general.o(.text) for __default_signal_display
    defsig_segv_inner.o(.text) refers to defsig_general.o(.text) for __default_signal_display
    defsig_other.o(.text) refers to defsig_general.o(.text) for __default_signal_display


==============================================================================

Removing Unused input sections from the image.

    Removing main_svc.o(.rev16_text), (4 bytes).
    Removing main_svc.o(.revsh_text), (4 bytes).
    Removing main_svc.o(.rrx_text), (6 bytes).
    Removing printf.o(i.a2d), (50 bytes).
    Removing printf.o(i.a2i), (58 bytes).
    Removing printf.o(i.i2a), (32 bytes).
    Removing printf.o(i.putchw), (82 bytes).
    Removing printf.o(i.putcp), (10 bytes).
    Removing printf.o(i.tfp_format), (296 bytes).
    Removing printf.o(i.tfp_printf), (44 bytes).
    Removing printf.o(i.tfp_sprintf), (44 bytes).
    Removing printf.o(i.ui2a), (86 bytes).
    Removing uart_polling.o(.rev16_text), (4 bytes).
    Removing uart_polling.o(.revsh_text), (4 bytes).
    Removing uart_polling.o(.rrx_text), (6 bytes).
    Removing uart_polling.o(i.uart_get_char), (48 bytes).
    Removing ae_util.o(i.assertTest), (92 bytes).
    Removing ae_util.o(i.printFraction), (40 bytes).
    Removing ae_util.o(i.printSummary), (120 bytes).
    Removing ae_util.o(i.printUart0), (48 bytes).
    Removing k_memory.o(.rev16_text), (4 bytes).
    Removing k_memory.o(.revsh_text), (4 bytes).
    Removing k_memory.o(.rrx_text), (6 bytes).
    Removing k_msg.o(.rev16_text), (4 bytes).
    Removing k_msg.o(.revsh_text), (4 bytes).
    Removing k_msg.o(.rrx_text), (6 bytes).
    Removing k_msg.o(i.k_delayed_send), (6 bytes).
    Removing k_msg.o(i.k_receive_message), (6 bytes).
    Removing k_msg.o(i.k_send_message), (6 bytes).
    Removing k_process.o(.rev16_text), (4 bytes).
    Removing k_process.o(.revsh_text), (4 bytes).
    Removing k_process.o(.rrx_text), (6 bytes).
    Removing k_process.o(i.k_get_process_priority), (30 bytes).
    Removing k_process.o(i.pq_remove_by_pid_ready), (20 bytes).
    Removing k_process.o(i.release_if_preempted), (64 bytes).
    Removing k_rtx_init.o(.rev16_text), (4 bytes).
    Removing k_rtx_init.o(.revsh_text), (4 bytes).
    Removing k_rtx_init.o(.rrx_text), (6 bytes).
    Removing k_priority_queue.o(.rev16_text), (4 bytes).
    Removing k_priority_queue.o(.revsh_text), (4 bytes).
    Removing k_priority_queue.o(.rrx_text), (6 bytes).
    Removing k_priority_queue.o(i.pq_print), (100 bytes).
    Removing system_lpc17xx.o(.rev16_text), (4 bytes).
    Removing system_lpc17xx.o(.revsh_text), (4 bytes).
    Removing system_lpc17xx.o(.rrx_text), (6 bytes).
    Removing system_lpc17xx.o(i.SystemCoreClockUpdate), (424 bytes).
    Removing system_lpc17xx.o(.data), (4 bytes).

47 unused section(s) (total 1822 bytes) removed from the image.

==============================================================================

Image Symbol Table

    Local Symbols

    Symbol Name                              Value     Ov Type        Size  Object(Section)

    RESET                                    0x00000000   Section      204  startup_lpc17xx.o(RESET)
    ../clib/angel/boardlib.s                 0x00000000   Number         0  boardinit1.o ABSOLUTE
    ../clib/angel/boardlib.s                 0x00000000   Number         0  boardshut.o ABSOLUTE
    ../clib/angel/boardlib.s                 0x00000000   Number         0  boardinit2.o ABSOLUTE
    ../clib/angel/boardlib.s                 0x00000000   Number         0  boardinit3.o ABSOLUTE
    ../clib/angel/handlers.s                 0x00000000   Number         0  __scatter_zi.o ABSOLUTE
    ../clib/angel/handlers.s                 0x00000000   Number         0  __scatter_copy.o ABSOLUTE
    ../clib/angel/kernel.s                   0x00000000   Number         0  __rtentry2.o ABSOLUTE
    ../clib/angel/kernel.s                   0x00000000   Number         0  __rtentry4.o ABSOLUTE
    ../clib/angel/kernel.s                   0x00000000   Number         0  rtexit.o ABSOLUTE
    ../clib/angel/kernel.s                   0x00000000   Number         0  __rtentry.o ABSOLUTE
    ../clib/angel/kernel.s                   0x00000000   Number         0  rtexit2.o ABSOLUTE
    ../clib/angel/rt.s                       0x00000000   Number         0  aeabi_ldiv0.o ABSOLUTE
    ../clib/angel/rt.s                       0x00000000   Number         0  aeabi_ldiv0_sigfpe.o ABSOLUTE
    ../clib/angel/rt.s                       0x00000000   Number         0  rt_div0.o ABSOLUTE
    ../clib/angel/rt.s                       0x00000000   Number         0  rt_raise.o ABSOLUTE
    ../clib/angel/scatter.s                  0x00000000   Number         0  __scatter.o ABSOLUTE
    ../clib/angel/startup.s                  0x00000000   Number         0  __main.o ABSOLUTE
    ../clib/angel/sys.s                      0x00000000   Number         0  use_no_semi.o ABSOLUTE
    ../clib/angel/sys.s                      0x00000000   Number         0  indicate_semi.o ABSOLUTE
    ../clib/angel/sys.s                      0x00000000   Number         0  sys_stackheap_outer.o ABSOLUTE
    ../clib/angel/sys.s                      0x00000000   Number         0  libspace.o ABSOLUTE
    ../clib/angel/sysapp.c                   0x00000000   Number         0  sys_wrch.o ABSOLUTE
    ../clib/angel/sysapp.c                   0x00000000   Number         0  sys_exit.o ABSOLUTE
    ../clib/angel/sysapp.c                   0x00000000   Number         0  sys_command.o ABSOLUTE
    ../clib/armsys.c                         0x00000000   Number         0  argv_veneer.o ABSOLUTE
    ../clib/armsys.c                         0x00000000   Number         0  argv_veneer.o ABSOLUTE
    ../clib/armsys.c                         0x00000000   Number         0  _get_argv_nomalloc.o ABSOLUTE
    ../clib/armsys.c                         0x00000000   Number         0  no_argv.o ABSOLUTE
    ../clib/heapalloc.c                      0x00000000   Number         0  hrguard.o ABSOLUTE
    ../clib/heapaux.c                        0x00000000   Number         0  heapauxi.o ABSOLUTE
    ../clib/libinit.s                        0x00000000   Number         0  libinit.o ABSOLUTE
    ../clib/libinit.s                        0x00000000   Number         0  libshutdown2.o ABSOLUTE
    ../clib/libinit.s                        0x00000000   Number         0  libshutdown.o ABSOLUTE
    ../clib/libinit.s                        0x00000000   Number         0  libinit2.o ABSOLUTE
    ../clib/longlong.s                       0x00000000   Number         0  lludivv7m.o ABSOLUTE
    ../clib/signal.c                         0x00000000   Number         0  defsig_other.o ABSOLUTE
    ../clib/signal.c                         0x00000000   Number         0  defsig_segv_inner.o ABSOLUTE
    ../clib/signal.c                         0x00000000   Number         0  defsig_fpe_formal.o ABSOLUTE
    ../clib/signal.c                         0x00000000   Number         0  defsig_fpe_outer.o ABSOLUTE
    ../clib/signal.c                         0x00000000   Number         0  defsig_cppl_inner.o ABSOLUTE
    ../clib/signal.c                         0x00000000   Number         0  defsig_exit.o ABSOLUTE
    ../clib/signal.c                         0x00000000   Number         0  defsig_rtmem_inner.o ABSOLUTE
    ../clib/signal.c                         0x00000000   Number         0  defsig_rtmem_outer.o ABSOLUTE
    ../clib/signal.c                         0x00000000   Number         0  defsig_rtred_inner.o ABSOLUTE
    ../clib/signal.c                         0x00000000   Number         0  defsig_rtmem_formal.o ABSOLUTE
    ../clib/signal.c                         0x00000000   Number         0  defsig_stak_inner.o ABSOLUTE
    ../clib/signal.c                         0x00000000   Number         0  defsig_fpe_inner.o ABSOLUTE
    ../clib/signal.c                         0x00000000   Number         0  defsig_pvfn_inner.o ABSOLUTE
    ../clib/signal.c                         0x00000000   Number         0  defsig_abrt_inner.o ABSOLUTE
    ../clib/signal.c                         0x00000000   Number         0  defsig_general.o ABSOLUTE
    ../clib/signal.c                         0x00000000   Number         0  __raise.o ABSOLUTE
    ../clib/signal.s                         0x00000000   Number         0  defsig.o ABSOLUTE
    ../clib/stdlib.c                         0x00000000   Number         0  exit.o ABSOLUTE
    ../fplib/fpinit.s                        0x00000000   Number         0  fpinit.o ABSOLUTE
    ..\Auto_Test\P1\AE2\ae2.c                0x00000000   Number         0  ae2.o ABSOLUTE
    ..\Auto_Test\P1\AE2\ae_proc_2.c          0x00000000   Number         0  ae_proc_2.o ABSOLUTE
    RTE\Device\LPC1768\startup_LPC17xx.s     0x00000000   Number         0  startup_lpc17xx.o ABSOLUTE
    RTE\Device\LPC1768\system_LPC17xx.c      0x00000000   Number         0  system_lpc17xx.o ABSOLUTE
    RTE\\Device\\LPC1768\\system_LPC17xx.c   0x00000000   Number         0  system_lpc17xx.o ABSOLUTE
    dc.s                                     0x00000000   Number         0  dc.o ABSOLUTE
    src\HAL.c                                0x00000000   Number         0  hal.o ABSOLUTE
    src\\HAL.c                               0x00000000   Number         0  hal.o ABSOLUTE
    src\\k_memory.c                          0x00000000   Number         0  k_memory.o ABSOLUTE
    src\\k_msg.c                             0x00000000   Number         0  k_msg.o ABSOLUTE
    src\\k_priority_queue.c                  0x00000000   Number         0  k_priority_queue.o ABSOLUTE
    src\\k_process.c                         0x00000000   Number         0  k_process.o ABSOLUTE
    src\\k_rtx_init.c                        0x00000000   Number         0  k_rtx_init.o ABSOLUTE
    src\\main_svc.c                          0x00000000   Number         0  main_svc.o ABSOLUTE
    src\\uart_polling.c                      0x00000000   Number         0  uart_polling.o ABSOLUTE
    src\ae_util.c                            0x00000000   Number         0  ae_util.o ABSOLUTE
    src\k_memory.c                           0x00000000   Number         0  k_memory.o ABSOLUTE
    src\k_msg.c                              0x00000000   Number         0  k_msg.o ABSOLUTE
    src\k_priority_queue.c                   0x00000000   Number         0  k_priority_queue.o ABSOLUTE
    src\k_process.c                          0x00000000   Number         0  k_process.o ABSOLUTE
    src\k_rtx_init.c                         0x00000000   Number         0  k_rtx_init.o ABSOLUTE
    src\main_svc.c                           0x00000000   Number         0  main_svc.o ABSOLUTE
    src\nullProc.c                           0x00000000   Number         0  nullproc.o ABSOLUTE
    src\printf.c                             0x00000000   Number         0  printf.o ABSOLUTE
    src\uart_polling.c                       0x00000000   Number         0  uart_polling.o ABSOLUTE
    !!!main                                  0x000000cc   Section        8  __main.o(!!!main)
    !!!scatter                               0x000000d4   Section       52  __scatter.o(!!!scatter)
    !!handler_copy                           0x00000108   Section       26  __scatter_copy.o(!!handler_copy)
    !!handler_zi                             0x00000124   Section       28  __scatter_zi.o(!!handler_zi)
    .ARM.Collect$$libinit$$00000000          0x00000140   Section        2  libinit.o(.ARM.Collect$$libinit$$00000000)
    .ARM.Collect$$libinit$$00000002          0x00000142   Section        0  libinit2.o(.ARM.Collect$$libinit$$00000002)
    .ARM.Collect$$libinit$$00000004          0x00000142   Section        0  libinit2.o(.ARM.Collect$$libinit$$00000004)
    .ARM.Collect$$libinit$$0000000A          0x00000142   Section        0  libinit2.o(.ARM.Collect$$libinit$$0000000A)
    .ARM.Collect$$libinit$$0000000C          0x00000142   Section        0  libinit2.o(.ARM.Collect$$libinit$$0000000C)
    .ARM.Collect$$libinit$$0000000E          0x00000142   Section        0  libinit2.o(.ARM.Collect$$libinit$$0000000E)
    .ARM.Collect$$libinit$$00000011          0x00000142   Section        0  libinit2.o(.ARM.Collect$$libinit$$00000011)
    .ARM.Collect$$libinit$$00000013          0x00000142   Section        0  libinit2.o(.ARM.Collect$$libinit$$00000013)
    .ARM.Collect$$libinit$$00000015          0x00000142   Section        0  libinit2.o(.ARM.Collect$$libinit$$00000015)
    .ARM.Collect$$libinit$$00000017          0x00000142   Section        0  libinit2.o(.ARM.Collect$$libinit$$00000017)
    .ARM.Collect$$libinit$$00000019          0x00000142   Section        0  libinit2.o(.ARM.Collect$$libinit$$00000019)
    .ARM.Collect$$libinit$$0000001B          0x00000142   Section        0  libinit2.o(.ARM.Collect$$libinit$$0000001B)
    .ARM.Collect$$libinit$$0000001D          0x00000142   Section        0  libinit2.o(.ARM.Collect$$libinit$$0000001D)
    .ARM.Collect$$libinit$$0000001F          0x00000142   Section        0  libinit2.o(.ARM.Collect$$libinit$$0000001F)
    .ARM.Collect$$libinit$$00000021          0x00000142   Section        0  libinit2.o(.ARM.Collect$$libinit$$00000021)
    .ARM.Collect$$libinit$$00000023          0x00000142   Section        0  libinit2.o(.ARM.Collect$$libinit$$00000023)
    .ARM.Collect$$libinit$$00000025          0x00000142   Section        0  libinit2.o(.ARM.Collect$$libinit$$00000025)
    .ARM.Collect$$libinit$$0000002C          0x00000142   Section        0  libinit2.o(.ARM.Collect$$libinit$$0000002C)
    .ARM.Collect$$libinit$$0000002E          0x00000142   Section        0  libinit2.o(.ARM.Collect$$libinit$$0000002E)
    .ARM.Collect$$libinit$$00000030          0x00000142   Section        0  libinit2.o(.ARM.Collect$$libinit$$00000030)
    .ARM.Collect$$libinit$$00000032          0x00000142   Section        0  libinit2.o(.ARM.Collect$$libinit$$00000032)
    .ARM.Collect$$libinit$$00000033          0x00000142   Section        2  libinit2.o(.ARM.Collect$$libinit$$00000033)
    .ARM.Collect$$libshutdown$$00000000      0x00000144   Section        2  libshutdown.o(.ARM.Collect$$libshutdown$$00000000)
    .ARM.Collect$$libshutdown$$00000002      0x00000146   Section        0  libshutdown2.o(.ARM.Collect$$libshutdown$$00000002)
    .ARM.Collect$$libshutdown$$00000004      0x00000146   Section        0  libshutdown2.o(.ARM.Collect$$libshutdown$$00000004)
    .ARM.Collect$$libshutdown$$00000007      0x00000146   Section        0  libshutdown2.o(.ARM.Collect$$libshutdown$$00000007)
    .ARM.Collect$$libshutdown$$0000000A      0x00000146   Section        0  libshutdown2.o(.ARM.Collect$$libshutdown$$0000000A)
    .ARM.Collect$$libshutdown$$0000000C      0x00000146   Section        0  libshutdown2.o(.ARM.Collect$$libshutdown$$0000000C)
    .ARM.Collect$$libshutdown$$0000000F      0x00000146   Section        0  libshutdown2.o(.ARM.Collect$$libshutdown$$0000000F)
    .ARM.Collect$$libshutdown$$00000010      0x00000146   Section        2  libshutdown2.o(.ARM.Collect$$libshutdown$$00000010)
    .ARM.Collect$$rtentry$$00000000          0x00000148   Section        0  __rtentry.o(.ARM.Collect$$rtentry$$00000000)
    .ARM.Collect$$rtentry$$00000002          0x00000148   Section        0  __rtentry2.o(.ARM.Collect$$rtentry$$00000002)
    .ARM.Collect$$rtentry$$00000004          0x00000148   Section        6  __rtentry4.o(.ARM.Collect$$rtentry$$00000004)
    .ARM.Collect$$rtentry$$00000009          0x0000014e   Section        0  __rtentry2.o(.ARM.Collect$$rtentry$$00000009)
    .ARM.Collect$$rtentry$$0000000A          0x0000014e   Section        4  __rtentry2.o(.ARM.Collect$$rtentry$$0000000A)
    .ARM.Collect$$rtentry$$0000000C          0x00000152   Section        0  __rtentry2.o(.ARM.Collect$$rtentry$$0000000C)
    .ARM.Collect$$rtentry$$0000000D          0x00000152   Section        8  __rtentry2.o(.ARM.Collect$$rtentry$$0000000D)
    .ARM.Collect$$rtexit$$00000000           0x0000015a   Section        2  rtexit.o(.ARM.Collect$$rtexit$$00000000)
    .ARM.Collect$$rtexit$$00000002           0x0000015c   Section        0  rtexit2.o(.ARM.Collect$$rtexit$$00000002)
    .ARM.Collect$$rtexit$$00000003           0x0000015c   Section        4  rtexit2.o(.ARM.Collect$$rtexit$$00000003)
    .ARM.Collect$$rtexit$$00000004           0x00000160   Section        6  rtexit2.o(.ARM.Collect$$rtexit$$00000004)
    .emb_text                                0x00000168   Section       56  hal.o(.emb_text)
    .text                                    0x000001a0   Section       60  startup_lpc17xx.o(.text)
    .text                                    0x000001dc   Section        0  heapauxi.o(.text)
    .text                                    0x000001e2   Section       74  sys_stackheap_outer.o(.text)
    .text                                    0x0000022c   Section        0  exit.o(.text)
    .text                                    0x00000240   Section        8  libspace.o(.text)
    .text                                    0x00000248   Section        0  sys_exit.o(.text)
    .text                                    0x00000254   Section        2  use_no_semi.o(.text)
    .text                                    0x00000256   Section        0  indicate_semi.o(.text)
    i.ae_init                                0x00000256   Section        0  ae2.o(i.ae_init)
    i.ae_set_proc_info                       0x00000280   Section        0  ae2.o(i.ae_set_proc_info)
    i.nullProc                               0x000002ec   Section        0  nullproc.o(i.nullProc)
    i.pre_rtx_init                           0x000002f0   Section        0  main_svc.o(i.pre_rtx_init)
    .ARM.__at_0x02FC                         0x000002fc   Section        4  startup_lpc17xx.o(.ARM.__at_0x02FC)
    i.SystemInit                             0x00000300   Section        0  system_lpc17xx.o(i.SystemInit)
    i.alloc_stack                            0x00000440   Section        0  k_memory.o(i.alloc_stack)
    i.get_pcb_by_pid                         0x00000464   Section        0  k_process.o(i.get_pcb_by_pid)
    i.init_printf                            0x0000049c   Section        0  printf.o(i.init_printf)
    i.k_release_memory_block                 0x000004b0   Section        0  k_memory.o(i.k_release_memory_block)
    i.k_release_processor                    0x00000578   Section        0  k_process.o(i.k_release_processor)
    i.k_request_memory_block                 0x000005c0   Section        0  k_memory.o(i.k_request_memory_block)
    i.k_request_memory_block_nb              0x00000610   Section        0  k_memory.o(i.k_request_memory_block_nb)
    i.k_rtx_init                             0x00000628   Section        0  k_rtx_init.o(i.k_rtx_init)
    i.k_set_process_priority                 0x00000640   Section        0  k_process.o(i.k_set_process_priority)
    i.main                                   0x000006f4   Section        0  main_svc.o(i.main)
    i.memory_init                            0x00000740   Section        0  k_memory.o(i.memory_init)
    i.pq_insert                              0x000007c8   Section        0  k_priority_queue.o(i.pq_insert)
    i.pq_insert_blocked                      0x00000804   Section        0  k_memory.o(i.pq_insert_blocked)
    i.pq_insert_front                        0x00000818   Section        0  k_priority_queue.o(i.pq_insert_front)
    i.pq_insert_front_ready                  0x00000854   Section        0  k_process.o(i.pq_insert_front_ready)
    i.pq_insert_ready                        0x00000868   Section        0  k_process.o(i.pq_insert_ready)
    i.pq_remove                              0x0000087c   Section        0  k_priority_queue.o(i.pq_remove)
    i.pq_remove_by_pid                       0x00000892   Section        0  k_priority_queue.o(i.pq_remove_by_pid)
    i.pq_remove_by_pid_blocked               0x000008d8   Section        0  k_memory.o(i.pq_remove_by_pid_blocked)
    i.proc1                                  0x000008ec   Section        0  ae_proc_2.o(i.proc1)
    i.proc2                                  0x00000930   Section        0  ae_proc_2.o(i.proc2)
    i.proc3                                  0x000009f0   Section        0  ae_proc_2.o(i.proc3)
    i.proc4                                  0x00000a14   Section        0  ae_proc_2.o(i.proc4)
    i.proc5                                  0x00000a38   Section        0  ae_proc_2.o(i.proc5)
    i.proc6                                  0x00000a5c   Section        0  ae_proc_2.o(i.proc6)
    i.process_init                           0x00000a80   Section        0  k_process.o(i.process_init)
    i.process_switch                         0x00000be4   Section        0  k_process.o(i.process_switch)
    i.putc                                   0x00000c7c   Section        0  uart_polling.o(i.putc)
    i.scheduler                              0x00000cc0   Section        0  k_process.o(i.scheduler)
    i.uart_init                              0x00000cf0   Section        0  uart_polling.o(i.uart_init)
    i.uart_put_char                          0x00000d5c   Section        0  uart_polling.o(i.uart_put_char)
    i.uart_put_string                        0x00000d90   Section        0  uart_polling.o(i.uart_put_string)
    STACK                                    0x10000000   Section      512  startup_lpc17xx.o(STACK)
    Stack_Mem                                0x10000000   Data         512  startup_lpc17xx.o(STACK)
    __initial_sp                             0x10000200   Data           0  startup_lpc17xx.o(STACK)
    .data                                    0x2007c000   Section        8  printf.o(.data)
    stdout_putf                              0x2007c000   Data           4  printf.o(.data)
    stdout_putp                              0x2007c004   Data           4  printf.o(.data)
    .data                                    0x2007c008   Section       16  k_memory.o(.data)
    .data                                    0x2007c018   Section       12  k_process.o(.data)
    .bss                                     0x2007c024   Section       96  k_process.o(.bss)
    .bss                                     0x2007c084   Section       96  libspace.o(.bss)
    HEAP                                     0x2007c0e8   Section        0  startup_lpc17xx.o(HEAP)
    Heap_Mem                                 0x2007c0e8   Data           0  startup_lpc17xx.o(HEAP)

    Global Symbols

    Symbol Name                              Value     Ov Type        Size  Object(Section)

    BuildAttributes$$THM_ISAv4$P$D$K$B$S$PE$A:L22UL41UL21$X:L11$S22US41US21$IEEE1$IW$USESV6$~STKCKD$USESV7$~SHL$OSPACE$ROPI$EBA8$UX$STANDARDLIB$REQ8$PRES8$EABIv2 0x00000000   Number         0  anon$$obj.o ABSOLUTE
    __ARM_use_no_argv                        0x00000000   Number         0  main_svc.o ABSOLUTE
    __Vectors                                0x00000000   Data           4  startup_lpc17xx.o(RESET)
    __ARM_exceptions_init                     - Undefined Weak Reference
    __alloca_initialize                       - Undefined Weak Reference
    __arm_preinit_                            - Undefined Weak Reference
    __cpp_initialize__aeabi_                  - Undefined Weak Reference
    __cxa_finalize                            - Undefined Weak Reference
    __rt_locale                               - Undefined Weak Reference
    __sigvec_lookup                           - Undefined Weak Reference
    _atexit_init                              - Undefined Weak Reference
    _call_atexit_fns                          - Undefined Weak Reference
    _clock_init                               - Undefined Weak Reference
    _fp_trap_init                             - Undefined Weak Reference
    _fp_trap_shutdown                         - Undefined Weak Reference
    _get_lc_collate                           - Undefined Weak Reference
    _get_lc_ctype                             - Undefined Weak Reference
    _get_lc_monetary                          - Undefined Weak Reference
    _get_lc_numeric                           - Undefined Weak Reference
    _get_lc_time                              - Undefined Weak Reference
    _getenv_init                              - Undefined Weak Reference
    _handle_redirection                       - Undefined Weak Reference
    _init_alloc                               - Undefined Weak Reference
    _init_user_alloc                          - Undefined Weak Reference
    _initio                                   - Undefined Weak Reference
    _rand_init                                - Undefined Weak Reference
    _signal_finish                            - Undefined Weak Reference
    _signal_init                              - Undefined Weak Reference
    _terminate_alloc                          - Undefined Weak Reference
    _terminate_user_alloc                     - Undefined Weak Reference
    _terminateio                              - Undefined Weak Reference
    __main                                   0x000000cd   Thumb Code     8  __main.o(!!!main)
    __scatterload                            0x000000d5   Thumb Code     0  __scatter.o(!!!scatter)
    __scatterload_rt2                        0x000000d5   Thumb Code    44  __scatter.o(!!!scatter)
    __scatterload_rt2_thumb_only             0x000000d5   Thumb Code     0  __scatter.o(!!!scatter)
    __scatterload_null                       0x000000e3   Thumb Code     0  __scatter.o(!!!scatter)
    __scatterload_copy                       0x00000109   Thumb Code    26  __scatter_copy.o(!!handler_copy)
    __scatterload_zeroinit                   0x00000125   Thumb Code    28  __scatter_zi.o(!!handler_zi)
    __rt_lib_init                            0x00000141   Thumb Code     0  libinit.o(.ARM.Collect$$libinit$$00000000)
    __rt_lib_init_alloca_1                   0x00000143   Thumb Code     0  libinit2.o(.ARM.Collect$$libinit$$0000002E)
    __rt_lib_init_argv_1                     0x00000143   Thumb Code     0  libinit2.o(.ARM.Collect$$libinit$$0000002C)
    __rt_lib_init_atexit_1                   0x00000143   Thumb Code     0  libinit2.o(.ARM.Collect$$libinit$$0000001B)
    __rt_lib_init_clock_1                    0x00000143   Thumb Code     0  libinit2.o(.ARM.Collect$$libinit$$00000021)
    __rt_lib_init_cpp_1                      0x00000143   Thumb Code     0  libinit2.o(.ARM.Collect$$libinit$$00000032)
    __rt_lib_init_exceptions_1               0x00000143   Thumb Code     0  libinit2.o(.ARM.Collect$$libinit$$00000030)
    __rt_lib_init_fp_1                       0x00000143   Thumb Code     0  libinit2.o(.ARM.Collect$$libinit$$00000002)
    __rt_lib_init_fp_trap_1                  0x00000143   Thumb Code     0  libinit2.o(.ARM.Collect$$libinit$$0000001F)
    __rt_lib_init_getenv_1                   0x00000143   Thumb Code     0  libinit2.o(.ARM.Collect$$libinit$$00000023)
    __rt_lib_init_heap_1                     0x00000143   Thumb Code     0  libinit2.o(.ARM.Collect$$libinit$$0000000A)
    __rt_lib_init_lc_collate_1               0x00000143   Thumb Code     0  libinit2.o(.ARM.Collect$$libinit$$00000011)
    __rt_lib_init_lc_ctype_1                 0x00000143   Thumb Code     0  libinit2.o(.ARM.Collect$$libinit$$00000013)
    __rt_lib_init_lc_monetary_1              0x00000143   Thumb Code     0  libinit2.o(.ARM.Collect$$libinit$$00000015)
    __rt_lib_init_lc_numeric_1               0x00000143   Thumb Code     0  libinit2.o(.ARM.Collect$$libinit$$00000017)
    __rt_lib_init_lc_time_1                  0x00000143   Thumb Code     0  libinit2.o(.ARM.Collect$$libinit$$00000019)
    __rt_lib_init_preinit_1                  0x00000143   Thumb Code     0  libinit2.o(.ARM.Collect$$libinit$$00000004)
    __rt_lib_init_rand_1                     0x00000143   Thumb Code     0  libinit2.o(.ARM.Collect$$libinit$$0000000E)
    __rt_lib_init_return                     0x00000143   Thumb Code     0  libinit2.o(.ARM.Collect$$libinit$$00000033)
    __rt_lib_init_signal_1                   0x00000143   Thumb Code     0  libinit2.o(.ARM.Collect$$libinit$$0000001D)
    __rt_lib_init_stdio_1                    0x00000143   Thumb Code     0  libinit2.o(.ARM.Collect$$libinit$$00000025)
    __rt_lib_init_user_alloc_1               0x00000143   Thumb Code     0  libinit2.o(.ARM.Collect$$libinit$$0000000C)
    __rt_lib_shutdown                        0x00000145   Thumb Code     0  libshutdown.o(.ARM.Collect$$libshutdown$$00000000)
    __rt_lib_shutdown_cpp_1                  0x00000147   Thumb Code     0  libshutdown2.o(.ARM.Collect$$libshutdown$$00000002)
    __rt_lib_shutdown_fp_trap_1              0x00000147   Thumb Code     0  libshutdown2.o(.ARM.Collect$$libshutdown$$00000007)
    __rt_lib_shutdown_heap_1                 0x00000147   Thumb Code     0  libshutdown2.o(.ARM.Collect$$libshutdown$$0000000F)
    __rt_lib_shutdown_return                 0x00000147   Thumb Code     0  libshutdown2.o(.ARM.Collect$$libshutdown$$00000010)
    __rt_lib_shutdown_signal_1               0x00000147   Thumb Code     0  libshutdown2.o(.ARM.Collect$$libshutdown$$0000000A)
    __rt_lib_shutdown_stdio_1                0x00000147   Thumb Code     0  libshutdown2.o(.ARM.Collect$$libshutdown$$00000004)
    __rt_lib_shutdown_user_alloc_1           0x00000147   Thumb Code     0  libshutdown2.o(.ARM.Collect$$libshutdown$$0000000C)
    __rt_entry                               0x00000149   Thumb Code     0  __rtentry.o(.ARM.Collect$$rtentry$$00000000)
    __rt_entry_presh_1                       0x00000149   Thumb Code     0  __rtentry2.o(.ARM.Collect$$rtentry$$00000002)
    __rt_entry_sh                            0x00000149   Thumb Code     0  __rtentry4.o(.ARM.Collect$$rtentry$$00000004)
    __rt_entry_li                            0x0000014f   Thumb Code     0  __rtentry2.o(.ARM.Collect$$rtentry$$0000000A)
    __rt_entry_postsh_1                      0x0000014f   Thumb Code     0  __rtentry2.o(.ARM.Collect$$rtentry$$00000009)
    __rt_entry_main                          0x00000153   Thumb Code     0  __rtentry2.o(.ARM.Collect$$rtentry$$0000000D)
    __rt_entry_postli_1                      0x00000153   Thumb Code     0  __rtentry2.o(.ARM.Collect$$rtentry$$0000000C)
    __rt_exit                                0x0000015b   Thumb Code     0  rtexit.o(.ARM.Collect$$rtexit$$00000000)
    __rt_exit_ls                             0x0000015d   Thumb Code     0  rtexit2.o(.ARM.Collect$$rtexit$$00000003)
    __rt_exit_prels_1                        0x0000015d   Thumb Code     0  rtexit2.o(.ARM.Collect$$rtexit$$00000002)
    __rt_exit_exit                           0x00000161   Thumb Code     0  rtexit2.o(.ARM.Collect$$rtexit$$00000004)
    __rte                                    0x00000169   Thumb Code     8  hal.o(.emb_text)
    SVC_Handler                              0x00000171   Thumb Code    48  hal.o(.emb_text)
    Reset_Handler                            0x000001a1   Thumb Code     8  startup_lpc17xx.o(.text)
    NMI_Handler                              0x000001a9   Thumb Code     2  startup_lpc17xx.o(.text)
    HardFault_Handler                        0x000001ab   Thumb Code     2  startup_lpc17xx.o(.text)
    MemManage_Handler                        0x000001ad   Thumb Code     2  startup_lpc17xx.o(.text)
    BusFault_Handler                         0x000001af   Thumb Code     2  startup_lpc17xx.o(.text)
    UsageFault_Handler                       0x000001b1   Thumb Code     2  startup_lpc17xx.o(.text)
    DebugMon_Handler                         0x000001b5   Thumb Code     2  startup_lpc17xx.o(.text)
    PendSV_Handler                           0x000001b7   Thumb Code     2  startup_lpc17xx.o(.text)
    SysTick_Handler                          0x000001b9   Thumb Code     2  startup_lpc17xx.o(.text)
    ADC_IRQHandler                           0x000001bb   Thumb Code     0  startup_lpc17xx.o(.text)
    BOD_IRQHandler                           0x000001bb   Thumb Code     0  startup_lpc17xx.o(.text)
    CANActivity_IRQHandler                   0x000001bb   Thumb Code     0  startup_lpc17xx.o(.text)
    CAN_IRQHandler                           0x000001bb   Thumb Code     0  startup_lpc17xx.o(.text)
    DMA_IRQHandler                           0x000001bb   Thumb Code     0  startup_lpc17xx.o(.text)
    EINT0_IRQHandler                         0x000001bb   Thumb Code     0  startup_lpc17xx.o(.text)
    EINT1_IRQHandler                         0x000001bb   Thumb Code     0  startup_lpc17xx.o(.text)
    EINT2_IRQHandler                         0x000001bb   Thumb Code     0  startup_lpc17xx.o(.text)
    EINT3_IRQHandler                         0x000001bb   Thumb Code     0  startup_lpc17xx.o(.text)
    ENET_IRQHandler                          0x000001bb   Thumb Code     0  startup_lpc17xx.o(.text)
    I2C0_IRQHandler                          0x000001bb   Thumb Code     0  startup_lpc17xx.o(.text)
    I2C1_IRQHandler                          0x000001bb   Thumb Code     0  startup_lpc17xx.o(.text)
    I2C2_IRQHandler                          0x000001bb   Thumb Code     0  startup_lpc17xx.o(.text)
    I2S_IRQHandler                           0x000001bb   Thumb Code     0  startup_lpc17xx.o(.text)
    MCPWM_IRQHandler                         0x000001bb   Thumb Code     0  startup_lpc17xx.o(.text)
    PLL0_IRQHandler                          0x000001bb   Thumb Code     0  startup_lpc17xx.o(.text)
    PLL1_IRQHandler                          0x000001bb   Thumb Code     0  startup_lpc17xx.o(.text)
    PWM1_IRQHandler                          0x000001bb   Thumb Code     0  startup_lpc17xx.o(.text)
    QEI_IRQHandler                           0x000001bb   Thumb Code     0  startup_lpc17xx.o(.text)
    RIT_IRQHandler                           0x000001bb   Thumb Code     0  startup_lpc17xx.o(.text)
    RTC_IRQHandler                           0x000001bb   Thumb Code     0  startup_lpc17xx.o(.text)
    SPI_IRQHandler                           0x000001bb   Thumb Code     0  startup_lpc17xx.o(.text)
    SSP0_IRQHandler                          0x000001bb   Thumb Code     0  startup_lpc17xx.o(.text)
    SSP1_IRQHandler                          0x000001bb   Thumb Code     0  startup_lpc17xx.o(.text)
    TIMER0_IRQHandler                        0x000001bb   Thumb Code     0  startup_lpc17xx.o(.text)
    TIMER1_IRQHandler                        0x000001bb   Thumb Code     0  startup_lpc17xx.o(.text)
    TIMER2_IRQHandler                        0x000001bb   Thumb Code     0  startup_lpc17xx.o(.text)
    TIMER3_IRQHandler                        0x000001bb   Thumb Code     0  startup_lpc17xx.o(.text)
    UART0_IRQHandler                         0x000001bb   Thumb Code     0  startup_lpc17xx.o(.text)
    UART1_IRQHandler                         0x000001bb   Thumb Code     0  startup_lpc17xx.o(.text)
    UART2_IRQHandler                         0x000001bb   Thumb Code     0  startup_lpc17xx.o(.text)
    UART3_IRQHandler                         0x000001bb   Thumb Code     0  startup_lpc17xx.o(.text)
    USBActivity_IRQHandler                   0x000001bb   Thumb Code     0  startup_lpc17xx.o(.text)
    USB_IRQHandler                           0x000001bb   Thumb Code     0  startup_lpc17xx.o(.text)
    WDT_IRQHandler                           0x000001bb   Thumb Code     0  startup_lpc17xx.o(.text)
    __user_initial_stackheap                 0x000001bd   Thumb Code     0  startup_lpc17xx.o(.text)
    __use_two_region_memory                  0x000001dd   Thumb Code     2  heapauxi.o(.text)
    __rt_heap_escrow$2region                 0x000001df   Thumb Code     2  heapauxi.o(.text)
    __rt_heap_expand$2region                 0x000001e1   Thumb Code     2  heapauxi.o(.text)
    __user_setup_stackheap                   0x000001e3   Thumb Code    74  sys_stackheap_outer.o(.text)
    exit                                     0x0000022d   Thumb Code    18  exit.o(.text)
    __user_libspace                          0x00000241   Thumb Code     8  libspace.o(.text)
    __user_perproc_libspace                  0x00000241   Thumb Code     0  libspace.o(.text)
    __user_perthread_libspace                0x00000241   Thumb Code     0  libspace.o(.text)
    _sys_exit                                0x00000249   Thumb Code     8  sys_exit.o(.text)
    __I$use$semihosting                      0x00000255   Thumb Code     0  use_no_semi.o(.text)
    __use_no_semihosting_swi                 0x00000255   Thumb Code     2  use_no_semi.o(.text)
    __semihosting_library_function           0x00000257   Thumb Code     0  indicate_semi.o(.text)
    ae_init                                  0x00000257   Thumb Code    42  ae2.o(i.ae_init)
    ae_set_proc_info                         0x00000281   Thumb Code    82  ae2.o(i.ae_set_proc_info)
    nullProc                                 0x000002ed   Thumb Code     4  nullproc.o(i.nullProc)
    pre_rtx_init                             0x000002f1   Thumb Code     6  main_svc.o(i.pre_rtx_init)
    SystemInit                               0x00000301   Thumb Code   302  system_lpc17xx.o(i.SystemInit)
    alloc_stack                              0x00000441   Thumb Code    32  k_memory.o(i.alloc_stack)
    get_pcb_by_pid                           0x00000465   Thumb Code    50  k_process.o(i.get_pcb_by_pid)
    init_printf                              0x0000049d   Thumb Code    10  printf.o(i.init_printf)
    k_release_memory_block                   0x000004b1   Thumb Code   180  k_memory.o(i.k_release_memory_block)
    k_release_processor                      0x00000579   Thumb Code    64  k_process.o(i.k_release_processor)
    k_request_memory_block                   0x000005c1   Thumb Code    70  k_memory.o(i.k_request_memory_block)
    k_request_memory_block_nb                0x00000611   Thumb Code    20  k_memory.o(i.k_request_memory_block_nb)
    k_rtx_init                               0x00000629   Thumb Code    24  k_rtx_init.o(i.k_rtx_init)
    k_set_process_priority                   0x00000641   Thumb Code   170  k_process.o(i.k_set_process_priority)
    main                                     0x000006f5   Thumb Code    64  main_svc.o(i.main)
    memory_init                              0x00000741   Thumb Code   106  k_memory.o(i.memory_init)
    pq_insert                                0x000007c9   Thumb Code    60  k_priority_queue.o(i.pq_insert)
    pq_insert_blocked                        0x00000805   Thumb Code    14  k_memory.o(i.pq_insert_blocked)
    pq_insert_front                          0x00000819   Thumb Code    60  k_priority_queue.o(i.pq_insert_front)
    pq_insert_front_ready                    0x00000855   Thumb Code    14  k_process.o(i.pq_insert_front_ready)
    pq_insert_ready                          0x00000869   Thumb Code    14  k_process.o(i.pq_insert_ready)
    pq_remove                                0x0000087d   Thumb Code    22  k_priority_queue.o(i.pq_remove)
    pq_remove_by_pid                         0x00000893   Thumb Code    68  k_priority_queue.o(i.pq_remove_by_pid)
    pq_remove_by_pid_blocked                 0x000008d9   Thumb Code    14  k_memory.o(i.pq_remove_by_pid_blocked)
    proc1                                    0x000008ed   Thumb Code    58  ae_proc_2.o(i.proc1)
    proc2                                    0x00000931   Thumb Code   148  ae_proc_2.o(i.proc2)
    proc3                                    0x000009f1   Thumb Code    18  ae_proc_2.o(i.proc3)
    proc4                                    0x00000a15   Thumb Code    18  ae_proc_2.o(i.proc4)
    proc5                                    0x00000a39   Thumb Code    18  ae_proc_2.o(i.proc5)
    proc6                                    0x00000a5d   Thumb Code    18  ae_proc_2.o(i.proc6)
    process_init                             0x00000a81   Thumb Code   340  k_process.o(i.process_init)
    process_switch                           0x00000be5   Thumb Code   144  k_process.o(i.process_switch)
    putc                                     0x00000c7d   Thumb Code    28  uart_polling.o(i.putc)
    scheduler                                0x00000cc1   Thumb Code    40  k_process.o(i.scheduler)
    uart_init                                0x00000cf1   Thumb Code    96  uart_polling.o(i.uart_init)
    uart_put_char                            0x00000d5d   Thumb Code    42  uart_polling.o(i.uart_put_char)
    uart_put_string                          0x00000d91   Thumb Code    38  uart_polling.o(i.uart_put_string)
    Region$$Table$$Base                      0x00000db8   Number         0  anon$$obj.o(Region$$Table)
    Region$$Table$$Limit                     0x00000de8   Number         0  anon$$obj.o(Region$$Table)
    Image$$RW_IRAM1$$ZI$$Limit               0x10000200   Number         0  anon$$obj.o ABSOLUTE
    gp_stack                                 0x2007c008   Data           4  k_memory.o(.data)
    heap_start                               0x2007c00c   Data           4  k_memory.o(.data)
    freeList                                 0x2007c010   Data           4  k_memory.o(.data)
    proc_blocked_queue                       0x2007c014   Data           4  k_memory.o(.data)
    gp_pcbs                                  0x2007c018   Data           4  k_process.o(.data)
    gp_current_process                       0x2007c01c   Data           4  k_process.o(.data)
    proc_ready_queue                         0x2007c020   Data           4  k_process.o(.data)
    g_proc_table                             0x2007c024   Data          96  k_process.o(.bss)
    __libspace_start                         0x2007c084   Data          96  libspace.o(.bss)
    __temporary_stack_top$libspace           0x2007c0e4   Data           0  libspace.o(.bss)



==============================================================================

Memory Map of the image

  Image Entry point : 0x000000cd

  Load Region LR_IROM1 (Base: 0x00000000, Size: 0x00000e0c, Max: 0x00080000, ABSOLUTE)

    Execution Region ER_IROM1 (Exec base: 0x00000000, Load base: 0x00000000, Size: 0x00000de8, Max: 0x00080000, ABSOLUTE)

    Exec Addr    Load Addr    Size         Type   Attr      Idx    E Section Name        Object

    0x00000000   0x00000000   0x000000cc   Data   RO          621    RESET               startup_lpc17xx.o
    0x000000cc   0x000000cc   0x00000008   Code   RO          671  * !!!main             c_w.l(__main.o)
    0x000000d4   0x000000d4   0x00000034   Code   RO          838    !!!scatter          c_w.l(__scatter.o)
    0x00000108   0x00000108   0x0000001a   Code   RO          840    !!handler_copy      c_w.l(__scatter_copy.o)
    0x00000122   0x00000122   0x00000002   PAD
    0x00000124   0x00000124   0x0000001c   Code   RO          842    !!handler_zi        c_w.l(__scatter_zi.o)
    0x00000140   0x00000140   0x00000002   Code   RO          708    .ARM.Collect$$libinit$$00000000  c_w.l(libinit.o)
    0x00000142   0x00000142   0x00000000   Code   RO          721    .ARM.Collect$$libinit$$00000002  c_w.l(libinit2.o)
    0x00000142   0x00000142   0x00000000   Code   RO          723    .ARM.Collect$$libinit$$00000004  c_w.l(libinit2.o)
    0x00000142   0x00000142   0x00000000   Code   RO          726    .ARM.Collect$$libinit$$0000000A  c_w.l(libinit2.o)
    0x00000142   0x00000142   0x00000000   Code   RO          728    .ARM.Collect$$libinit$$0000000C  c_w.l(libinit2.o)
    0x00000142   0x00000142   0x00000000   Code   RO          730    .ARM.Collect$$libinit$$0000000E  c_w.l(libinit2.o)
    0x00000142   0x00000142   0x00000000   Code   RO          733    .ARM.Collect$$libinit$$00000011  c_w.l(libinit2.o)
    0x00000142   0x00000142   0x00000000   Code   RO          735    .ARM.Collect$$libinit$$00000013  c_w.l(libinit2.o)
    0x00000142   0x00000142   0x00000000   Code   RO          737    .ARM.Collect$$libinit$$00000015  c_w.l(libinit2.o)
    0x00000142   0x00000142   0x00000000   Code   RO          739    .ARM.Collect$$libinit$$00000017  c_w.l(libinit2.o)
    0x00000142   0x00000142   0x00000000   Code   RO          741    .ARM.Collect$$libinit$$00000019  c_w.l(libinit2.o)
    0x00000142   0x00000142   0x00000000   Code   RO          743    .ARM.Collect$$libinit$$0000001B  c_w.l(libinit2.o)
    0x00000142   0x00000142   0x00000000   Code   RO          745    .ARM.Collect$$libinit$$0000001D  c_w.l(libinit2.o)
    0x00000142   0x00000142   0x00000000   Code   RO          747    .ARM.Collect$$libinit$$0000001F  c_w.l(libinit2.o)
    0x00000142   0x00000142   0x00000000   Code   RO          749    .ARM.Collect$$libinit$$00000021  c_w.l(libinit2.o)
    0x00000142   0x00000142   0x00000000   Code   RO          751    .ARM.Collect$$libinit$$00000023  c_w.l(libinit2.o)
    0x00000142   0x00000142   0x00000000   Code   RO          753    .ARM.Collect$$libinit$$00000025  c_w.l(libinit2.o)
    0x00000142   0x00000142   0x00000000   Code   RO          757    .ARM.Collect$$libinit$$0000002C  c_w.l(libinit2.o)
    0x00000142   0x00000142   0x00000000   Code   RO          759    .ARM.Collect$$libinit$$0000002E  c_w.l(libinit2.o)
    0x00000142   0x00000142   0x00000000   Code   RO          761    .ARM.Collect$$libinit$$00000030  c_w.l(libinit2.o)
    0x00000142   0x00000142   0x00000000   Code   RO          763    .ARM.Collect$$libinit$$00000032  c_w.l(libinit2.o)
    0x00000142   0x00000142   0x00000002   Code   RO          764    .ARM.Collect$$libinit$$00000033  c_w.l(libinit2.o)
    0x00000144   0x00000144   0x00000002   Code   RO          795    .ARM.Collect$$libshutdown$$00000000  c_w.l(libshutdown.o)
    0x00000146   0x00000146   0x00000000   Code   RO          821    .ARM.Collect$$libshutdown$$00000002  c_w.l(libshutdown2.o)
    0x00000146   0x00000146   0x00000000   Code   RO          823    .ARM.Collect$$libshutdown$$00000004  c_w.l(libshutdown2.o)
    0x00000146   0x00000146   0x00000000   Code   RO          826    .ARM.Collect$$libshutdown$$00000007  c_w.l(libshutdown2.o)
    0x00000146   0x00000146   0x00000000   Code   RO          829    .ARM.Collect$$libshutdown$$0000000A  c_w.l(libshutdown2.o)
    0x00000146   0x00000146   0x00000000   Code   RO          831    .ARM.Collect$$libshutdown$$0000000C  c_w.l(libshutdown2.o)
    0x00000146   0x00000146   0x00000000   Code   RO          834    .ARM.Collect$$libshutdown$$0000000F  c_w.l(libshutdown2.o)
    0x00000146   0x00000146   0x00000002   Code   RO          835    .ARM.Collect$$libshutdown$$00000010  c_w.l(libshutdown2.o)
    0x00000148   0x00000148   0x00000000   Code   RO          673    .ARM.Collect$$rtentry$$00000000  c_w.l(__rtentry.o)
    0x00000148   0x00000148   0x00000000   Code   RO          679    .ARM.Collect$$rtentry$$00000002  c_w.l(__rtentry2.o)
    0x00000148   0x00000148   0x00000006   Code   RO          691    .ARM.Collect$$rtentry$$00000004  c_w.l(__rtentry4.o)
    0x0000014e   0x0000014e   0x00000000   Code   RO          681    .ARM.Collect$$rtentry$$00000009  c_w.l(__rtentry2.o)
    0x0000014e   0x0000014e   0x00000004   Code   RO          682    .ARM.Collect$$rtentry$$0000000A  c_w.l(__rtentry2.o)
    0x00000152   0x00000152   0x00000000   Code   RO          684    .ARM.Collect$$rtentry$$0000000C  c_w.l(__rtentry2.o)
    0x00000152   0x00000152   0x00000008   Code   RO          685    .ARM.Collect$$rtentry$$0000000D  c_w.l(__rtentry2.o)
    0x0000015a   0x0000015a   0x00000002   Code   RO          712    .ARM.Collect$$rtexit$$00000000  c_w.l(rtexit.o)
    0x0000015c   0x0000015c   0x00000000   Code   RO          768    .ARM.Collect$$rtexit$$00000002  c_w.l(rtexit2.o)
    0x0000015c   0x0000015c   0x00000004   Code   RO          769    .ARM.Collect$$rtexit$$00000003  c_w.l(rtexit2.o)
    0x00000160   0x00000160   0x00000006   Code   RO          770    .ARM.Collect$$rtexit$$00000004  c_w.l(rtexit2.o)
    0x00000166   0x00000166   0x00000002   PAD
    0x00000168   0x00000168   0x00000038   Code   RO          227    .emb_text           hal.o
    0x000001a0   0x000001a0   0x0000003c   Code   RO          623    .text               startup_lpc17xx.o
    0x000001dc   0x000001dc   0x00000006   Code   RO          669    .text               c_w.l(heapauxi.o)
    0x000001e2   0x000001e2   0x0000004a   Code   RO          695    .text               c_w.l(sys_stackheap_outer.o)
    0x0000022c   0x0000022c   0x00000012   Code   RO          697    .text               c_w.l(exit.o)
    0x0000023e   0x0000023e   0x00000002   PAD
    0x00000240   0x00000240   0x00000008   Code   RO          709    .text               c_w.l(libspace.o)
    0x00000248   0x00000248   0x0000000c   Code   RO          765    .text               c_w.l(sys_exit.o)
    0x00000254   0x00000254   0x00000002   Code   RO          784    .text               c_w.l(use_no_semi.o)
    0x00000256   0x00000256   0x00000000   Code   RO          786    .text               c_w.l(indicate_semi.o)
    0x00000256   0x00000256   0x0000002a   Code   RO          598    i.ae_init           ae2.o
    0x00000280   0x00000280   0x0000006c   Code   RO          599    i.ae_set_proc_info  ae2.o
    0x000002ec   0x000002ec   0x00000004   Code   RO          529    i.nullProc          nullproc.o
    0x000002f0   0x000002f0   0x00000006   Code   RO            5    i.pre_rtx_init      main_svc.o
    0x000002f6   0x000002f6   0x00000006   PAD
    0x000002fc   0x000002fc   0x00000004   Code   RO          622    .ARM.__at_0x02FC    startup_lpc17xx.o
    0x00000300   0x00000300   0x00000140   Code   RO          633    i.SystemInit        system_lpc17xx.o
    0x00000440   0x00000440   0x00000024   Code   RO          237    i.alloc_stack       k_memory.o
    0x00000464   0x00000464   0x00000038   Code   RO          362    i.get_pcb_by_pid    k_process.o
    0x0000049c   0x0000049c   0x00000014   Code   RO           84    i.init_printf       printf.o
    0x000004b0   0x000004b0   0x000000c8   Code   RO          238    i.k_release_memory_block  k_memory.o
    0x00000578   0x00000578   0x00000048   Code   RO          364    i.k_release_processor  k_process.o
    0x000005c0   0x000005c0   0x00000050   Code   RO          239    i.k_request_memory_block  k_memory.o
    0x00000610   0x00000610   0x00000018   Code   RO          240    i.k_request_memory_block_nb  k_memory.o
    0x00000628   0x00000628   0x00000018   Code   RO          460    i.k_rtx_init        k_rtx_init.o
    0x00000640   0x00000640   0x000000b4   Code   RO          365    i.k_set_process_priority  k_process.o
    0x000006f4   0x000006f4   0x0000004c   Code   RO            4    i.main              main_svc.o
    0x00000740   0x00000740   0x00000088   Code   RO          241    i.memory_init       k_memory.o
    0x000007c8   0x000007c8   0x0000003c   Code   RO          484    i.pq_insert         k_priority_queue.o
    0x00000804   0x00000804   0x00000014   Code   RO          242    i.pq_insert_blocked  k_memory.o
    0x00000818   0x00000818   0x0000003c   Code   RO          485    i.pq_insert_front   k_priority_queue.o
    0x00000854   0x00000854   0x00000014   Code   RO          366    i.pq_insert_front_ready  k_process.o
    0x00000868   0x00000868   0x00000014   Code   RO          367    i.pq_insert_ready   k_process.o
    0x0000087c   0x0000087c   0x00000016   Code   RO          487    i.pq_remove         k_priority_queue.o
    0x00000892   0x00000892   0x00000044   Code   RO          488    i.pq_remove_by_pid  k_priority_queue.o
    0x000008d6   0x000008d6   0x00000002   PAD
    0x000008d8   0x000008d8   0x00000014   Code   RO          243    i.pq_remove_by_pid_blocked  k_memory.o
    0x000008ec   0x000008ec   0x00000044   Code   RO          541    i.proc1             ae_proc_2.o
    0x00000930   0x00000930   0x000000c0   Code   RO          542    i.proc2             ae_proc_2.o
    0x000009f0   0x000009f0   0x00000024   Code   RO          543    i.proc3             ae_proc_2.o
    0x00000a14   0x00000a14   0x00000024   Code   RO          544    i.proc4             ae_proc_2.o
    0x00000a38   0x00000a38   0x00000024   Code   RO          545    i.proc5             ae_proc_2.o
    0x00000a5c   0x00000a5c   0x00000024   Code   RO          546    i.proc6             ae_proc_2.o
    0x00000a80   0x00000a80   0x00000164   Code   RO          369    i.process_init      k_process.o
    0x00000be4   0x00000be4   0x00000098   Code   RO          370    i.process_switch    k_process.o
    0x00000c7c   0x00000c7c   0x00000044   Code   RO          146    i.putc              uart_polling.o
    0x00000cc0   0x00000cc0   0x00000030   Code   RO          372    i.scheduler         k_process.o
    0x00000cf0   0x00000cf0   0x0000006c   Code   RO          148    i.uart_init         uart_polling.o
    0x00000d5c   0x00000d5c   0x00000034   Code   RO          149    i.uart_put_char     uart_polling.o
    0x00000d90   0x00000d90   0x00000026   Code   RO          150    i.uart_put_string   uart_polling.o
    0x00000db6   0x00000db6   0x00000002   PAD
    0x00000db8   0x00000db8   0x00000030   Data   RO          836    Region$$Table       anon$$obj.o


    Execution Region RW_IRAM1 (Exec base: 0x10000000, Load base: 0x00000de8, Size: 0x00000200, Max: 0x00008000, ABSOLUTE)

    Exec Addr    Load Addr    Size         Type   Attr      Idx    E Section Name        Object

    0x10000000        -       0x00000200   Zero   RW          619    STACK               startup_lpc17xx.o


    Execution Region RW_IRAM2 (Exec base: 0x2007c000, Load base: 0x00000de8, Size: 0x000000e8, Max: 0x00008000, ABSOLUTE)

    Exec Addr    Load Addr    Size         Type   Attr      Idx    E Section Name        Object

    0x2007c000   0x00000de8   0x00000008   Data   RW           91    .data               printf.o
    0x2007c008   0x00000df0   0x00000010   Data   RW          244    .data               k_memory.o
    0x2007c018   0x00000e00   0x0000000c   Data   RW          374    .data               k_process.o
    0x2007c024        -       0x00000060   Zero   RW          373    .bss                k_process.o
    0x2007c084        -       0x00000060   Zero   RW          710    .bss                c_w.l(libspace.o)
    0x2007c0e4   0x00000e0c   0x00000004   PAD
    0x2007c0e8        -       0x00000000   Zero   RW          620    HEAP                startup_lpc17xx.o


==============================================================================

Image component sizes


      Code (inc. data)   RO Data    RW Data    ZI Data      Debug   Object Name

       150         26          0          0          0       1625   ae2.o
       404        126          0          0          0       3800   ae_proc_2.o
        56          0          0          0          0        348   hal.o
       516         80          0         16          0       5596   k_memory.o
         0          0          0          0          0        866   k_msg.o
       210          0          0          0          0       2449   k_priority_queue.o
       904         68          0         12         96      10295   k_process.o
        24          0          0          0          0        765   k_rtx_init.o
        82         12          0          0          0      23354   main_svc.o
         4          0          0          0          0        375   nullproc.o
        20         10          0          8          0       1002   printf.o
        64         26        204          0        512        996   startup_lpc17xx.o
       320         18          0          0          0        573   system_lpc17xx.o
       266         62          0          0          0       2685   uart_polling.o

    ----------------------------------------------------------------------
      3030        428        252         36        608      54729   Object Totals
         0          0         48          0          0          0   (incl. Generated)
        10          0          0          0          0          0   (incl. Padding)

    ----------------------------------------------------------------------

      Code (inc. data)   RO Data    RW Data    ZI Data      Debug   Library Member Name

         8          0          0          0          0         68   __main.o
         0          0          0          0          0          0   __rtentry.o
        12          0          0          0          0          0   __rtentry2.o
         6          0          0          0          0          0   __rtentry4.o
        52          8          0          0          0          0   __scatter.o
        26          0          0          0          0          0   __scatter_copy.o
        28          0          0          0          0          0   __scatter_zi.o
        18          0          0          0          0         80   exit.o
         6          0          0          0          0        152   heapauxi.o
         0          0          0          0          0          0   indicate_semi.o
         2          0          0          0          0          0   libinit.o
         2          0          0          0          0          0   libinit2.o
         2          0          0          0          0          0   libshutdown.o
         2          0          0          0          0          0   libshutdown2.o
         8          4          0          0         96         68   libspace.o
         2          0          0          0          0          0   rtexit.o
        10          0          0          0          0          0   rtexit2.o
        12          4          0          0          0         68   sys_exit.o
        74          0          0          0          0         80   sys_stackheap_outer.o
         2          0          0          0          0         68   use_no_semi.o

    ----------------------------------------------------------------------
       278         16          0          0        100        584   Library Totals
         6          0          0          0          4          0   (incl. Padding)

    ----------------------------------------------------------------------

      Code (inc. data)   RO Data    RW Data    ZI Data      Debug   Library Name

       272         16          0          0         96        584   c_w.l

    ----------------------------------------------------------------------
       278         16          0          0        100        584   Library Totals

    ----------------------------------------------------------------------

==============================================================================


      Code (inc. data)   RO Data    RW Data    ZI Data      Debug   

      3308        444        252         36        708      53385   Grand Totals
      3308        444        252         36        708      53385   ELF Image Totals
      3308        444        252         36          0          0   ROM Totals

==============================================================================

    Total RO  Size (Code + RO Data)                 3560 (   3.48kB)
    Total RW  Size (RW Data + ZI Data)               744 (   0.73kB)
    Total ROM Size (Code + RO Data + RW Data)       3596 (   3.51kB)

==============================================================================

